Archive member included to satisfy reference by file (symbol)

e:/env_released_1.1.1/env/tools/gnu_gcc/arm_gcc/mingw/bin/../lib/gcc/arm-none-eabi/5.4.1/armv7e-m/fpu\libgcc.a(_arm_addsubdf3.o)
                              build\kernel\components\libc\compilers\minilibc\math.o (__aeabi_dsub)
e:/env_released_1.1.1/env/tools/gnu_gcc/arm_gcc/mingw/bin/../lib/gcc/arm-none-eabi/5.4.1/armv7e-m/fpu\libgcc.a(_arm_muldivdf3.o)
                              build\kernel\components\libc\compilers\minilibc\math.o (__aeabi_dmul)
e:/env_released_1.1.1/env/tools/gnu_gcc/arm_gcc/mingw/bin/../lib/gcc/arm-none-eabi/5.4.1/armv7e-m/fpu\libgcc.a(_arm_fixdfsi.o)
                              build\kernel\components\libc\compilers\minilibc\math.o (__aeabi_d2iz)

Allocating common symbols
Common symbol       size              file

rt_interrupt_to_thread
                    0x4               build\kernel\libcpu\arm\cortex-m4\cpuport.o
rt_interrupt_from_thread
                    0x4               build\kernel\libcpu\arm\cortex-m4\cpuport.o
shell               0x4               build\kernel\components\finsh\shell.o
rt_thread_switch_interrupt_flag
                    0x4               build\kernel\libcpu\arm\cortex-m4\cpuport.o
rt_thread_priority_table
                    0x100             build\kernel\src\scheduler.o
serial1             0x54              build\drivers\usart.o
rt_object_put_hook  0x4               build\kernel\src\object.o
rt_current_priority
                    0x1               build\kernel\src\scheduler.o
rt_assert_hook      0x4               build\kernel\src\kservice.o
rt_object_take_hook
                    0x4               build\kernel\src\object.o
rt_current_thread   0x4               build\kernel\src\scheduler.o
rt_thread_ready_priority_group
                    0x4               build\kernel\src\scheduler.o
rt_thread_defunct   0x8               build\kernel\src\scheduler.o
rt_object_trytake_hook
                    0x4               build\kernel\src\object.o

Discarded input sections

 .text          0x00000000        0x0 build\applications\application.o
 .data          0x00000000        0x0 build\applications\application.o
 .bss           0x00000000        0x0 build\applications\application.o
 .text          0x00000000        0x0 build\applications\startup.o
 .data          0x00000000        0x0 build\applications\startup.o
 .bss           0x00000000        0x0 build\applications\startup.o
 .text          0x00000000        0x0 build\drivers\board.o
 .data          0x00000000        0x0 build\drivers\board.o
 .bss           0x00000000        0x0 build\drivers\board.o
 .text          0x00000000        0x0 build\drivers\stm32f4xx_it.o
 .data          0x00000000        0x0 build\drivers\stm32f4xx_it.o
 .bss           0x00000000        0x0 build\drivers\stm32f4xx_it.o
 .text          0x00000000        0x0 build\drivers\usart.o
 .data          0x00000000        0x0 build\drivers\usart.o
 .bss           0x00000000        0x0 build\drivers\usart.o
 .text          0x00000000        0x0 build\drivers\gpio.o
 .data          0x00000000        0x0 build\drivers\gpio.o
 .bss           0x00000000        0x0 build\drivers\gpio.o
 .text          0x00000000        0x0 build\Libraries\CMSIS\ST\STM32F4xx\Source\Templates\system_stm32f4xx.o
 .data          0x00000000        0x0 build\Libraries\CMSIS\ST\STM32F4xx\Source\Templates\system_stm32f4xx.o
 .bss           0x00000000        0x0 build\Libraries\CMSIS\ST\STM32F4xx\Source\Templates\system_stm32f4xx.o
 .data.SystemCoreClock
                0x00000000        0x4 build\Libraries\CMSIS\ST\STM32F4xx\Source\Templates\system_stm32f4xx.o
 .data.AHBPrescTable
                0x00000000       0x10 build\Libraries\CMSIS\ST\STM32F4xx\Source\Templates\system_stm32f4xx.o
 .text.SystemCoreClockUpdate
                0x00000000       0xfc build\Libraries\CMSIS\ST\STM32F4xx\Source\Templates\system_stm32f4xx.o
 .text          0x00000000        0x0 build\Libraries\STM32F4xx_StdPeriph_Driver\src\misc.o
 .data          0x00000000        0x0 build\Libraries\STM32F4xx_StdPeriph_Driver\src\misc.o
 .bss           0x00000000        0x0 build\Libraries\STM32F4xx_StdPeriph_Driver\src\misc.o
 .text.NVIC_SystemLPConfig
                0x00000000       0x70 build\Libraries\STM32F4xx_StdPeriph_Driver\src\misc.o
 .text          0x00000000        0x0 build\Libraries\STM32F4xx_StdPeriph_Driver\src\stm32f4xx_adc.o
 .data          0x00000000        0x0 build\Libraries\STM32F4xx_StdPeriph_Driver\src\stm32f4xx_adc.o
 .bss           0x00000000        0x0 build\Libraries\STM32F4xx_StdPeriph_Driver\src\stm32f4xx_adc.o
 .text.ADC_DeInit
                0x00000000       0x1c build\Libraries\STM32F4xx_StdPeriph_Driver\src\stm32f4xx_adc.o
 .rodata        0x00000000       0x39 build\Libraries\STM32F4xx_StdPeriph_Driver\src\stm32f4xx_adc.o
 .text.ADC_Init
                0x00000000      0x23c build\Libraries\STM32F4xx_StdPeriph_Driver\src\stm32f4xx_adc.o
 .text.ADC_StructInit
[...]
Memory Configuration

Name             Origin             Length             Attributes
CODE             0x08000000         0x00100000         xr
DATA             0x20000000         0x00020000         rw
*default*        0x00000000         0xffffffff

Linker script and memory map

LOAD e:/env_released_1.1.1/env/tools/gnu_gcc/arm_gcc/mingw/bin/../lib/gcc/arm-none-eabi/5.4.1/../../../../arm-none-eabi/lib/armv7e-m/fpu\libm.a
LOAD e:/env_released_1.1.1/env/tools/gnu_gcc/arm_gcc/mingw/bin/../lib/gcc/arm-none-eabi/5.4.1/armv7e-m/fpu\libgcc.a
LOAD e:/env_released_1.1.1/env/tools/gnu_gcc/arm_gcc/mingw/bin/../lib/gcc/arm-none-eabi/5.4.1/../../../../arm-none-eabi/lib/armv7e-m/fpu\libc.a
LOAD build\applications\application.o
LOAD build\applications\startup.o
LOAD build\drivers\board.o
LOAD build\drivers\stm32f4xx_it.o
LOAD build\drivers\usart.o
LOAD build\drivers\gpio.o
LOAD build\Libraries\CMSIS\ST\STM32F4xx\Source\Templates\system_stm32f4xx.o
LOAD build\Libraries\STM32F4xx_StdPeriph_Driver\src\misc.o
LOAD build\Libraries\STM32F4xx_StdPeriph_Driver\src\stm32f4xx_adc.o
LOAD build\Libraries\STM32F4xx_StdPeriph_Driver\src\stm32f4xx_can.o
LOAD build\Libraries\STM32F4xx_StdPeriph_Driver\src\stm32f4xx_crc.o
LOAD build\Libraries\STM32F4xx_StdPeriph_Driver\src\stm32f4xx_cryp.o
LOAD build\Libraries\STM32F4xx_StdPeriph_Driver\src\stm32f4xx_cryp_aes.o
LOAD build\Libraries\STM32F4xx_StdPeriph_Driver\src\stm32f4xx_cryp_des.o
LOAD build\Libraries\STM32F4xx_StdPeriph_Driver\src\stm32f4xx_cryp_tdes.o
LOAD build\Libraries\STM32F4xx_StdPeriph_Driver\src\stm32f4xx_dac.o
LOAD build\Libraries\STM32F4xx_StdPeriph_Driver\src\stm32f4xx_dbgmcu.o
LOAD build\Libraries\STM32F4xx_StdPeriph_Driver\src\stm32f4xx_dcmi.o
LOAD build\Libraries\STM32F4xx_StdPeriph_Driver\src\stm32f4xx_dma.o
LOAD build\Libraries\STM32F4xx_StdPeriph_Driver\src\stm32f4xx_exti.o
LOAD build\Libraries\STM32F4xx_StdPeriph_Driver\src\stm32f4xx_flash.o
LOAD build\Libraries\STM32F4xx_StdPeriph_Driver\src\stm32f4xx_fsmc.o
LOAD build\Libraries\STM32F4xx_StdPeriph_Driver\src\stm32f4xx_gpio.o
LOAD build\Libraries\STM32F4xx_StdPeriph_Driver\src\stm32f4xx_hash.o
LOAD build\Libraries\STM32F4xx_StdPeriph_Driver\src\stm32f4xx_hash_md5.o
LOAD build\Libraries\STM32F4xx_StdPeriph_Driver\src\stm32f4xx_hash_sha1.o
LOAD build\Libraries\STM32F4xx_StdPeriph_Driver\src\stm32f4xx_i2c.o
LOAD build\Libraries\STM32F4xx_StdPeriph_Driver\src\stm32f4xx_iwdg.o
LOAD build\Libraries\STM32F4xx_StdPeriph_Driver\src\stm32f4xx_pwr.o
LOAD build\Libraries\STM32F4xx_StdPeriph_Driver\src\stm32f4xx_rcc.o
LOAD build\Libraries\STM32F4xx_StdPeriph_Driver\src\stm32f4xx_rng.o
LOAD build\Libraries\STM32F4xx_StdPeriph_Driver\src\stm32f4xx_rtc.o
LOAD build\Libraries\STM32F4xx_StdPeriph_Driver\src\stm32f4xx_sdio.o
LOAD build\Libraries\STM32F4xx_StdPeriph_Driver\src\stm32f4xx_spi.o
LOAD build\Libraries\STM32F4xx_StdPeriph_Driver\src\stm32f4xx_syscfg.o
LOAD build\Libraries\STM32F4xx_StdPeriph_Driver\src\stm32f4xx_tim.o
LOAD build\Libraries\STM32F4xx_StdPeriph_Driver\src\stm32f4xx_usart.o
LOAD build\Libraries\STM32F4xx_StdPeriph_Driver\src\stm32f4xx_wwdg.o
LOAD build\Libraries\CMSIS\ST\STM32F4xx\Source\Templates\gcc_ride7\startup_stm32f4xx.o
LOAD build\kernel\src\clock.o
LOAD build\kernel\src\cpu.o
LOAD build\kernel\src\device.o
LOAD build\kernel\src\idle.o
LOAD build\kernel\src\ipc.o
LOAD build\kernel\src\irq.o
LOAD build\kernel\src\kservice.o
LOAD build\kernel\src\mem.o
LOAD build\kernel\src\mempool.o
LOAD build\kernel\src\object.o
LOAD build\kernel\src\scheduler.o
LOAD build\kernel\src\signal.o
LOAD build\kernel\src\thread.o
LOAD build\kernel\src\timer.o
LOAD build\kernel\libcpu\arm\common\backtrace.o
LOAD build\kernel\libcpu\arm\common\div0.o
LOAD build\kernel\libcpu\arm\common\showmem.o
LOAD build\kernel\libcpu\arm\cortex-m4\cpuport.o
LOAD build\kernel\libcpu\arm\cortex-m4\context_gcc.o
LOAD build\kernel\components\drivers\misc\pin.o
LOAD build\kernel\components\drivers\serial\serial.o
LOAD build\kernel\components\drivers\src\completion.o
LOAD build\kernel\components\drivers\src\dataqueue.o
LOAD build\kernel\components\drivers\src\pipe.o
LOAD build\kernel\components\drivers\src\ringblk_buf.o
LOAD build\kernel\components\drivers\src\ringbuffer.o
LOAD build\kernel\components\drivers\src\waitqueue.o
LOAD build\kernel\components\drivers\src\workqueue.o
LOAD build\kernel\components\finsh\shell.o
LOAD build\kernel\components\finsh\symbol.o
LOAD build\kernel\components\finsh\cmd.o
LOAD build\kernel\components\finsh\msh.o
LOAD build\kernel\components\finsh\msh_cmd.o
LOAD build\kernel\components\finsh\msh_file.o
LOAD build\kernel\components\libc\compilers\minilibc\ctype.o
LOAD build\kernel\components\libc\compilers\minilibc\math.o
LOAD build\kernel\components\libc\compilers\minilibc\qsort.o
LOAD build\kernel\components\libc\compilers\minilibc\rand.o
LOAD build\kernel\components\libc\compilers\minilibc\stdlib.o
LOAD build\kernel\components\libc\compilers\minilibc\string.o
LOAD build\kernel\components\libc\compilers\minilibc\time.o
START GROUP
LOAD e:/env_released_1.1.1/env/tools/gnu_gcc/arm_gcc/mingw/bin/../lib/gcc/arm-none-eabi/5.4.1/armv7e-m/fpu\libgcc.a
LOAD e:/env_released_1.1.1/env/tools/gnu_gcc/arm_gcc/mingw/bin/../lib/gcc/arm-none-eabi/5.4.1/../../../../arm-none-eabi/lib/armv7e-m/fpu\libc.a
END GROUP
                0x00000200                _system_stack_size = 0x200

.text           0x08000000     0xcd9c
                0x08000000                . = ALIGN (0x4)
                0x08000000                _stext = .
 *(.isr_vector)
 .isr_vector    0x08000000      0x188 build\Libraries\CMSIS\ST\STM32F4xx\Source\Templates\gcc_ride7\startup_stm32f4xx.o
                0x08000000                g_pfnVectors
                0x08000188                . = ALIGN (0x4)
 *(.text)
 .text          0x08000188      0x138 build\kernel\libcpu\arm\cortex-m4\context_gcc.o
                0x08000188                rt_hw_interrupt_disable
                0x08000190                rt_hw_interrupt_enable
                0x08000196                rt_hw_context_switch_interrupt
                0x08000196                rt_hw_context_switch
                0x080001b6                PendSV_Handler
                0x08000222                rt_hw_context_switch_to
                0x0800026a                rt_hw_interrupt_thread_switch
                0x0800026e                HardFault_Handler
 *(.text.*)
 .text.rt_init_thread_entry
                0x080002c0       0x14 build\applications\application.o
                0x080002c0                rt_init_thread_entry
 .text.rt_application_init
                0x080002d4       0x3c build\applications\application.o
                0x080002d4                rt_application_init
 .text.assert_failed
                0x08000310       0x30 build\applications\startup.o
                0x08000310                assert_failed
 .text.rtthread_startup
                0x08000340       0x50 build\applications\startup.o
                0x08000340                rtthread_startup
 .text.main     0x08000390       0x14 build\applications\startup.o
                0x08000390                main
 .text.NVIC_SetPriority
                0x080003a4       0x54 build\drivers\board.o
 .text.SysTick_Config
                0x080003f8       0x44 build\drivers\board.o
 .text.NVIC_Configuration
                0x0800043c       0x1c build\drivers\board.o
                0x0800043c                NVIC_Configuration
 .text.SysTick_Configuration
                0x08000458       0x3c build\drivers\board.o
                0x08000458                SysTick_Configuration
 .text.SysTick_Handler
                0x08000494       0x14 build\drivers\board.o
                0x08000494                SysTick_Handler
 .text.rt_hw_board_init
                0x080004a8       0x24 build\drivers\board.o
                0x080004a8                rt_hw_board_init
 .text.NMI_Handler
                0x080004cc       0x10 build\drivers\stm32f4xx_it.o
                0x080004cc                NMI_Handler
 .text.MemManage_Handler
                0x080004dc        0x8 build\drivers\stm32f4xx_it.o
                0x080004dc                MemManage_Handler
 .text.BusFault_Handler
                0x080004e4        0x8 build\drivers\stm32f4xx_it.o
                0x080004e4                BusFault_Handler
 .text.UsageFault_Handler
                0x080004ec        0x8 build\drivers\stm32f4xx_it.o
                0x080004ec                UsageFault_Handler
 .text.SVC_Handler
                0x080004f4       0x10 build\drivers\stm32f4xx_it.o
                0x080004f4                SVC_Handler
 .text.NVIC_EnableIRQ
                0x08000504       0x34 build\drivers\usart.o
 .text.NVIC_DisableIRQ
                0x08000538       0x34 build\drivers\usart.o
 .text.stm32_configure
                0x0800056c      0x100 build\drivers\usart.o
 .text.stm32_control
                0x0800066c       0x94 build\drivers\usart.o
 .text.stm32_putc
                0x08000700       0x50 build\drivers\usart.o
 .text.stm32_getc
                0x08000750       0x54 build\drivers\usart.o
 .text.dma_uart_config
                0x080007a4       0x98 build\drivers\usart.o
 .text.dma_uart_rx_idle_isr
                0x0800083c       0x68 build\drivers\usart.o
 .text.dma_rx_done_isr
                0x080008a4       0x70 build\drivers\usart.o
 .text.uart_isr
                0x08000914       0xb0 build\drivers\usart.o
 .text.USART1_IRQHandler
                0x080009c4       0x1c build\drivers\usart.o
                0x080009c4                USART1_IRQHandler
 .text.DMA2_Stream5_IRQHandler
                0x080009e0       0x1c build\drivers\usart.o
                0x080009e0                DMA2_Stream5_IRQHandler
 .text.RCC_Configuration
                0x080009fc       0x18 build\drivers\usart.o
 .text.GPIO_Configuration
                0x08000a14       0x44 build\drivers\usart.o
 .text.NVIC_Configuration
                0x08000a58       0x30 build\drivers\usart.o
 .text.DMA_Configuration
                0x08000a88       0xac build\drivers\usart.o
 .text.stm32_hw_usart_init
                0x08000b34       0x64 build\drivers\usart.o
                0x08000b34                stm32_hw_usart_init
 .text.get_pin  0x08000b98       0x34 build\drivers\gpio.o
                0x08000b98                get_pin
 .text.stm32_pin_write
                0x08000bcc       0x54 build\drivers\gpio.o
                0x08000bcc                stm32_pin_write
 .text.stm32_pin_read
                0x08000c20       0x50 build\drivers\gpio.o
                0x08000c20                stm32_pin_read
 .text.stm32_pin_mode
                0x08000c70       0x8c build\drivers\gpio.o
                0x08000c70                stm32_pin_mode
 .text.stm32_hw_pin_init
                0x08000cfc       0x1c build\drivers\gpio.o
                0x08000cfc                stm32_hw_pin_init
 .text.SystemInit
                0x08000d18       0x6c build\Libraries\CMSIS\ST\STM32F4xx\Source\Templates\system_stm32f4xx.o
                0x08000d18                SystemInit
 .text.SetSysClock
                0x08000d84       0xf8 build\Libraries\CMSIS\ST\STM32F4xx\Source\Templates\system_stm32f4xx.o
 .text.NVIC_PriorityGroupConfig
                0x08000e7c       0x58 build\Libraries\STM32F4xx_StdPeriph_Driver\src\misc.o
                0x08000e7c                NVIC_PriorityGroupConfig
 .text.NVIC_Init
                0x08000ed4       0xfc build\Libraries\STM32F4xx_StdPeriph_Driver\src\misc.o
                0x08000ed4                NVIC_Init
 .text.NVIC_SetVectorTable
                0x08000fd0       0x58 build\Libraries\STM32F4xx_StdPeriph_Driver\src\misc.o
                0x08000fd0                NVIC_SetVectorTable
 .text.SysTick_CLKSourceConfig
                0x08001028       0x50 build\Libraries\STM32F4xx_StdPeriph_Driver\src\misc.o
                0x08001028                SysTick_CLKSourceConfig
 .text.DMA_DeInit
                0x08001078      0x230 build\Libraries\STM32F4xx_StdPeriph_Driver\src\stm32f4xx_dma.o
                0x08001078                DMA_DeInit
 .text.DMA_Init
                0x080012a8      0x388 build\Libraries\STM32F4xx_StdPeriph_Driver\src\stm32f4xx_dma.o
                0x080012a8                DMA_Init
 .text.DMA_Cmd  0x08001630      0x118 build\Libraries\STM32F4xx_StdPeriph_Driver\src\stm32f4xx_dma.o
                0x08001630                DMA_Cmd
 .text.DMA_GetCurrDataCounter
                0x08001748       0xe4 build\Libraries\STM32F4xx_StdPeriph_Driver\src\stm32f4xx_dma.o
                0x08001748                DMA_GetCurrDataCounter
 .text.DMA_GetCmdStatus
                0x0800182c       0xfc build\Libraries\STM32F4xx_StdPeriph_Driver\src\stm32f4xx_dma.o
                0x0800182c                DMA_GetCmdStatus
 .text.DMA_GetFlagStatus
                0x08001928      0x310 build\Libraries\STM32F4xx_StdPeriph_Driver\src\stm32f4xx_dma.o
                0x08001928                DMA_GetFlagStatus
 .text.DMA_ClearFlag
                0x08001c38      0x15c build\Libraries\STM32F4xx_StdPeriph_Driver\src\stm32f4xx_dma.o
                0x08001c38                DMA_ClearFlag
 .text.DMA_ITConfig
                0x08001d94      0x170 build\Libraries\STM32F4xx_StdPeriph_Driver\src\stm32f4xx_dma.o
                0x08001d94                DMA_ITConfig
 .text.GPIO_Init
                0x08001f04      0x22c build\Libraries\STM32F4xx_StdPeriph_Driver\src\stm32f4xx_gpio.o
                0x08001f04                GPIO_Init
 .text.GPIO_ReadInputDataBit
                0x08002130      0x124 build\Libraries\STM32F4xx_StdPeriph_Driver\src\stm32f4xx_gpio.o
                0x08002130                GPIO_ReadInputDataBit
 .text.GPIO_SetBits
                0x08002254       0xa4 build\Libraries\STM32F4xx_StdPeriph_Driver\src\stm32f4xx_gpio.o
                0x08002254                GPIO_SetBits
 .text.GPIO_ResetBits
                0x080022f8       0xa4 build\Libraries\STM32F4xx_StdPeriph_Driver\src\stm32f4xx_gpio.o
                0x080022f8                GPIO_ResetBits
 .text.GPIO_PinAFConfig
                0x0800239c      0x254 build\Libraries\STM32F4xx_StdPeriph_Driver\src\stm32f4xx_gpio.o
                0x0800239c                GPIO_PinAFConfig
 .text.RCC_GetClocksFreq
                0x080025f0      0x154 build\Libraries\STM32F4xx_StdPeriph_Driver\src\stm32f4xx_rcc.o
                0x080025f0                RCC_GetClocksFreq
 .text.RCC_AHB1PeriphClockCmd
                0x08002744       0x74 build\Libraries\STM32F4xx_StdPeriph_Driver\src\stm32f4xx_rcc.o
                0x08002744                RCC_AHB1PeriphClockCmd
 .text.RCC_APB2PeriphClockCmd
                0x080027b8       0x74 build\Libraries\STM32F4xx_StdPeriph_Driver\src\stm32f4xx_rcc.o
                0x080027b8                RCC_APB2PeriphClockCmd
 .text.USART_Init
                0x0800282c      0x2cc build\Libraries\STM32F4xx_StdPeriph_Driver\src\stm32f4xx_usart.o
                0x0800282c                USART_Init
 .text.USART_Cmd
                0x08002af8       0xa8 build\Libraries\STM32F4xx_StdPeriph_Driver\src\stm32f4xx_usart.o
                0x08002af8                USART_Cmd
 .text.USART_ReceiveData
                0x08002ba0       0x74 build\Libraries\STM32F4xx_StdPeriph_Driver\src\stm32f4xx_usart.o
                0x08002ba0                USART_ReceiveData
 .text.USART_DMACmd
                0x08002c14       0xcc build\Libraries\STM32F4xx_StdPeriph_Driver\src\stm32f4xx_usart.o
                0x08002c14                USART_DMACmd
 .text.USART_ITConfig
                0x08002ce0      0x180 build\Libraries\STM32F4xx_StdPeriph_Driver\src\stm32f4xx_usart.o
                0x08002ce0                USART_ITConfig
 .text.USART_GetFlagStatus
                0x08002e60      0x108 build\Libraries\STM32F4xx_StdPeriph_Driver\src\stm32f4xx_usart.o
                0x08002e60                USART_GetFlagStatus
 .text.USART_GetITStatus
                0x08002f68      0x1b4 build\Libraries\STM32F4xx_StdPeriph_Driver\src\stm32f4xx_usart.o
                0x08002f68                USART_GetITStatus
 .text.USART_ClearITPendingBit
                0x0800311c       0xf4 build\Libraries\STM32F4xx_StdPeriph_Driver\src\stm32f4xx_usart.o
                0x0800311c                USART_ClearITPendingBit
 .text.Reset_Handler
                0x08003210       0x44 build\Libraries\CMSIS\ST\STM32F4xx\Source\Templates\gcc_ride7\startup_stm32f4xx.o
                0x08003210                Reset_Handler
 .text.Default_Handler
                0x08003254        0x2 build\Libraries\CMSIS\ST\STM32F4xx\Source\Templates\gcc_ride7\startup_stm32f4xx.o
                0x08003254                RTC_Alarm_IRQHandler
                0x08003254                HASH_RNG_IRQHandler
                0x08003254                EXTI2_IRQHandler
                0x08003254                TIM8_CC_IRQHandler
                0x08003254                DebugMon_Handler
                0x08003254                TIM1_CC_IRQHandler
                0x08003254                DMA1_Stream5_IRQHandler
                0x08003254                PVD_IRQHandler
                0x08003254                SDIO_IRQHandler
                0x08003254                TAMP_STAMP_IRQHandler
                0x08003254                CAN2_RX1_IRQHandler
                0x08003254                EXTI3_IRQHandler
                0x08003254                TIM8_TRG_COM_TIM14_IRQHandler
                0x08003254                TIM1_UP_TIM10_IRQHandler
                0x08003254                TIM8_UP_TIM13_IRQHandler
                0x08003254                I2C3_ER_IRQHandler
                0x08003254                EXTI0_IRQHandler
                0x08003254                I2C2_EV_IRQHandler
                0x08003254                DMA1_Stream2_IRQHandler
                0x08003254                CAN1_RX0_IRQHandler
                0x08003254                FPU_IRQHandler
                0x08003254                OTG_HS_WKUP_IRQHandler
                0x08003254                CAN2_SCE_IRQHandler
                0x08003254                DMA2_Stream2_IRQHandler
                0x08003254                SPI1_IRQHandler
                0x08003254                TIM6_DAC_IRQHandler
                0x08003254                TIM1_BRK_TIM9_IRQHandler
                0x08003254                DCMI_IRQHandler
                0x08003254                CAN2_RX0_IRQHandler
                0x08003254                DMA2_Stream3_IRQHandler
                0x08003254                USART6_IRQHandler
                0x08003254                USART3_IRQHandler
                0x08003254                CRYP_IRQHandler
                0x08003254                CAN1_RX1_IRQHandler
                0x08003254                UART5_IRQHandler
                0x08003254                DMA2_Stream0_IRQHandler
                0x08003254                TIM4_IRQHandler
                0x08003254                I2C1_EV_IRQHandler
                0x08003254                DMA1_Stream6_IRQHandler
                0x08003254                DMA1_Stream1_IRQHandler
                0x08003254                UART4_IRQHandler
                0x08003254                TIM3_IRQHandler
                0x08003254                RCC_IRQHandler
                0x08003254                TIM8_BRK_TIM12_IRQHandler
                0x08003254                Default_Handler
                0x08003254                EXTI15_10_IRQHandler
                0x08003254                ADC_IRQHandler
                0x08003254                DMA1_Stream7_IRQHandler
                0x08003254                TIM7_IRQHandler
                0x08003254                CAN2_TX_IRQHandler
                0x08003254                TIM5_IRQHandler
                0x08003254                DMA2_Stream7_IRQHandler
                0x08003254                I2C3_EV_IRQHandler
                0x08003254                EXTI9_5_IRQHandler
                0x08003254                RTC_WKUP_IRQHandler
                0x08003254                ETH_WKUP_IRQHandler
                0x08003254                SPI2_IRQHandler
                0x08003254                OTG_HS_EP1_IN_IRQHandler
                0x08003254                DMA1_Stream0_IRQHandler
                0x08003254                CAN1_TX_IRQHandler
                0x08003254                EXTI4_IRQHandler
                0x08003254                FSMC_IRQHandler
                0x08003254                ETH_IRQHandler
                0x08003254                OTG_HS_EP1_OUT_IRQHandler
                0x08003254                WWDG_IRQHandler
                0x08003254                TIM2_IRQHandler
                0x08003254                OTG_FS_WKUP_IRQHandler
                0x08003254                TIM1_TRG_COM_TIM11_IRQHandler
                0x08003254                OTG_HS_IRQHandler
                0x08003254                EXTI1_IRQHandler
                0x08003254                USART2_IRQHandler
                0x08003254                I2C2_ER_IRQHandler
                0x08003254                DMA2_Stream1_IRQHandler
                0x08003254                CAN1_SCE_IRQHandler
                0x08003254                FLASH_IRQHandler
                0x08003254                DMA2_Stream4_IRQHandler
                0x08003254                OTG_FS_IRQHandler
                0x08003254                SPI3_IRQHandler
                0x08003254                DMA1_Stream4_IRQHandler
                0x08003254                I2C1_ER_IRQHandler
                0x08003254                DMA2_Stream6_IRQHandler
                0x08003254                DMA1_Stream3_IRQHandler
 *fill*         0x08003256        0x2 00000000
 .text.rt_system_tick_init
                0x08003258       0x10 build\kernel\src\clock.o
                0x08003258                rt_system_tick_init
 .text.rt_tick_get
                0x08003268       0x18 build\kernel\src\clock.o
                0x08003268                rt_tick_get
 .text.rt_tick_increase
                0x08003280       0x44 build\kernel\src\clock.o
                0x08003280                rt_tick_increase
 .text.rt_device_register
                0x080032c4       0x54 build\kernel\src\device.o
                0x080032c4                rt_device_register
 .text.rt_device_find
                0x08003318       0x90 build\kernel\src\device.o
                0x08003318                rt_device_find
 .text.rt_device_open
                0x080033a8      0x11c build\kernel\src\device.o
                0x080033a8                rt_device_open
 .text.rt_device_close
                0x080034c4       0x9c build\kernel\src\device.o
                0x080034c4                rt_device_close
 .text.rt_device_read
                0x08003560       0x88 build\kernel\src\device.o
                0x08003560                rt_device_read
 .text.rt_device_write
                0x080035e8       0x88 build\kernel\src\device.o
                0x080035e8                rt_device_write
 .text.rt_device_set_rx_indicate
                0x08003670       0x54 build\kernel\src\device.o
                0x08003670                rt_device_set_rx_indicate
 .text.rt_list_remove
                0x080036c4       0x38 build\kernel\src\idle.o
 .text._has_defunct_thread
                0x080036fc       0x2c build\kernel\src\idle.o
 .text.rt_thread_idle_excute
                0x08003728       0xc8 build\kernel\src\idle.o
                0x08003728                rt_thread_idle_excute
 .text.rt_thread_idle_entry
                0x080037f0       0x3c build\kernel\src\idle.o
 .text.rt_thread_idle_init
                0x0800382c       0x74 build\kernel\src\idle.o
                0x0800382c                rt_thread_idle_init
 .text.rt_list_init
                0x080038a0       0x24 build\kernel\src\ipc.o
 .text.rt_list_insert_before
                0x080038c4       0x34 build\kernel\src\ipc.o
 .text.rt_list_isempty
                0x080038f8       0x24 build\kernel\src\ipc.o
 .text.rt_ipc_object_init
                0x0800391c       0x1c build\kernel\src\ipc.o
 .text.rt_ipc_list_suspend
                0x08003938       0x90 build\kernel\src\ipc.o
 .text.rt_ipc_list_resume
                0x080039c8       0x20 build\kernel\src\ipc.o
 .text.rt_sem_init
                0x080039e8       0x54 build\kernel\src\ipc.o
                0x080039e8                rt_sem_init
 .text.rt_sem_take
                0x08003a3c      0x160 build\kernel\src\ipc.o
                0x08003a3c                rt_sem_take
 .text.rt_sem_release
                0x08003b9c       0xa0 build\kernel\src\ipc.o
                0x08003b9c                rt_sem_release
 .text.rt_interrupt_enter
                0x08003c3c       0x40 build\kernel\src\irq.o
                0x08003c3c                rt_interrupt_enter
 .text.rt_interrupt_leave
                0x08003c7c       0x40 build\kernel\src\irq.o
                0x08003c7c                rt_interrupt_leave
 .text.rt_interrupt_get_nest
                0x08003cbc       0x28 build\kernel\src\irq.o
                0x08003cbc                rt_interrupt_get_nest
 .text.rt_set_errno
                0x08003ce4       0x40 build\kernel\src\kservice.o
                0x08003ce4                rt_set_errno
 .text.rt_memset
                0x08003d24       0xb8 build\kernel\src\kservice.o
                0x08003d24                rt_memset
                0x08003d24                memset
 .text.rt_memcpy
                0x08003ddc       0xd4 build\kernel\src\kservice.o
                0x08003ddc                rt_memcpy
                0x08003ddc                memcpy
 .text.rt_memmove
                0x08003eb0       0x84 build\kernel\src\kservice.o
                0x08003eb0                rt_memmove
                0x08003eb0                memmove
 .text.rt_memcmp
                0x08003f34       0x58 build\kernel\src\kservice.o
                0x08003f34                rt_memcmp
                0x08003f34                memcmp
 .text.rt_strncpy
                0x08003f8c       0x64 build\kernel\src\kservice.o
                0x08003f8c                rt_strncpy
 .text.rt_strncmp
                0x08003ff0       0x4c build\kernel\src\kservice.o
                0x08003ff0                rt_strncmp
 .text.rt_strlen
                0x0800403c       0x30 build\kernel\src\kservice.o
                0x0800403c                strlen
                0x0800403c                rt_strlen
 .text.rt_show_version
                0x0800406c       0x44 build\kernel\src\kservice.o
                0x0800406c                rt_show_version
 .text.divide   0x080040b0       0x68 build\kernel\src\kservice.o
 .text.skip_atoi
                0x08004118       0x40 build\kernel\src\kservice.o
 .text.print_number
                0x08004158      0x1dc build\kernel\src\kservice.o
 .text.rt_vsnprintf
                0x08004334      0x548 build\kernel\src\kservice.o
                0x08004334                rt_vsnprintf
 .text.rt_vsprintf
                0x0800487c       0x24 build\kernel\src\kservice.o
                0x0800487c                rt_vsprintf
                0x0800487c                vsprintf
 .text.rt_sprintf
                0x080048a0       0x2c build\kernel\src\kservice.o
                0x080048a0                sprintf
                0x080048a0                rt_sprintf
 .text.rt_console_get_device
                0x080048cc       0x18 build\kernel\src\kservice.o
                0x080048cc                rt_console_get_device
 .text.rt_console_set_device
                0x080048e4       0x4c build\kernel\src\kservice.o
                0x080048e4                rt_console_set_device
 .text.rt_hw_console_output
                0x08004930       0x14 build\kernel\src\kservice.o
                0x08004930                rt_hw_console_output
 .text.rt_kprintf
                0x08004944       0x80 build\kernel\src\kservice.o
                0x08004944                rt_kprintf
 .text.__rt_ffs
                0x080049c4       0x70 build\kernel\src\kservice.o
                0x080049c4                __rt_ffs
 .text.rt_assert_handler
                0x08004a34       0x4c build\kernel\src\kservice.o
                0x08004a34                rt_assert_handler
 .text.plug_holes
                0x08004a80      0x100 build\kernel\src\mem.o
 .text.rt_system_heap_init
                0x08004b80      0x118 build\kernel\src\mem.o
                0x08004b80                rt_system_heap_init
 .text.rt_malloc
                0x08004c98      0x294 build\kernel\src\mem.o
                0x08004c98                rt_malloc
 .text.rt_calloc
                0x08004f2c       0x3c build\kernel\src\mem.o
                0x08004f2c                rt_calloc
 .text.rt_free  0x08004f68      0x188 build\kernel\src\mem.o
                0x08004f68                rt_free
 .text.list_mem
                0x080050f0       0x44 build\kernel\src\mem.o
                0x080050f0                list_mem
 .text.rt_list_insert_after
                0x08005134       0x34 build\kernel\src\object.o
 .text.rt_list_remove
                0x08005168       0x38 build\kernel\src\object.o
 .text.rt_system_object_init
                0x080051a0       0x10 build\kernel\src\object.o
                0x080051a0                rt_system_object_init
 .text.rt_object_get_information
                0x080051b0       0x48 build\kernel\src\object.o
                0x080051b0                rt_object_get_information
 .text.rt_object_init
                0x080051f8       0x80 build\kernel\src\object.o
                0x080051f8                rt_object_init
 .text.rt_object_detach
                0x08005278       0x5c build\kernel\src\object.o
                0x08005278                rt_object_detach
 .text.rt_object_allocate
                0x080052d4       0xd8 build\kernel\src\object.o
                0x080052d4                rt_object_allocate
 .text.rt_object_delete
                0x080053ac       0x7c build\kernel\src\object.o
                0x080053ac                rt_object_delete
 .text.rt_object_is_systemobject
                0x08005428       0x3c build\kernel\src\object.o
                0x08005428                rt_object_is_systemobject
 .text.rt_object_get_type
                0x08005464       0x34 build\kernel\src\object.o
                0x08005464                rt_object_get_type
 .text.rt_list_init
                0x08005498       0x24 build\kernel\src\scheduler.o
 .text.rt_list_insert_before
                0x080054bc       0x34 build\kernel\src\scheduler.o
 .text.rt_list_remove
                0x080054f0       0x38 build\kernel\src\scheduler.o
 .text.rt_list_isempty
                0x08005528       0x24 build\kernel\src\scheduler.o
 .text._rt_scheduler_stack_check
                0x0800554c       0x98 build\kernel\src\scheduler.o
 .text._get_highest_priority_thread
                0x080055e4       0x38 build\kernel\src\scheduler.o
 .text.rt_system_scheduler_init
                0x0800561c       0x40 build\kernel\src\scheduler.o
                0x0800561c                rt_system_scheduler_init
 .text.rt_system_scheduler_start
                0x0800565c       0x38 build\kernel\src\scheduler.o
                0x0800565c                rt_system_scheduler_start
 .text.rt_schedule
                0x08005694      0x14c build\kernel\src\scheduler.o
                0x08005694                rt_schedule
 .text.rt_schedule_insert_thread
                0x080057e0       0xac build\kernel\src\scheduler.o
                0x080057e0                rt_schedule_insert_thread
 .text.rt_schedule_remove_thread
                0x0800588c       0x70 build\kernel\src\scheduler.o
                0x0800588c                rt_schedule_remove_thread
 .text.rt_enter_critical
                0x080058fc       0x2c build\kernel\src\scheduler.o
                0x080058fc                rt_enter_critical
 .text.rt_exit_critical
                0x08005928       0x48 build\kernel\src\scheduler.o
                0x08005928                rt_exit_critical
 .text.rt_list_init
                0x08005970       0x24 build\kernel\src\thread.o
 .text.rt_list_insert_after
                0x08005994       0x34 build\kernel\src\thread.o
 .text.rt_list_remove
                0x080059c8       0x38 build\kernel\src\thread.o
 .text.rt_thread_exit
                0x08005a00       0x68 build\kernel\src\thread.o
                0x08005a00                rt_thread_exit
 .text._rt_thread_init
                0x08005a68       0xf8 build\kernel\src\thread.o
 .text.rt_thread_init
                0x08005b60       0x6c build\kernel\src\thread.o
                0x08005b60                rt_thread_init
 .text.rt_thread_self
                0x08005bcc       0x18 build\kernel\src\thread.o
                0x08005bcc                rt_thread_self
 .text.rt_thread_startup
                0x08005be4       0xa0 build\kernel\src\thread.o
                0x08005be4                rt_thread_startup
 .text.rt_thread_create
                0x08005c84       0x64 build\kernel\src\thread.o
                0x08005c84                rt_thread_create
 .text.rt_thread_yield
                0x08005ce8       0x10 build\kernel\src\thread.o
                0x08005ce8                rt_thread_yield
 .text.rt_thread_suspend
                0x08005cf8       0xcc build\kernel\src\thread.o
                0x08005cf8                rt_thread_suspend
 .text.rt_thread_resume
                0x08005dc4       0x98 build\kernel\src\thread.o
                0x08005dc4                rt_thread_resume
 .text.rt_thread_timeout
                0x08005e5c       0x84 build\kernel\src\thread.o
                0x08005e5c                rt_thread_timeout
 .text.rt_list_init
                0x08005ee0       0x24 build\kernel\src\timer.o
 .text.rt_list_insert_after
                0x08005f04       0x34 build\kernel\src\timer.o
 .text.rt_list_remove
                0x08005f38       0x38 build\kernel\src\timer.o
 .text.rt_list_isempty
                0x08005f70       0x24 build\kernel\src\timer.o
 .text._rt_timer_init
                0x08005f94       0x68 build\kernel\src\timer.o
 .text._rt_timer_remove
                0x08005ffc       0x34 build\kernel\src\timer.o
 .text.rt_timer_init
                0x08006030       0x48 build\kernel\src\timer.o
                0x08006030                rt_timer_init
 .text.rt_timer_detach
                0x08006078       0x7c build\kernel\src\timer.o
                0x08006078                rt_timer_detach
 .text.rt_timer_start
                0x080060f4      0x1fc build\kernel\src\timer.o
                0x080060f4                rt_timer_start
 .text.rt_timer_stop
                0x080062f0       0x94 build\kernel\src\timer.o
                0x080062f0                rt_timer_stop
 .text.rt_timer_control
                0x08006384       0xa0 build\kernel\src\timer.o
                0x08006384                rt_timer_control
 .text.rt_timer_check
                0x08006424       0xcc build\kernel\src\timer.o
                0x08006424                rt_timer_check
 .text.rt_system_timer_init
                0x080064f0       0x34 build\kernel\src\timer.o
                0x080064f0                rt_system_timer_init
 .text.rt_system_timer_thread_init
                0x08006524       0x10 build\kernel\src\timer.o
                0x08006524                rt_system_timer_thread_init
 .text.rt_hw_stack_init
                0x08006534       0x90 build\kernel\libcpu\arm\cortex-m4\cpuport.o
                0x08006534                rt_hw_stack_init
 .text.usage_fault_track
                0x080065c4       0xc4 build\kernel\libcpu\arm\cortex-m4\cpuport.o
 .text.bus_fault_track
                0x08006688       0xcc build\kernel\libcpu\arm\cortex-m4\cpuport.o
 .text.mem_manage_fault_track
                0x08006754       0xb4 build\kernel\libcpu\arm\cortex-m4\cpuport.o
 .text.hard_fault_track
                0x08006808       0x78 build\kernel\libcpu\arm\cortex-m4\cpuport.o
 .text.rt_hw_hard_fault_exception
                0x08006880      0x184 build\kernel\libcpu\arm\cortex-m4\cpuport.o
                0x08006880                rt_hw_hard_fault_exception
 .text._pin_read
                0x08006a04       0x60 build\kernel\components\drivers\misc\pin.o
 .text._pin_write
                0x08006a64       0x5c build\kernel\components\drivers\misc\pin.o
 .text._pin_control
                0x08006ac0       0x58 build\kernel\components\drivers\misc\pin.o
 .text.rt_device_pin_register
                0x08006b18       0x74 build\kernel\components\drivers\misc\pin.o
                0x08006b18                rt_device_pin_register
 .text.rt_pin_mode
                0x08006b8c       0x40 build\kernel\components\drivers\misc\pin.o
                0x08006b8c                rt_pin_mode
 .text.rt_pin_write
                0x08006bcc       0x40 build\kernel\components\drivers\misc\pin.o
                0x08006bcc                rt_pin_write
 .text.rt_pin_read
                0x08006c0c       0x3c build\kernel\components\drivers\misc\pin.o
                0x08006c0c                rt_pin_read
 .text._serial_poll_rx
                0x08006c48       0x74 build\kernel\components\drivers\serial\serial.o
 .text._serial_poll_tx
                0x08006cbc       0x7c build\kernel\components\drivers\serial\serial.o
 .text._serial_int_rx
                0x08006d38       0xd8 build\kernel\components\drivers\serial\serial.o
 .text._serial_int_tx
                0x08006e10       0x90 build\kernel\components\drivers\serial\serial.o
 .text._serial_fifo_calc_recved_len
                0x08006ea0       0x88 build\kernel\components\drivers\serial\serial.o
 .text.rt_dma_calc_recved_len
                0x08006f28       0x18 build\kernel\components\drivers\serial\serial.o
 .text.rt_dma_recv_update_get_index
                0x08006f40       0xa4 build\kernel\components\drivers\serial\serial.o
 .text.rt_dma_recv_update_put_index
                0x08006fe4      0x10c build\kernel\components\drivers\serial\serial.o
 .text._serial_dma_rx
                0x080070f0      0x198 build\kernel\components\drivers\serial\serial.o
 .text._serial_dma_tx
                0x08007288       0x70 build\kernel\components\drivers\serial\serial.o
 .text.rt_serial_init
                0x080072f8       0x5c build\kernel\components\drivers\serial\serial.o
 .text.rt_serial_open
                0x08007354      0x35c build\kernel\components\drivers\serial\serial.o
 .text.rt_serial_close
                0x080076b0      0x1a8 build\kernel\components\drivers\serial\serial.o
 .text.rt_serial_read
                0x08007858       0x84 build\kernel\components\drivers\serial\serial.o
 .text.rt_serial_write
                0x080078dc       0x84 build\kernel\components\drivers\serial\serial.o
 .text.rt_serial_control
                0x08007960       0xd0 build\kernel\components\drivers\serial\serial.o
 .text.rt_hw_serial_register
                0x08007a30       0x9c build\kernel\components\drivers\serial\serial.o
                0x08007a30                rt_hw_serial_register
 .text.rt_hw_serial_isr
                0x08007acc      0x260 build\kernel\components\drivers\serial\serial.o
                0x08007acc                rt_hw_serial_isr
 .text.rt_list_init
                0x08007d2c       0x24 build\kernel\components\drivers\src\completion.o
 .text.rt_list_insert_before
                0x08007d50       0x34 build\kernel\components\drivers\src\completion.o
 .text.rt_list_isempty
                0x08007d84       0x24 build\kernel\components\drivers\src\completion.o
 .text.rt_completion_init
                0x08007da8       0x44 build\kernel\components\drivers\src\completion.o
                0x08007da8                rt_completion_init
 .text.rt_completion_wait
                0x08007dec       0xfc build\kernel\components\drivers\src\completion.o
                0x08007dec                rt_completion_wait
 .text.rt_completion_done
                0x08007ee8       0x70 build\kernel\components\drivers\src\completion.o
                0x08007ee8                rt_completion_done
 .text.rt_list_init
                0x08007f58       0x24 build\kernel\components\drivers\src\dataqueue.o
 .text.rt_list_insert_before
                0x08007f7c       0x34 build\kernel\components\drivers\src\dataqueue.o
 .text.rt_list_isempty
                0x08007fb0       0x24 build\kernel\components\drivers\src\dataqueue.o
 .text.rt_data_queue_init
                0x08007fd4       0x84 build\kernel\components\drivers\src\dataqueue.o
                0x08007fd4                rt_data_queue_init
 .text.rt_data_queue_push
                0x08008058      0x190 build\kernel\components\drivers\src\dataqueue.o
                0x08008058                rt_data_queue_push
 .text.rt_data_queue_pop
                0x080081e8      0x1e4 build\kernel\components\drivers\src\dataqueue.o
                0x080081e8                rt_data_queue_pop
 .text.rt_data_queue_peak
                0x080083cc       0x9c build\kernel\components\drivers\src\dataqueue.o
                0x080083cc                rt_data_queue_peak
 .text.finsh_get_prompt
                0x08008468       0xa0 build\kernel\components\finsh\shell.o
                0x08008468                finsh_get_prompt
 .text.finsh_set_prompt_mode
                0x08008508       0x48 build\kernel\components\finsh\shell.o
                0x08008508                finsh_set_prompt_mode
 .text.finsh_getchar
                0x08008550       0x5c build\kernel\components\finsh\shell.o
 .text.finsh_rx_ind
                0x080085ac       0x3c build\kernel\components\finsh\shell.o
 .text.finsh_set_device
                0x080085e8       0xd8 build\kernel\components\finsh\shell.o
                0x080085e8                finsh_set_device
 .text.shell_auto_complete
                0x080086c0       0x40 build\kernel\components\finsh\shell.o
 .text.shell_handle_history
                0x08008700       0x34 build\kernel\components\finsh\shell.o
 .text.shell_push_history
                0x08008734      0x160 build\kernel\components\finsh\shell.o
 .text.finsh_thread_entry
                0x08008894      0x5dc build\kernel\components\finsh\shell.o
                0x08008894                finsh_thread_entry
 .text.finsh_system_function_init
                0x08008e70       0x2c build\kernel\components\finsh\shell.o
                0x08008e70                finsh_system_function_init
 .text.finsh_system_var_init
                0x08008e9c       0x2c build\kernel\components\finsh\shell.o
                0x08008e9c                finsh_system_var_init
 .text.finsh_system_init
                0x08008ec8       0xac build\kernel\components\finsh\shell.o
                0x08008ec8                finsh_system_init
 .text.rt_list_isempty
                0x08008f74       0x24 build\kernel\components\finsh\cmd.o
 .text.rt_list_len
                0x08008f98       0x38 build\kernel\components\finsh\cmd.o
 .text.hello    0x08008fd0       0x14 build\kernel\components\finsh\cmd.o
                0x08008fd0                hello
 .text.version  0x08008fe4       0x10 build\kernel\components\finsh\cmd.o
                0x08008fe4                version
 .text.object_split
                0x08008ff4       0x28 build\kernel\components\finsh\cmd.o
 .text.list_find_init
                0x0800901c       0x48 build\kernel\components\finsh\cmd.o
 .text.list_get_next
                0x08009064       0xc8 build\kernel\components\finsh\cmd.o
 .text.list_thread
                0x0800912c      0x208 build\kernel\components\finsh\cmd.o
                0x0800912c                list_thread
 .text.show_wait_queue
                0x08009334       0x50 build\kernel\components\finsh\cmd.o
 .text.list_sem
                0x08009384      0x12c build\kernel\components\finsh\cmd.o
                0x08009384                list_sem
 .text.list_event
                0x080094b0      0x118 build\kernel\components\finsh\cmd.o
                0x080094b0                list_event
 .text.list_mutex
                0x080095c8       0xe8 build\kernel\components\finsh\cmd.o
                0x080095c8                list_mutex
 .text.list_mailbox
                0x080096b0      0x13c build\kernel\components\finsh\cmd.o
                0x080096b0                list_mailbox
 .text.list_msgqueue
                0x080097ec      0x12c build\kernel\components\finsh\cmd.o
                0x080097ec                list_msgqueue
 .text.list_mempool
                0x08009918      0x128 build\kernel\components\finsh\cmd.o
                0x08009918                list_mempool
 .text.list_timer
                0x08009a40      0x108 build\kernel\components\finsh\cmd.o
                0x08009a40                list_timer
 .text.list_device
                0x08009b48       0xf0 build\kernel\components\finsh\cmd.o
                0x08009b48                list_device
 .text.list     0x08009c38       0x6c build\kernel\components\finsh\cmd.o
                0x08009c38                list
 .text.msh_is_used
                0x08009ca4       0x10 build\kernel\components\finsh\msh.o
                0x08009ca4                msh_is_used
 .text.msh_help
                0x08009cb4       0x7c build\kernel\components\finsh\msh.o
                0x08009cb4                msh_help
 .text.msh_split
                0x08009d30      0x170 build\kernel\components\finsh\msh.o
 .text.msh_get_cmd
                0x08009ea0       0x80 build\kernel\components\finsh\msh.o
 .text._msh_exec_cmd
                0x08009f20       0xd4 build\kernel\components\finsh\msh.o
 .text.msh_exec
                0x08009ff4       0x84 build\kernel\components\finsh\msh.o
                0x08009ff4                msh_exec
 .text.str_common
                0x0800a078       0x4c build\kernel\components\finsh\msh.o
 .text.msh_auto_complete
                0x0800a0c4       0xd0 build\kernel\components\finsh\msh.o
                0x0800a0c4                msh_auto_complete
 .text.cmd_ps   0x0800a194       0x18 build\kernel\components\finsh\msh_cmd.o
                0x0800a194                cmd_ps
 .text.cmd_time
                0x0800a1ac       0x18 build\kernel\components\finsh\msh_cmd.o
                0x0800a1ac                cmd_time
 .text.cmd_free
                0x0800a1c4       0x18 build\kernel\components\finsh\msh_cmd.o
                0x0800a1c4                cmd_free
 .text.strncpy  0x0800a1dc       0x20 build\kernel\components\libc\compilers\minilibc\string.o
                0x0800a1dc                strncpy
 .text.strncmp  0x0800a1fc       0x4c build\kernel\components\libc\compilers\minilibc\string.o
                0x0800a1fc                strncmp
 *(.rodata)
 .rodata        0x0800a248        0x5 build\applications\application.o
 *fill*         0x0800a24d        0x3 00000000
 .rodata        0x0800a250       0x56 build\applications\startup.o
 *fill*         0x0800a2a6        0x2 00000000
 .rodata        0x0800a2a8        0x6 build\drivers\board.o
 *fill*         0x0800a2ae        0x2 00000000
 .rodata        0x0800a2b0       0x44 build\drivers\usart.o
 .rodata        0x0800a2f4        0x4 build\drivers\gpio.o
 .rodata        0x0800a2f8       0x30 build\Libraries\STM32F4xx_StdPeriph_Driver\src\misc.o
 .rodata        0x0800a328       0x39 build\Libraries\STM32F4xx_StdPeriph_Driver\src\stm32f4xx_dma.o
 *fill*         0x0800a361        0x3 00000000
 .rodata        0x0800a364       0x3a build\Libraries\STM32F4xx_StdPeriph_Driver\src\stm32f4xx_gpio.o
 *fill*         0x0800a39e        0x2 00000000
 .rodata        0x0800a3a0       0x39 build\Libraries\STM32F4xx_StdPeriph_Driver\src\stm32f4xx_rcc.o
 *fill*         0x0800a3d9        0x3 00000000
 .rodata        0x0800a3dc       0x3b build\Libraries\STM32F4xx_StdPeriph_Driver\src\stm32f4xx_usart.o
 *fill*         0x0800a417        0x1 00000000
 .rodata        0x0800a418      0x10c build\kernel\src\device.o
 .rodata        0x0800a524       0x34 build\kernel\src\idle.o
 .rodata        0x0800a558      0x462 build\kernel\src\ipc.o
 *fill*         0x0800a9ba        0x2 00000000
 .rodata        0x0800a9bc       0xc7 build\kernel\src\kservice.o
 *fill*         0x0800aa83        0x1 00000000
 .rodata        0x0800aa84      0x2fa build\kernel\src\mem.o
 *fill*         0x0800ad7e        0x2 00000000
 .rodata        0x0800ad80       0x81 build\kernel\src\object.o
 *fill*         0x0800ae01        0x3 00000000
 .rodata        0x0800ae04       0x65 build\kernel\src\scheduler.o
 *fill*         0x0800ae69        0x3 00000000
 .rodata        0x0800ae6c      0x1a7 build\kernel\src\thread.o
 *fill*         0x0800b013        0x1 00000000
 .rodata        0x0800b014       0xd7 build\kernel\src\timer.o
 *fill*         0x0800b0eb        0x1 00000000
 .rodata        0x0800b0ec      0x2ce build\kernel\libcpu\arm\cortex-m4\cpuport.o
 *fill*         0x0800b3ba        0x2 00000000
 .rodata        0x0800b3bc       0x27 build\kernel\components\drivers\misc\pin.o
 *fill*         0x0800b3e3        0x1 00000000
 .rodata        0x0800b3e4      0x126 build\kernel\components\drivers\serial\serial.o
 *fill*         0x0800b50a        0x2 00000000
 .rodata        0x0800b50c       0x72 build\kernel\components\drivers\src\completion.o
 *fill*         0x0800b57e        0x2 00000000
 .rodata        0x0800b580       0x64 build\kernel\components\drivers\src\dataqueue.o
 .rodata        0x0800b5e4       0xb1 build\kernel\components\finsh\shell.o
 *fill*         0x0800b695        0x3 00000000
 .rodata        0x0800b698      0x621 build\kernel\components\finsh\cmd.o
 *fill*         0x0800bcb9        0x3 00000000
 .rodata        0x0800bcbc       0x80 build\kernel\components\finsh\msh.o
 *(.rodata*)
 .rodata.stm32_uart_ops
                0x0800bd3c       0x14 build\drivers\usart.o
 .rodata.__FUNCTION__.8836
                0x0800bd50       0x10 build\drivers\usart.o
 .rodata.__FUNCTION__.8844
                0x0800bd60        0xe build\drivers\usart.o
 *fill*         0x0800bd6e        0x2 00000000
 .rodata.__FUNCTION__.8854
                0x0800bd70        0xb build\drivers\usart.o
 *fill*         0x0800bd7b        0x1 00000000
 .rodata.__FUNCTION__.8863
                0x0800bd7c        0xb build\drivers\usart.o
 *fill*         0x0800bd87        0x1 00000000
 .rodata.__FUNCTION__.8891
                0x0800bd88        0x9 build\drivers\usart.o
 *fill*         0x0800bd91        0x3 00000000
 .rodata.pins   0x0800bd94      0x360 build\drivers\gpio.o
 .rodata._stm32_pin_ops
                0x0800c0f4       0x18 build\drivers\gpio.o
 .rodata.__FUNCTION__.5178
                0x0800c10c        0xf build\kernel\src\device.o
 *fill*         0x0800c11b        0x1 00000000
 .rodata.__FUNCTION__.5202
                0x0800c11c        0xf build\kernel\src\device.o
 *fill*         0x0800c12b        0x1 00000000
 .rodata.__FUNCTION__.5207
                0x0800c12c       0x10 build\kernel\src\device.o
 .rodata.__FUNCTION__.5214
                0x0800c13c        0xf build\kernel\src\device.o
 *fill*         0x0800c14b        0x1 00000000
 .rodata.__FUNCTION__.5221
                0x0800c14c       0x10 build\kernel\src\device.o
 .rodata.__FUNCTION__.5234
                0x0800c15c       0x1a build\kernel\src\device.o
 *fill*         0x0800c176        0x2 00000000
 .rodata.__FUNCTION__.5268
                0x0800c178       0x16 build\kernel\src\idle.o
 *fill*         0x0800c18e        0x2 00000000
 .rodata.__FUNCTION__.5274
                0x0800c190        0xc build\kernel\src\ipc.o
 .rodata.__FUNCTION__.5298
                0x0800c19c        0xc build\kernel\src\ipc.o
 .rodata.__FUNCTION__.5309
                0x0800c1a8        0xf build\kernel\src\ipc.o
 *fill*         0x0800c1b7        0x1 00000000
 .rodata.__lowest_bit_bitmap
                0x0800c1b8      0x100 build\kernel\src\kservice.o
                0x0800c1b8                __lowest_bit_bitmap
 .rodata.large_digits.5408
                0x0800c2b8       0x11 build\kernel\src\kservice.o
 *fill*         0x0800c2c9        0x3 00000000
 .rodata.small_digits.5407
                0x0800c2cc       0x11 build\kernel\src\kservice.o
 *fill*         0x0800c2dd        0x3 00000000
 .rodata.name   0x0800c2e0       0x2a build\kernel\src\mem.o
                0x0800c2e0                __fsym_list_mem_name
                0x0800c2ec                __fsym_list_mem_desc
 *fill*         0x0800c30a        0x2 00000000
 .rodata.__FUNCTION__.5265
                0x0800c30c        0xb build\kernel\src\mem.o
 *fill*         0x0800c317        0x1 00000000
 .rodata.__FUNCTION__.5274
                0x0800c318       0x14 build\kernel\src\mem.o
 .rodata.__FUNCTION__.5283
                0x0800c32c        0xa build\kernel\src\mem.o
 *fill*         0x0800c336        0x2 00000000
 .rodata.__FUNCTION__.5312
                0x0800c338        0x8 build\kernel\src\mem.o
 .rodata.__FUNCTION__.5293
                0x0800c340        0xf build\kernel\src\object.o
 *fill*         0x0800c34f        0x1 00000000
 .rodata.__FUNCTION__.5298
                0x0800c350       0x11 build\kernel\src\object.o
 *fill*         0x0800c361        0x3 00000000
 .rodata.__FUNCTION__.5307
                0x0800c364       0x13 build\kernel\src\object.o
 *fill*         0x0800c377        0x1 00000000
 .rodata.__FUNCTION__.5312
                0x0800c378       0x11 build\kernel\src\object.o
 *fill*         0x0800c389        0x3 00000000
 .rodata.__FUNCTION__.5316
                0x0800c38c       0x1a build\kernel\src\object.o
 *fill*         0x0800c3a6        0x2 00000000
 .rodata.__FUNCTION__.5320
                0x0800c3a8       0x13 build\kernel\src\object.o
 *fill*         0x0800c3bb        0x1 00000000
 .rodata.__FUNCTION__.5252
                0x0800c3bc       0x1a build\kernel\src\scheduler.o
 *fill*         0x0800c3d6        0x2 00000000
 .rodata.__FUNCTION__.5293
                0x0800c3d8       0x1a build\kernel\src\scheduler.o
 *fill*         0x0800c3f2        0x2 00000000
 .rodata.__FUNCTION__.5299
                0x0800c3f4       0x1a build\kernel\src\scheduler.o
 *fill*         0x0800c40e        0x2 00000000
 .rodata.__FUNCTION__.5269
                0x0800c410       0x10 build\kernel\src\thread.o
 .rodata.__FUNCTION__.5281
                0x0800c420        0xf build\kernel\src\thread.o
 *fill*         0x0800c42f        0x1 00000000
 .rodata.__FUNCTION__.5290
                0x0800c430       0x12 build\kernel\src\thread.o
 *fill*         0x0800c442        0x2 00000000
 .rodata.__FUNCTION__.5345
                0x0800c444       0x12 build\kernel\src\thread.o
 *fill*         0x0800c456        0x2 00000000
 .rodata.__FUNCTION__.5350
                0x0800c458       0x11 build\kernel\src\thread.o
 *fill*         0x0800c469        0x3 00000000
 .rodata.__FUNCTION__.5355
                0x0800c46c       0x12 build\kernel\src\thread.o
 *fill*         0x0800c47e        0x2 00000000
 .rodata.__FUNCTION__.5283
                0x0800c480        0xe build\kernel\src\timer.o
 *fill*         0x0800c48e        0x2 00000000
 .rodata.__FUNCTION__.5288
                0x0800c490       0x10 build\kernel\src\timer.o
 .rodata.__FUNCTION__.5312
                0x0800c4a0        0xf build\kernel\src\timer.o
 *fill*         0x0800c4af        0x1 00000000
 .rodata.__FUNCTION__.5329
                0x0800c4b0        0xe build\kernel\src\timer.o
 *fill*         0x0800c4be        0x2 00000000
 .rodata.__FUNCTION__.5335
                0x0800c4c0       0x11 build\kernel\src\timer.o
 *fill*         0x0800c4d1        0x3 00000000
 .rodata.name   0x0800c4d4       0x6e build\kernel\components\drivers\misc\pin.o
                0x0800c4d4                __fsym_pinMode_name
                0x0800c4dc                __fsym_pinMode_desc
                0x0800c4f4                __fsym_pinWrite_name
                0x0800c500                __fsym_pinWrite_desc
                0x0800c51c                __fsym_pinRead_name
                0x0800c524                __fsym_pinRead_desc
 *fill*         0x0800c542        0x2 00000000
 .rodata.__FUNCTION__.5758
                0x0800c544        0xa build\kernel\components\drivers\misc\pin.o
 *fill*         0x0800c54e        0x2 00000000
 .rodata.__FUNCTION__.5767
                0x0800c550        0xb build\kernel\components\drivers\misc\pin.o
 *fill*         0x0800c55b        0x1 00000000
 .rodata.__FUNCTION__.5775
                0x0800c55c        0xd build\kernel\components\drivers\misc\pin.o
 *fill*         0x0800c569        0x3 00000000
 .rodata.__FUNCTION__.5802
                0x0800c56c        0xc build\kernel\components\drivers\misc\pin.o
 .rodata.__FUNCTION__.5810
                0x0800c578        0xd build\kernel\components\drivers\misc\pin.o
 *fill*         0x0800c585        0x3 00000000
 .rodata.__FUNCTION__.5817
                0x0800c588        0xc build\kernel\components\drivers\misc\pin.o
 .rodata.__FUNCTION__.5648
                0x0800c594       0x1d build\kernel\components\drivers\serial\serial.o
 *fill*         0x0800c5b1        0x3 00000000
 .rodata.__FUNCTION__.5657
                0x0800c5b4       0x1d build\kernel\components\drivers\serial\serial.o
 *fill*         0x0800c5d1        0x3 00000000
 .rodata.__FUNCTION__.5663
                0x0800c5d4       0x1d build\kernel\components\drivers\serial\serial.o
 *fill*         0x0800c5f1        0x3 00000000
 .rodata.__FUNCTION__.5689
                0x0800c5f4        0xf build\kernel\components\drivers\serial\serial.o
 *fill*         0x0800c603        0x1 00000000
 .rodata.__FUNCTION__.5696
                0x0800c604        0xf build\kernel\components\drivers\serial\serial.o
 *fill*         0x0800c613        0x1 00000000
 .rodata.__FUNCTION__.5706
                0x0800c614       0x10 build\kernel\components\drivers\serial\serial.o
 .rodata.__FUNCTION__.5719
                0x0800c624        0xf build\kernel\components\drivers\serial\serial.o
 *fill*         0x0800c633        0x1 00000000
 .rodata.__FUNCTION__.5627
                0x0800c634        0xf build\kernel\components\drivers\serial\serial.o
 *fill*         0x0800c643        0x1 00000000
 .rodata.__FUNCTION__.5670
                0x0800c644        0xf build\kernel\components\drivers\serial\serial.o
 *fill*         0x0800c653        0x1 00000000
 .rodata.__FUNCTION__.5606
                0x0800c654       0x10 build\kernel\components\drivers\serial\serial.o
 .rodata.__FUNCTION__.5727
                0x0800c664       0x10 build\kernel\components\drivers\serial\serial.o
 .rodata.__FUNCTION__.5640
                0x0800c674        0xf build\kernel\components\drivers\serial\serial.o
 *fill*         0x0800c683        0x1 00000000
 .rodata.__FUNCTION__.5616
                0x0800c684       0x10 build\kernel\components\drivers\serial\serial.o
 .rodata.__FUNCTION__.5735
                0x0800c694       0x12 build\kernel\components\drivers\serial\serial.o
 *fill*         0x0800c6a6        0x2 00000000
 .rodata.__FUNCTION__.5750
                0x0800c6a8       0x16 build\kernel\components\drivers\serial\serial.o
 *fill*         0x0800c6be        0x2 00000000
 .rodata.__FUNCTION__.5759
                0x0800c6c0       0x11 build\kernel\components\drivers\serial\serial.o
 *fill*         0x0800c6d1        0x3 00000000
 .rodata.__FUNCTION__.5603
                0x0800c6d4       0x13 build\kernel\components\drivers\src\completion.o
 *fill*         0x0800c6e7        0x1 00000000
 .rodata.__FUNCTION__.5611
                0x0800c6e8       0x13 build\kernel\components\drivers\src\completion.o
 *fill*         0x0800c6fb        0x1 00000000
 .rodata.__FUNCTION__.5618
                0x0800c6fc       0x13 build\kernel\components\drivers\src\completion.o
 *fill*         0x0800c70f        0x1 00000000
 .rodata.__FUNCTION__.5609
                0x0800c710       0x13 build\kernel\components\drivers\src\dataqueue.o
 *fill*         0x0800c723        0x1 00000000
 .rodata.__FUNCTION__.5619
                0x0800c724       0x13 build\kernel\components\drivers\src\dataqueue.o
 *fill*         0x0800c737        0x1 00000000
 .rodata.__FUNCTION__.5634
                0x0800c738       0x12 build\kernel\components\drivers\src\dataqueue.o
 *fill*         0x0800c74a        0x2 00000000
 .rodata.__FUNCTION__.5646
                0x0800c74c       0x13 build\kernel\components\drivers\src\dataqueue.o
 *fill*         0x0800c75f        0x1 00000000
 .rodata.__FUNCTION__.5521
                0x0800c760       0x16 build\kernel\components\finsh\shell.o
 *fill*         0x0800c776        0x2 00000000
 .rodata.__FUNCTION__.5526
                0x0800c778        0xe build\kernel\components\finsh\shell.o
 *fill*         0x0800c786        0x2 00000000
 .rodata.__FUNCTION__.5534
                0x0800c788        0xd build\kernel\components\finsh\shell.o
 *fill*         0x0800c795        0x3 00000000
 .rodata.__FUNCTION__.5539
                0x0800c798       0x11 build\kernel\components\finsh\shell.o
 *fill*         0x0800c7a9        0x3 00000000
 .rodata.name   0x0800c7ac      0x37a build\kernel\components\finsh\cmd.o
                0x0800c7ac                __fsym_hello_name
                0x0800c7b4                __fsym_hello_desc
                0x0800c7c4                __fsym_version_name
                0x0800c7cc                __fsym_version_desc
                0x0800c7f0                __fsym___cmd_version_name
                0x0800c800                __fsym___cmd_version_desc
                0x0800c824                __fsym_list_thread_name
                0x0800c830                __fsym_list_thread_desc
                0x0800c83c                __fsym___cmd_list_thread_name
                0x0800c850                __fsym___cmd_list_thread_desc
                0x0800c85c                __fsym_list_sem_name
                0x0800c868                __fsym_list_sem_desc
                0x0800c884                __fsym___cmd_list_sem_name
                0x0800c894                __fsym___cmd_list_sem_desc
                0x0800c8b0                __fsym_list_event_name
                0x0800c8bc                __fsym_list_event_desc
                0x0800c8d4                __fsym___cmd_list_event_name
                0x0800c8e8                __fsym___cmd_list_event_desc
                0x0800c900                __fsym_list_mutex_name
                0x0800c90c                __fsym_list_mutex_desc
                0x0800c924                __fsym___cmd_list_mutex_name
                0x0800c938                __fsym___cmd_list_mutex_desc
                0x0800c950                __fsym_list_mailbox_name
                0x0800c960                __fsym_list_mailbox_desc
                0x0800c978                __fsym___cmd_list_mailbox_name
                0x0800c98c                __fsym___cmd_list_mailbox_desc
                0x0800c9a4                __fsym_list_msgqueue_name
                0x0800c9b4                __fsym_list_msgqueue_desc
                0x0800c9d4                __fsym___cmd_list_msgqueue_name
                0x0800c9e8                __fsym___cmd_list_msgqueue_desc
                0x0800ca08                __fsym_list_mempool_name
                0x0800ca18                __fsym_list_mempool_desc
                0x0800ca34                __fsym___cmd_list_mempool_name
                0x0800ca48                __fsym___cmd_list_mempool_desc
                0x0800ca64                __fsym_list_timer_name
                0x0800ca70                __fsym_list_timer_desc
                0x0800ca88                __fsym___cmd_list_timer_name
                0x0800ca9c                __fsym___cmd_list_timer_desc
                0x0800cab4                __fsym_list_device_name
                0x0800cac0                __fsym_list_device_desc
                0x0800cad8                __fsym___cmd_list_device_name
                0x0800caec                __fsym___cmd_list_device_desc
                0x0800cb04                __fsym_list_name
                0x0800cb0c                __fsym_list_desc
 *fill*         0x0800cb26        0x2 00000000
 .rodata.device_type_str
                0x0800cb28       0x54 build\kernel\components\finsh\cmd.o
 .rodata.name   0x0800cb7c       0x22 build\kernel\components\finsh\msh.o
                0x0800cb7c                __fsym___cmd_help_name
                0x0800cb88                __fsym___cmd_help_desc
 *fill*         0x0800cb9e        0x2 00000000
 .rodata.__FUNCTION__.5493
                0x0800cba0        0xe build\kernel\components\finsh\msh.o
 *fill*         0x0800cbae        0x2 00000000
 .rodata.name   0x0800cbb0       0x81 build\kernel\components\finsh\msh_cmd.o
                0x0800cbb0                __fsym___cmd_ps_name
                0x0800cbbc                __fsym___cmd_ps_desc
                0x0800cbd8                __fsym___cmd_time_name
                0x0800cbe4                __fsym___cmd_time_desc
                0x0800cc00                __fsym___cmd_free_name
                0x0800cc0c                __fsym___cmd_free_desc
 *(.glue_7)
 .glue_7        0x0800cc31        0x0 linker stubs
 *(.glue_7t)
 .glue_7t       0x0800cc31        0x0 linker stubs
 *(.gnu.linkonce.t*)
                0x0800cc34                . = ALIGN (0x4)
 *fill*         0x0800cc31        0x3 00000000
                0x0800cc34                __fsymtab_start = .
 *(FSymTab)
 FSymTab        0x0800cc34        0xc build\kernel\src\mem.o
                0x0800cc34                __fsym_list_mem
 FSymTab        0x0800cc40       0x24 build\kernel\components\drivers\misc\pin.o
                0x0800cc40                __fsym_pinMode
                0x0800cc4c                __fsym_pinWrite
                0x0800cc58                __fsym_pinRead
 FSymTab        0x0800cc64      0x108 build\kernel\components\finsh\cmd.o
                0x0800cc64                __fsym_hello
                0x0800cc70                __fsym_version
                0x0800cc7c                __fsym___cmd_version
                0x0800cc88                __fsym_list_thread
                0x0800cc94                __fsym___cmd_list_thread
                0x0800cca0                __fsym_list_sem
                0x0800ccac                __fsym___cmd_list_sem
                0x0800ccb8                __fsym_list_event
                0x0800ccc4                __fsym___cmd_list_event
                0x0800ccd0                __fsym_list_mutex
                0x0800ccdc                __fsym___cmd_list_mutex
                0x0800cce8                __fsym_list_mailbox
                0x0800ccf4                __fsym___cmd_list_mailbox
                0x0800cd00                __fsym_list_msgqueue
                0x0800cd0c                __fsym___cmd_list_msgqueue
                0x0800cd18                __fsym_list_mempool
                0x0800cd24                __fsym___cmd_list_mempool
                0x0800cd30                __fsym_list_timer
                0x0800cd3c                __fsym___cmd_list_timer
                0x0800cd48                __fsym_list_device
                0x0800cd54                __fsym___cmd_list_device
                0x0800cd60                __fsym_list
 FSymTab        0x0800cd6c        0xc build\kernel\components\finsh\msh.o
                0x0800cd6c                __fsym___cmd_help
 FSymTab        0x0800cd78       0x24 build\kernel\components\finsh\msh_cmd.o
                0x0800cd78                __fsym___cmd_ps
                0x0800cd84                __fsym___cmd_time
                0x0800cd90                __fsym___cmd_free
                0x0800cd9c                __fsymtab_end = .
                0x0800cd9c                . = ALIGN (0x4)
                0x0800cd9c                __vsymtab_start = .
 *(VSymTab)
                0x0800cd9c                __vsymtab_end = .
                0x0800cd9c                . = ALIGN (0x4)
                0x0800cd9c                . = ALIGN (0x4)
                0x0800cd9c                __rt_init_start = .
 *(SORT(.rti_fn*))
                0x0800cd9c                __rt_init_end = .
                0x0800cd9c                . = ALIGN (0x4)
                0x0800cd9c                . = ALIGN (0x4)
                0x0800cd9c                _etext = .
                0x0800cd9c                __exidx_start = .

.vfp11_veneer   0x0800cd9c        0x0
 .vfp11_veneer  0x0800cd9c        0x0 linker stubs

.v4_bx          0x0800cd9c        0x0
 .v4_bx         0x0800cd9c        0x0 linker stubs

.iplt           0x0800cd9c        0x0
 .iplt          0x0800cd9c        0x0 build\applications\application.o

.rel.dyn        0x0800cd9c        0x0
 .rel.iplt      0x0800cd9c        0x0 build\applications\application.o

.ARM.exidx      0x0800cd9c        0x0
 *(.ARM.exidx* .gnu.linkonce.armexidx.*)
                0x0800cd9c                _sidata = .
                0x0800cd9c                __exidx_end = .

.data           0x20000000       0xc0 load address 0x0800cd9c
                0x20000000                . = ALIGN (0x4)
                0x20000000                _sdata = .
 *(.data)
 *(.data.*)
 .data.uart1    0x20000000       0x20 build\drivers\usart.o
                0x20000000                uart1
 .data.APBAHBPrescTable
                0x20000020       0x10 build\Libraries\STM32F4xx_StdPeriph_Driver\src\stm32f4xx_rcc.o
 .data.rt_object_container
                0x20000030       0x90 build\kernel\src\object.o
 *(.gnu.linkonce.d*)
                0x200000c0                . = ALIGN (0x4)
                0x200000c0                _edata = .

.igot.plt       0x200000c0        0x0 load address 0x0800ce5c
 .igot.plt      0x200000c0        0x0 build\applications\application.o

.stack          0x200000c0      0x200 load address 0x0800ce5c
                0x200002c0                . = (. + _system_stack_size)
 *fill*         0x200000c0      0x200 
                0x200002c0                . = ALIGN (0x4)
                0x200002c0                _estack = .
                0x200002c0                __bss_start = .

.bss            0x200002c0      0x800 load address 0x0800d05c
                0x200002c0                . = ALIGN (0x4)
                0x200002c0                _sbss = .
 *(.bss)
 *(.bss.*)
 .bss.rt_tick   0x200002c0        0x4 build\kernel\src\clock.o
 .bss.idle      0x200002c4       0x80 build\kernel\src\idle.o
 .bss.rt_thread_stack
                0x20000344      0x400 build\kernel\src\idle.o
 .bss.idle_hook_list
                0x20000744       0x10 build\kernel\src\idle.o
 .bss.rt_interrupt_enter_hook
                0x20000754        0x4 build\kernel\src\irq.o
 .bss.rt_interrupt_leave_hook
                0x20000758        0x4 build\kernel\src\irq.o
 .bss.rt_interrupt_nest
                0x2000075c        0x1 build\kernel\src\irq.o
                0x2000075c                rt_interrupt_nest
 *fill*         0x2000075d        0x3 
 .bss.__rt_errno
                0x20000760        0x4 build\kernel\src\kservice.o
 .bss._console_device
                0x20000764        0x4 build\kernel\src\kservice.o
 .bss.rt_log_buf.5518
                0x20000768       0x80 build\kernel\src\kservice.o
 .bss.rt_malloc_hook
                0x200007e8        0x4 build\kernel\src\mem.o
 .bss.rt_free_hook
                0x200007ec        0x4 build\kernel\src\mem.o
 .bss.heap_ptr  0x200007f0        0x4 build\kernel\src\mem.o
 .bss.heap_end  0x200007f4        0x4 build\kernel\src\mem.o
 .bss.lfree     0x200007f8        0x4 build\kernel\src\mem.o
 .bss.heap_sem  0x200007fc       0x20 build\kernel\src\mem.o
 .bss.mem_size_aligned
                0x2000081c        0x4 build\kernel\src\mem.o
 .bss.used_mem  0x20000820        0x4 build\kernel\src\mem.o
 .bss.max_mem   0x20000824        0x4 build\kernel\src\mem.o
 .bss.rt_object_attach_hook
                0x20000828        0x4 build\kernel\src\object.o
 .bss.rt_object_detach_hook
                0x2000082c        0x4 build\kernel\src\object.o
 .bss.rt_scheduler_lock_nest
                0x20000830        0x2 build\kernel\src\scheduler.o
 *fill*         0x20000832        0x2 
 .bss.rt_scheduler_hook
                0x20000834        0x4 build\kernel\src\scheduler.o
 .bss.rt_thread_suspend_hook
                0x20000838        0x4 build\kernel\src\thread.o
 .bss.rt_thread_resume_hook
                0x2000083c        0x4 build\kernel\src\thread.o
 .bss.rt_thread_inited_hook
                0x20000840        0x4 build\kernel\src\thread.o
 .bss.rt_timer_list
                0x20000844        0x8 build\kernel\src\timer.o
 .bss.rt_timer_enter_hook
                0x2000084c        0x4 build\kernel\src\timer.o
 .bss.rt_timer_exit_hook
                0x20000850        0x4 build\kernel\src\timer.o
 .bss.random_nr.5311
                0x20000854        0x4 build\kernel\src\timer.o
 .bss.rt_exception_hook
                0x20000858        0x4 build\kernel\libcpu\arm\cortex-m4\cpuport.o
 .bss._hw_pin   0x2000085c       0x44 build\kernel\components\drivers\misc\pin.o
 .bss.finsh_prompt_custom
                0x200008a0        0x4 build\kernel\components\finsh\shell.o
 .bss.finsh_prompt.5513
                0x200008a4       0x81 build\kernel\components\finsh\shell.o
 *fill*         0x20000925        0x3 
 .bss._syscall_table_begin
                0x20000928        0x4 build\kernel\components\finsh\symbol.o
                0x20000928                _syscall_table_begin
 .bss._syscall_table_end
                0x2000092c        0x4 build\kernel\components\finsh\symbol.o
                0x2000092c                _syscall_table_end
 .bss._sysvar_table_begin
                0x20000930        0x4 build\kernel\components\finsh\symbol.o
                0x20000930                _sysvar_table_begin
 .bss._sysvar_table_end
                0x20000934        0x4 build\kernel\components\finsh\symbol.o
                0x20000934                _sysvar_table_end
 *(COMMON)
 COMMON         0x20000938       0x54 build\drivers\usart.o
                0x20000938                serial1
 COMMON         0x2000098c        0x4 build\kernel\src\kservice.o
                0x2000098c                rt_assert_hook
 COMMON         0x20000990        0xc build\kernel\src\object.o
                0x20000990                rt_object_put_hook
                0x20000994                rt_object_take_hook
                0x20000998                rt_object_trytake_hook
 COMMON         0x2000099c      0x114 build\kernel\src\scheduler.o
                0x2000099c                rt_thread_priority_table
                0x20000a9c                rt_current_priority
                0x20000aa0                rt_current_thread
                0x20000aa4                rt_thread_ready_priority_group
                0x20000aa8                rt_thread_defunct
 COMMON         0x20000ab0        0xc build\kernel\libcpu\arm\cortex-m4\cpuport.o
                0x20000ab0                rt_interrupt_to_thread
                0x20000ab4                rt_interrupt_from_thread
                0x20000ab8                rt_thread_switch_interrupt_flag
 COMMON         0x20000abc        0x4 build\kernel\components\finsh\shell.o
                0x20000abc                shell
                0x20000ac0                . = ALIGN (0x4)
                0x20000ac0                _ebss = .
 *(.bss.init)
                0x20000ac0                __bss_end = .
                0x20000ac0                _end = .

.stab
 *(.stab)

.stabstr
 *(.stabstr)

.stab.excl
 *(.stab.excl)

.stab.exclstr
 *(.stab.exclstr)

.stab.index
 *(.stab.index)

.stab.indexstr
 *(.stab.indexstr)

.comment        0x00000000       0x6e
 *(.comment)
 .comment       0x00000000       0x6e build\applications\application.o
                                 0x6f (size before relaxing)
 .comment       0x0000006e       0x6f build\applications\startup.o
 .comment       0x0000006e       0x6f build\drivers\board.o
 .comment       0x0000006e       0x6f build\drivers\stm32f4xx_it.o
 .comment       0x0000006e       0x6f build\drivers\usart.o
 .comment       0x0000006e       0x6f build\drivers\gpio.o
 .comment       0x0000006e       0x6f build\Libraries\CMSIS\ST\STM32F4xx\Source\Templates\system_stm32f4xx.o
 .comment       0x0000006e       0x6f build\Libraries\STM32F4xx_StdPeriph_Driver\src\misc.o
 .comment       0x0000006e       0x6f build\Libraries\STM32F4xx_StdPeriph_Driver\src\stm32f4xx_dma.o
 .comment       0x0000006e       0x6f build\Libraries\STM32F4xx_StdPeriph_Driver\src\stm32f4xx_gpio.o
 .comment       0x0000006e       0x6f build\Libraries\STM32F4xx_StdPeriph_Driver\src\stm32f4xx_rcc.o
 .comment       0x0000006e       0x6f build\Libraries\STM32F4xx_StdPeriph_Driver\src\stm32f4xx_usart.o
 .comment       0x0000006e       0x6f build\kernel\src\clock.o
 .comment       0x0000006e       0x6f build\kernel\src\device.o
 .comment       0x0000006e       0x6f build\kernel\src\idle.o
 .comment       0x0000006e       0x6f build\kernel\src\ipc.o
 .comment       0x0000006e       0x6f build\kernel\src\irq.o
 .comment       0x0000006e       0x6f build\kernel\src\kservice.o
 .comment       0x0000006e       0x6f build\kernel\src\mem.o
 .comment       0x0000006e       0x6f build\kernel\src\object.o
 .comment       0x0000006e       0x6f build\kernel\src\scheduler.o
 .comment       0x0000006e       0x6f build\kernel\src\thread.o
 .comment       0x0000006e       0x6f build\kernel\src\timer.o
 .comment       0x0000006e       0x6f build\kernel\libcpu\arm\cortex-m4\cpuport.o
 .comment       0x0000006e       0x6f build\kernel\components\drivers\misc\pin.o
 .comment       0x0000006e       0x6f build\kernel\components\drivers\serial\serial.o
 .comment       0x0000006e       0x6f build\kernel\components\drivers\src\completion.o
 .comment       0x0000006e       0x6f build\kernel\components\drivers\src\dataqueue.o
 .comment       0x0000006e       0x6f build\kernel\components\finsh\shell.o
 .comment       0x0000006e       0x6f build\kernel\components\finsh\symbol.o
 .comment       0x0000006e       0x6f build\kernel\components\finsh\cmd.o
 .comment       0x0000006e       0x6f build\kernel\components\finsh\msh.o
 .comment       0x0000006e       0x6f build\kernel\components\finsh\msh_cmd.o
 .comment       0x0000006e       0x6f build\kernel\components\libc\compilers\minilibc\string.o

.ARM.attributes
                0x00000000       0x37
 .ARM.attributes
                0x00000000       0x39 build\applications\application.o
 .ARM.attributes
                0x00000039       0x39 build\applications\startup.o
 .ARM.attributes
                0x00000072       0x39 build\drivers\board.o
 .ARM.attributes
                0x000000ab       0x39 build\drivers\stm32f4xx_it.o
 .ARM.attributes
                0x000000e4       0x39 build\drivers\usart.o
 .ARM.attributes
                0x0000011d       0x39 build\drivers\gpio.o
 .ARM.attributes
                0x00000156       0x39 build\Libraries\CMSIS\ST\STM32F4xx\Source\Templates\system_stm32f4xx.o
 .ARM.attributes
                0x0000018f       0x39 build\Libraries\STM32F4xx_StdPeriph_Driver\src\misc.o
 .ARM.attributes
                0x000001c8       0x39 build\Libraries\STM32F4xx_StdPeriph_Driver\src\stm32f4xx_dma.o
 .ARM.attributes
                0x00000201       0x39 build\Libraries\STM32F4xx_StdPeriph_Driver\src\stm32f4xx_gpio.o
 .ARM.attributes
                0x0000023a       0x39 build\Libraries\STM32F4xx_StdPeriph_Driver\src\stm32f4xx_rcc.o
 .ARM.attributes
                0x00000273       0x39 build\Libraries\STM32F4xx_StdPeriph_Driver\src\stm32f4xx_usart.o
 .ARM.attributes
                0x000002ac       0x21 build\Libraries\CMSIS\ST\STM32F4xx\Source\Templates\gcc_ride7\startup_stm32f4xx.o
 .ARM.attributes
                0x000002cd       0x39 build\kernel\src\clock.o
 .ARM.attributes
                0x00000306       0x39 build\kernel\src\device.o
 .ARM.attributes
                0x0000033f       0x39 build\kernel\src\idle.o
 .ARM.attributes
                0x00000378       0x39 build\kernel\src\ipc.o
 .ARM.attributes
                0x000003b1       0x39 build\kernel\src\irq.o
 .ARM.attributes
                0x000003ea       0x39 build\kernel\src\kservice.o
 .ARM.attributes
                0x00000423       0x39 build\kernel\src\mem.o
 .ARM.attributes
                0x0000045c       0x39 build\kernel\src\object.o
 .ARM.attributes
                0x00000495       0x39 build\kernel\src\scheduler.o
 .ARM.attributes
                0x000004ce       0x39 build\kernel\src\thread.o
 .ARM.attributes
                0x00000507       0x39 build\kernel\src\timer.o
 .ARM.attributes
                0x00000540       0x39 build\kernel\libcpu\arm\cortex-m4\cpuport.o
 .ARM.attributes
                0x00000579       0x25 build\kernel\libcpu\arm\cortex-m4\context_gcc.o
 .ARM.attributes
                0x0000059e       0x39 build\kernel\components\drivers\misc\pin.o
 .ARM.attributes
                0x000005d7       0x39 build\kernel\components\drivers\serial\serial.o
 .ARM.attributes
                0x00000610       0x39 build\kernel\components\drivers\src\completion.o
 .ARM.attributes
                0x00000649       0x39 build\kernel\components\drivers\src\dataqueue.o
 .ARM.attributes
                0x00000682       0x39 build\kernel\components\finsh\shell.o
 .ARM.attributes
                0x000006bb       0x39 build\kernel\components\finsh\symbol.o
 .ARM.attributes
                0x000006f4       0x39 build\kernel\components\finsh\cmd.o
 .ARM.attributes
                0x0000072d       0x39 build\kernel\components\finsh\msh.o
 .ARM.attributes
                0x00000766       0x39 build\kernel\components\finsh\msh_cmd.o
 .ARM.attributes
                0x0000079f       0x39 build\kernel\components\libc\compilers\minilibc\string.o

.debug
 *(.debug)

.line
 *(.line)

.debug_srcinfo
 *(.debug_srcinfo)

.debug_sfnames
 *(.debug_sfnames)

.debug_aranges  0x00000000     0x1228
 *(.debug_aranges)
 .debug_aranges
                0x00000000       0x28 build\applications\application.o
 .debug_aranges
                0x00000028       0x30 build\applications\startup.o
 .debug_aranges
                0x00000058       0x48 build\drivers\board.o
 .debug_aranges
                0x000000a0       0x40 build\drivers\stm32f4xx_it.o
 .debug_aranges
                0x000000e0       0xa0 build\drivers\usart.o
 .debug_aranges
                0x00000180       0x40 build\drivers\gpio.o
 .debug_aranges
                0x000001c0       0x30 build\Libraries\CMSIS\ST\STM32F4xx\Source\Templates\system_stm32f4xx.o
 .debug_aranges
                0x000001f0       0x40 build\Libraries\STM32F4xx_StdPeriph_Driver\src\misc.o
 .debug_aranges
                0x00000230       0xb0 build\Libraries\STM32F4xx_StdPeriph_Driver\src\stm32f4xx_dma.o
 .debug_aranges
                0x000002e0       0x88 build\Libraries\STM32F4xx_StdPeriph_Driver\src\stm32f4xx_gpio.o
 .debug_aranges
                0x00000368      0x178 build\Libraries\STM32F4xx_StdPeriph_Driver\src\stm32f4xx_rcc.o
 .debug_aranges
                0x000004e0      0x100 build\Libraries\STM32F4xx_StdPeriph_Driver\src\stm32f4xx_usart.o
 .debug_aranges
                0x000005e0       0x28 build\Libraries\CMSIS\ST\STM32F4xx\Source\Templates\gcc_ride7\startup_stm32f4xx.o
 .debug_aranges
                0x00000608       0x40 build\kernel\src\clock.o
 .debug_aranges
                0x00000648       0x88 build\kernel\src\device.o
 .debug_aranges
                0x000006d0       0x58 build\kernel\src\idle.o
 .debug_aranges
                0x00000728      0x180 build\kernel\src\ipc.o
 .debug_aranges
                0x000008a8       0x40 build\kernel\src\irq.o
 .debug_aranges
                0x000008e8      0x120 build\kernel\src\kservice.o
 .debug_aranges
                0x00000a08       0x68 build\kernel\src\mem.o
 .debug_aranges
                0x00000a70       0x98 build\kernel\src\object.o
 .debug_aranges
                0x00000b08       0x90 build\kernel\src\scheduler.o
 .debug_aranges
                0x00000b98       0xd0 build\kernel\src\thread.o
 .debug_aranges
                0x00000c68       0xb8 build\kernel\src\timer.o
 .debug_aranges
                0x00000d20       0x60 build\kernel\libcpu\arm\cortex-m4\cpuport.o
 .debug_aranges
                0x00000d80       0x20 build\kernel\libcpu\arm\cortex-m4\context_gcc.o
 .debug_aranges
                0x00000da0       0x68 build\kernel\components\drivers\misc\pin.o
 .debug_aranges
                0x00000e08       0xa8 build\kernel\components\drivers\serial\serial.o
 .debug_aranges
                0x00000eb0       0x48 build\kernel\components\drivers\src\completion.o
 .debug_aranges
                0x00000ef8       0x58 build\kernel\components\drivers\src\dataqueue.o
 .debug_aranges
                0x00000f50       0xa0 build\kernel\components\finsh\shell.o
 .debug_aranges
                0x00000ff0       0x18 build\kernel\components\finsh\symbol.o
 .debug_aranges
                0x00001008       0xa8 build\kernel\components\finsh\cmd.o
 .debug_aranges
                0x000010b0       0x58 build\kernel\components\finsh\msh.o
 .debug_aranges
                0x00001108       0x30 build\kernel\components\finsh\msh_cmd.o
 .debug_aranges
                0x00001138       0xf0 build\kernel\components\libc\compilers\minilibc\string.o

.debug_pubnames
 *(.debug_pubnames)

.debug_info     0x00000000    0x13795
 *(.debug_info .gnu.linkonce.wi.*)
 .debug_info    0x00000000      0x3d2 build\applications\application.o
 .debug_info    0x000003d2      0x143 build\applications\startup.o
 .debug_info    0x00000515      0x79a build\drivers\board.o
 .debug_info    0x00000caf      0x10a build\drivers\stm32f4xx_it.o
 .debug_info    0x00000db9     0x14a1 build\drivers\usart.o
 .debug_info    0x0000225a      0x92a build\drivers\gpio.o
 .debug_info    0x00002b84      0x62c build\Libraries\CMSIS\ST\STM32F4xx\Source\Templates\system_stm32f4xx.o
 .debug_info    0x000031b0      0x5af build\Libraries\STM32F4xx_StdPeriph_Driver\src\misc.o
 .debug_info    0x0000375f      0x7c6 build\Libraries\STM32F4xx_StdPeriph_Driver\src\stm32f4xx_dma.o
 .debug_info    0x00003f25      0x65c build\Libraries\STM32F4xx_StdPeriph_Driver\src\stm32f4xx_gpio.o
 .debug_info    0x00004581      0xd63 build\Libraries\STM32F4xx_StdPeriph_Driver\src\stm32f4xx_rcc.o
 .debug_info    0x000052e4      0xa71 build\Libraries\STM32F4xx_StdPeriph_Driver\src\stm32f4xx_usart.o
 .debug_info    0x00005d55       0x90 build\Libraries\CMSIS\ST\STM32F4xx\Source\Templates\gcc_ride7\startup_stm32f4xx.o
 .debug_info    0x00005de5      0x439 build\kernel\src\clock.o
 .debug_info    0x0000621e      0x967 build\kernel\src\device.o
 .debug_info    0x00006b85      0x63e build\kernel\src\idle.o
 .debug_info    0x000071c3     0x1ac3 build\kernel\src\ipc.o
 .debug_info    0x00008c86      0x1b4 build\kernel\src\irq.o
 .debug_info    0x00008e3a     0x129e build\kernel\src\kservice.o
 .debug_info    0x0000a0d8      0x777 build\kernel\src\mem.o
 .debug_info    0x0000a84f      0x76f build\kernel\src\object.o
 .debug_info    0x0000afbe      0x7ea build\kernel\src\scheduler.o
 .debug_info    0x0000b7a8      0xbd5 build\kernel\src\thread.o
 .debug_info    0x0000c37d      0x8c1 build\kernel\src\timer.o
 .debug_info    0x0000cc3e      0x41f build\kernel\libcpu\arm\cortex-m4\cpuport.o
 .debug_info    0x0000d05d       0x8c build\kernel\libcpu\arm\cortex-m4\context_gcc.o
 .debug_info    0x0000d0e9      0xb02 build\kernel\components\drivers\misc\pin.o
 .debug_info    0x0000dbeb     0x1208 build\kernel\components\drivers\serial\serial.o
 .debug_info    0x0000edf3      0x58e build\kernel\components\drivers\src\completion.o
 .debug_info    0x0000f381      0x7bb build\kernel\components\drivers\src\dataqueue.o
 .debug_info    0x0000fb3c      0xd74 build\kernel\components\finsh\shell.o
 .debug_info    0x000108b0      0x171 build\kernel\components\finsh\symbol.o
 .debug_info    0x00010a21     0x1a7e build\kernel\components\finsh\cmd.o
 .debug_info    0x0001249f      0x4de build\kernel\components\finsh\msh.o
 .debug_info    0x0001297d      0x2ef build\kernel\components\finsh\msh_cmd.o
 .debug_info    0x00012c6c      0xb29 build\kernel\components\libc\compilers\minilibc\string.o

.debug_abbrev   0x00000000     0x3a06
 *(.debug_abbrev)
 .debug_abbrev  0x00000000      0x10f build\applications\application.o
 .debug_abbrev  0x0000010f       0xd3 build\applications\startup.o
 .debug_abbrev  0x000001e2      0x179 build\drivers\board.o
 .debug_abbrev  0x0000035b       0x69 build\drivers\stm32f4xx_it.o
 .debug_abbrev  0x000003c4      0x2bc build\drivers\usart.o
 .debug_abbrev  0x00000680      0x1ec build\drivers\gpio.o
 .debug_abbrev  0x0000086c      0x13c build\Libraries\CMSIS\ST\STM32F4xx\Source\Templates\system_stm32f4xx.o
 .debug_abbrev  0x000009a8      0x12d build\Libraries\STM32F4xx_StdPeriph_Driver\src\misc.o
 .debug_abbrev  0x00000ad5      0x175 build\Libraries\STM32F4xx_StdPeriph_Driver\src\stm32f4xx_dma.o
 .debug_abbrev  0x00000c4a      0x1ab build\Libraries\STM32F4xx_StdPeriph_Driver\src\stm32f4xx_gpio.o
 .debug_abbrev  0x00000df5      0x1e7 build\Libraries\STM32F4xx_StdPeriph_Driver\src\stm32f4xx_rcc.o
 .debug_abbrev  0x00000fdc      0x175 build\Libraries\STM32F4xx_StdPeriph_Driver\src\stm32f4xx_usart.o
 .debug_abbrev  0x00001151       0x12 build\Libraries\CMSIS\ST\STM32F4xx\Source\Templates\gcc_ride7\startup_stm32f4xx.o
 .debug_abbrev  0x00001163      0x13a build\kernel\src\clock.o
 .debug_abbrev  0x0000129d      0x191 build\kernel\src\device.o
 .debug_abbrev  0x0000142e      0x206 build\kernel\src\idle.o
 .debug_abbrev  0x00001634      0x1f6 build\kernel\src\ipc.o
 .debug_abbrev  0x0000182a       0xde build\kernel\src\irq.o
 .debug_abbrev  0x00001908      0x2c1 build\kernel\src\kservice.o
 .debug_abbrev  0x00001bc9      0x208 build\kernel\src\mem.o
 .debug_abbrev  0x00001dd1      0x1e9 build\kernel\src\object.o
 .debug_abbrev  0x00001fba      0x23a build\kernel\src\scheduler.o
 .debug_abbrev  0x000021f4      0x23d build\kernel\src\thread.o
 .debug_abbrev  0x00002431      0x27f build\kernel\src\timer.o
 .debug_abbrev  0x000026b0      0x1d6 build\kernel\libcpu\arm\cortex-m4\cpuport.o
 .debug_abbrev  0x00002886       0x14 build\kernel\libcpu\arm\cortex-m4\context_gcc.o
 .debug_abbrev  0x0000289a      0x1a7 build\kernel\components\drivers\misc\pin.o
 .debug_abbrev  0x00002a41      0x22e build\kernel\components\drivers\serial\serial.o
 .debug_abbrev  0x00002c6f      0x182 build\kernel\components\drivers\src\completion.o
 .debug_abbrev  0x00002df1      0x1b2 build\kernel\components\drivers\src\dataqueue.o
 .debug_abbrev  0x00002fa3      0x2df build\kernel\components\finsh\shell.o
 .debug_abbrev  0x00003282       0x91 build\kernel\components\finsh\symbol.o
 .debug_abbrev  0x00003313      0x24d build\kernel\components\finsh\cmd.o
 .debug_abbrev  0x00003560      0x1fe build\kernel\components\finsh\msh.o
 .debug_abbrev  0x0000375e       0xfe build\kernel\components\finsh\msh_cmd.o
 .debug_abbrev  0x0000385c      0x1aa build\kernel\components\libc\compilers\minilibc\string.o

.debug_line     0x00000000     0x7dad
 *(.debug_line)
 .debug_line    0x00000000      0x10b build\applications\application.o
 .debug_line    0x0000010b      0x12b build\applications\startup.o
 .debug_line    0x00000236      0x1d6 build\drivers\board.o
 .debug_line    0x0000040c      0x10c build\drivers\stm32f4xx_it.o
 .debug_line    0x00000518      0x3e6 build\drivers\usart.o
 .debug_line    0x000008fe      0x21b build\drivers\gpio.o
 .debug_line    0x00000b19      0x191 build\Libraries\CMSIS\ST\STM32F4xx\Source\Templates\system_stm32f4xx.o
 .debug_line    0x00000caa      0x218 build\Libraries\STM32F4xx_StdPeriph_Driver\src\misc.o
 .debug_line    0x00000ec2      0xc8c build\Libraries\STM32F4xx_StdPeriph_Driver\src\stm32f4xx_dma.o
 .debug_line    0x00001b4e      0x7ab build\Libraries\STM32F4xx_StdPeriph_Driver\src\stm32f4xx_gpio.o
 .debug_line    0x000022f9      0x993 build\Libraries\STM32F4xx_StdPeriph_Driver\src\stm32f4xx_rcc.o
 .debug_line    0x00002c8c      0xa21 build\Libraries\STM32F4xx_StdPeriph_Driver\src\stm32f4xx_usart.o
 .debug_line    0x000036ad       0xa7 build\Libraries\CMSIS\ST\STM32F4xx\Source\Templates\gcc_ride7\startup_stm32f4xx.o
 .debug_line    0x00003754       0xe4 build\kernel\src\clock.o
 .debug_line    0x00003838      0x2ab build\kernel\src\device.o
 .debug_line    0x00003ae3      0x1cf build\kernel\src\idle.o
 .debug_line    0x00003cb2      0xaee build\kernel\src\ipc.o
 .debug_line    0x000047a0       0xee build\kernel\src\irq.o
 .debug_line    0x0000488e      0x5d9 build\kernel\src\kservice.o
 .debug_line    0x00004e67      0x321 build\kernel\src\mem.o
 .debug_line    0x00005188      0x2b0 build\kernel\src\object.o
 .debug_line    0x00005438      0x255 build\kernel\src\scheduler.o
 .debug_line    0x0000568d      0x3e7 build\kernel\src\thread.o
 .debug_line    0x00005a74      0x363 build\kernel\src\timer.o
 .debug_line    0x00005dd7      0x1af build\kernel\libcpu\arm\cortex-m4\cpuport.o
 .debug_line    0x00005f86       0xe8 build\kernel\libcpu\arm\cortex-m4\context_gcc.o
 .debug_line    0x0000606e      0x257 build\kernel\components\drivers\misc\pin.o
 .debug_line    0x000062c5      0x597 build\kernel\components\drivers\serial\serial.o
 .debug_line    0x0000685c      0x1be build\kernel\components\drivers\src\completion.o
 .debug_line    0x00006a1a      0x288 build\kernel\components\drivers\src\dataqueue.o
 .debug_line    0x00006ca2      0x3cb build\kernel\components\finsh\shell.o
 .debug_line    0x0000706d       0xc5 build\kernel\components\finsh\symbol.o
 .debug_line    0x00007132      0x434 build\kernel\components\finsh\cmd.o
 .debug_line    0x00007566      0x243 build\kernel\components\finsh\msh.o
 .debug_line    0x000077a9       0xa5 build\kernel\components\finsh\msh_cmd.o
 .debug_line    0x0000784e      0x55f build\kernel\components\libc\compilers\minilibc\string.o

.debug_frame    0x00000000     0x45d4
 *(.debug_frame)
 .debug_frame   0x00000000       0x5c build\applications\application.o
 .debug_frame   0x0000005c       0x68 build\applications\startup.o
 .debug_frame   0x000000c4       0xd4 build\drivers\board.o
 .debug_frame   0x00000198       0x98 build\drivers\stm32f4xx_it.o
 .debug_frame   0x00000230      0x268 build\drivers\usart.o
 .debug_frame   0x00000498       0xc0 build\drivers\gpio.o
 .debug_frame   0x00000558       0x7c build\Libraries\CMSIS\ST\STM32F4xx\Source\Templates\system_stm32f4xx.o
 .debug_frame   0x000005d4       0xc4 build\Libraries\STM32F4xx_StdPeriph_Driver\src\misc.o
 .debug_frame   0x00000698      0x2cc build\Libraries\STM32F4xx_StdPeriph_Driver\src\stm32f4xx_dma.o
 .debug_frame   0x00000964      0x210 build\Libraries\STM32F4xx_StdPeriph_Driver\src\stm32f4xx_gpio.o
 .debug_frame   0x00000b74      0x638 build\Libraries\STM32F4xx_StdPeriph_Driver\src\stm32f4xx_rcc.o
 .debug_frame   0x000011ac      0x430 build\Libraries\STM32F4xx_StdPeriph_Driver\src\stm32f4xx_usart.o
 .debug_frame   0x000015dc       0xc0 build\kernel\src\clock.o