Component: ARM Compiler 5.06 update 3 (build 300) Tool: armlink [4d35c9]

==============================================================================

Section Cross References

    clock.o(.text) refers to context_rvds.o(.text) for rt_hw_interrupt_disable
    clock.o(.text) refers to thread.o(.text) for rt_thread_self
    clock.o(.text) refers to timer.o(.text) for rt_timer_check
    clock.o(.text) refers to clock.o(.data) for rt_tick
    components.o(.text) refers to components.o(.rti_fn.0.end) for __rt_init_rti_board_start
    components.o(.text) refers to components.o(.rti_fn.1.end) for __rt_init_rti_board_end
    components.o(.text) refers to components.o(.rti_fn.6.end) for __rt_init_rti_end
    components.o(.rti_fn.0) refers to components.o(.text) for rti_start
    components.o(.rti_fn.0.end) refers to components.o(.text) for rti_board_start
    components.o(.rti_fn.1.end) refers to components.o(.text) for rti_board_end
    components.o(.rti_fn.6.end) refers to components.o(.text) for rti_end
    device.o(.text) refers to thread.o(.text) for rt_thread_self
    device.o(.text) refers to scheduler.o(.text) for rt_enter_critical
    device.o(.text) refers to object.o(.text) for rt_object_get_information
    device.o(.text) refers to kservice.o(.text) for rt_assert_handler
    device.o(.text) refers to mem.o(.text) for rt_malloc
    device.o(.text) refers to device.o(.constdata) for __FUNCTION__
    idle.o(.text) refers to context_rvds.o(.text) for rt_hw_interrupt_disable
    idle.o(.text) refers to irq.o(.text) for rt_interrupt_get_nest
    idle.o(.text) refers to kservice.o(.text) for rt_kprintf
    idle.o(.text) refers to scheduler.o(.text) for rt_enter_critical
    idle.o(.text) refers to object.o(.text) for rt_object_is_systemobject
    idle.o(.text) refers to mem.o(.text) for rt_free
    idle.o(.text) refers to thread.o(.text) for rt_thread_init
    idle.o(.text) refers to idle.o(.bss) for idle_hook_list
    idle.o(.text) refers to idle.o(.constdata) for __FUNCTION__
    idle.o(.text) refers to scheduler.o(.data) for rt_thread_defunct
    ipc.o(.text) refers to thread.o(.text) for rt_thread_suspend
    ipc.o(.text) refers to context_rvds.o(.text) for rt_hw_interrupt_disable
    ipc.o(.text) refers to kservice.o(.text) for rt_assert_handler
    ipc.o(.text) refers to object.o(.text) for rt_object_init
    ipc.o(.text) refers to irq.o(.text) for rt_interrupt_get_nest
    ipc.o(.text) refers to timer.o(.text) for rt_timer_control
    ipc.o(.text) refers to scheduler.o(.text) for rt_schedule
    ipc.o(.text) refers to ipc.o(.constdata) for __FUNCTION__
    ipc.o(.text) refers to ipc.o(.conststring) for .conststring
    ipc.o(.text) refers to object.o(.data) for rt_object_trytake_hook
    ipc.o(.text) refers to mem.o(.text) for rt_malloc
    ipc.o(.text) refers to clock.o(.text) for rt_tick_get
    irq.o(.text) refers to context_rvds.o(.text) for rt_hw_interrupt_disable
    irq.o(.text) refers to irq.o(.data) for rt_interrupt_enter_hook
    kservice.o(.text) refers to irq.o(.text) for rt_interrupt_get_nest
    kservice.o(.text) refers to thread.o(.text) for rt_thread_self
    kservice.o(.text) refers to mem.o(.text) for rt_malloc
    kservice.o(.text) refers to kservice.o(.data) for __rt_errno
    kservice.o(.text) refers to kservice.o(.constdata) for large_digits
    kservice.o(.text) refers to device.o(.text) for rt_device_write
    kservice.o(.text) refers to kservice.o(.bss) for rt_log_buf
    mem.o(.text) refers to kservice.o(.text) for rt_assert_handler
    mem.o(.text) refers to context_rvds.o(.text) for rt_hw_interrupt_disable
    mem.o(.text) refers to irq.o(.text) for rt_interrupt_get_nest
    mem.o(.text) refers to ipc.o(.text) for rt_sem_init
    mem.o(.text) refers to mem.o(.data) for rt_malloc_hook
    mem.o(.text) refers to mem.o(.constdata) for __FUNCTION__
    mem.o(.text) refers to mem.o(.bss) for heap_sem
    mem.o(.text) refers to mem.o(.conststring) for .conststring
    mem.o(FSymTab) refers to mem.o(.rodata.name) for __fsym_list_mem_name
    mem.o(FSymTab) refers to mem.o(.text) for list_mem
    mempool.o(.text) refers to kservice.o(.text) for rt_assert_handler
    mempool.o(.text) refers to object.o(.text) for rt_object_init
    mempool.o(.text) refers to context_rvds.o(.text) for rt_hw_interrupt_disable
    mempool.o(.text) refers to thread.o(.text) for rt_thread_resume
    mempool.o(.text) refers to irq.o(.text) for rt_interrupt_get_nest
    mempool.o(.text) refers to mem.o(.text) for rt_malloc
    mempool.o(.text) refers to clock.o(.text) for rt_tick_get
    mempool.o(.text) refers to timer.o(.text) for rt_timer_control
    mempool.o(.text) refers to scheduler.o(.text) for rt_schedule
    mempool.o(.text) refers to mempool.o(.data) for rt_mp_alloc_hook
    mempool.o(.text) refers to mempool.o(.constdata) for __FUNCTION__
    object.o(.text) refers to kservice.o(.text) for rt_assert_handler
    object.o(.text) refers to context_rvds.o(.text) for rt_hw_interrupt_disable
[...]
    USART_OverSampling8Cmd                   0x080109a9   Thumb Code    98  stm32f4xx_usart.o(.text)
    USART_OneBitMethodCmd                    0x08010a0b   Thumb Code   100  stm32f4xx_usart.o(.text)
    USART_SendData                           0x08010a6f   Thumb Code    84  stm32f4xx_usart.o(.text)
    USART_ReceiveData                        0x08010ac3   Thumb Code    62  stm32f4xx_usart.o(.text)
    USART_SetAddress                         0x08010b01   Thumb Code    92  stm32f4xx_usart.o(.text)
    USART_ReceiverWakeUpCmd                  0x08010b5d   Thumb Code   100  stm32f4xx_usart.o(.text)
    USART_WakeUpConfig                       0x08010bc1   Thumb Code    96  stm32f4xx_usart.o(.text)
    USART_LINBreakDetectLengthConfig         0x08010c21   Thumb Code    94  stm32f4xx_usart.o(.text)
    USART_LINCmd                             0x08010c7f   Thumb Code   100  stm32f4xx_usart.o(.text)
    USART_SendBreak                          0x08010ce3   Thumb Code    64  stm32f4xx_usart.o(.text)
    USART_HalfDuplexCmd                      0x08010d23   Thumb Code   100  stm32f4xx_usart.o(.text)
    USART_SetGuardTime                       0x08010d87   Thumb Code    86  stm32f4xx_usart.o(.text)
    USART_SmartCardCmd                       0x08010ddd   Thumb Code    88  stm32f4xx_usart.o(.text)
    USART_SmartCardNACKCmd                   0x08010e35   Thumb Code    88  stm32f4xx_usart.o(.text)
    USART_IrDAConfig                         0x08010e8d   Thumb Code    94  stm32f4xx_usart.o(.text)
    USART_IrDACmd                            0x08010eeb   Thumb Code   100  stm32f4xx_usart.o(.text)
    USART_DMACmd                             0x08010f4f   Thumb Code   120  stm32f4xx_usart.o(.text)
    USART_ITConfig                           0x08010fc7   Thumb Code   268  stm32f4xx_usart.o(.text)
    USART_GetFlagStatus                      0x080110d3   Thumb Code   176  stm32f4xx_usart.o(.text)
    USART_ClearFlag                          0x08011183   Thumb Code   160  stm32f4xx_usart.o(.text)
    USART_GetITStatus                        0x08011223   Thumb Code   284  stm32f4xx_usart.o(.text)
    USART_ClearITPendingBit                  0x0801133f   Thumb Code   170  stm32f4xx_usart.o(.text)
    Reset_Handler                            0x08011401   Thumb Code     8  startup_stm32f4xx.o(.text)
    DebugMon_Handler                         0x08011415   Thumb Code     2  startup_stm32f4xx.o(.text)
    ADC_IRQHandler                           0x0801141b   Thumb Code     0  startup_stm32f4xx.o(.text)
    CAN1_RX0_IRQHandler                      0x0801141b   Thumb Code     0  startup_stm32f4xx.o(.text)
    CAN1_RX1_IRQHandler                      0x0801141b   Thumb Code     0  startup_stm32f4xx.o(.text)
    CAN1_SCE_IRQHandler                      0x0801141b   Thumb Code     0  startup_stm32f4xx.o(.text)
    CAN1_TX_IRQHandler                       0x0801141b   Thumb Code     0  startup_stm32f4xx.o(.text)
    CAN2_RX0_IRQHandler                      0x0801141b   Thumb Code     0  startup_stm32f4xx.o(.text)
    CAN2_RX1_IRQHandler                      0x0801141b   Thumb Code     0  startup_stm32f4xx.o(.text)
    CAN2_SCE_IRQHandler                      0x0801141b   Thumb Code     0  startup_stm32f4xx.o(.text)
    CAN2_TX_IRQHandler                       0x0801141b   Thumb Code     0  startup_stm32f4xx.o(.text)
    CRYP_IRQHandler                          0x0801141b   Thumb Code     0  startup_stm32f4xx.o(.text)
    DCMI_IRQHandler                          0x0801141b   Thumb Code     0  startup_stm32f4xx.o(.text)
    DMA1_Stream0_IRQHandler                  0x0801141b   Thumb Code     0  startup_stm32f4xx.o(.text)
    DMA1_Stream2_IRQHandler                  0x0801141b   Thumb Code     0  startup_stm32f4xx.o(.text)
    DMA1_Stream3_IRQHandler                  0x0801141b   Thumb Code     0  startup_stm32f4xx.o(.text)
    DMA1_Stream4_IRQHandler                  0x0801141b   Thumb Code     0  startup_stm32f4xx.o(.text)
    DMA1_Stream5_IRQHandler                  0x0801141b   Thumb Code     0  startup_stm32f4xx.o(.text)
    DMA1_Stream6_IRQHandler                  0x0801141b   Thumb Code     0  startup_stm32f4xx.o(.text)
    DMA1_Stream7_IRQHandler                  0x0801141b   Thumb Code     0  startup_stm32f4xx.o(.text)
    DMA2_Stream0_IRQHandler                  0x0801141b   Thumb Code     0  startup_stm32f4xx.o(.text)
    DMA2_Stream1_IRQHandler                  0x0801141b   Thumb Code     0  startup_stm32f4xx.o(.text)
    DMA2_Stream2_IRQHandler                  0x0801141b   Thumb Code     0  startup_stm32f4xx.o(.text)
    DMA2_Stream3_IRQHandler                  0x0801141b   Thumb Code     0  startup_stm32f4xx.o(.text)
    DMA2_Stream4_IRQHandler                  0x0801141b   Thumb Code     0  startup_stm32f4xx.o(.text)
    DMA2_Stream6_IRQHandler                  0x0801141b   Thumb Code     0  startup_stm32f4xx.o(.text)
    DMA2_Stream7_IRQHandler                  0x0801141b   Thumb Code     0  startup_stm32f4xx.o(.text)
    ETH_IRQHandler                           0x0801141b   Thumb Code     0  startup_stm32f4xx.o(.text)
    ETH_WKUP_IRQHandler                      0x0801141b   Thumb Code     0  startup_stm32f4xx.o(.text)
    EXTI0_IRQHandler                         0x0801141b   Thumb Code     0  startup_stm32f4xx.o(.text)
    EXTI15_10_IRQHandler                     0x0801141b   Thumb Code     0  startup_stm32f4xx.o(.text)
    EXTI1_IRQHandler                         0x0801141b   Thumb Code     0  startup_stm32f4xx.o(.text)
    EXTI2_IRQHandler                         0x0801141b   Thumb Code     0  startup_stm32f4xx.o(.text)
    EXTI3_IRQHandler                         0x0801141b   Thumb Code     0  startup_stm32f4xx.o(.text)
    EXTI4_IRQHandler                         0x0801141b   Thumb Code     0  startup_stm32f4xx.o(.text)
    FLASH_IRQHandler                         0x0801141b   Thumb Code     0  startup_stm32f4xx.o(.text)
    FPU_IRQHandler                           0x0801141b   Thumb Code     0  startup_stm32f4xx.o(.text)
    FSMC_IRQHandler                          0x0801141b   Thumb Code     0  startup_stm32f4xx.o(.text)
    HASH_RNG_IRQHandler                      0x0801141b   Thumb Code     0  startup_stm32f4xx.o(.text)
    I2C1_ER_IRQHandler                       0x0801141b   Thumb Code     0  startup_stm32f4xx.o(.text)
    I2C1_EV_IRQHandler                       0x0801141b   Thumb Code     0  startup_stm32f4xx.o(.text)
    I2C2_ER_IRQHandler                       0x0801141b   Thumb Code     0  startup_stm32f4xx.o(.text)
    I2C2_EV_IRQHandler                       0x0801141b   Thumb Code     0  startup_stm32f4xx.o(.text)
    I2C3_ER_IRQHandler                       0x0801141b   Thumb Code     0  startup_stm32f4xx.o(.text)
    I2C3_EV_IRQHandler                       0x0801141b   Thumb Code     0  startup_stm32f4xx.o(.text)
    OTG_FS_IRQHandler                        0x0801141b   Thumb Code     0  startup_stm32f4xx.o(.text)
    OTG_FS_WKUP_IRQHandler                   0x0801141b   Thumb Code     0  startup_stm32f4xx.o(.text)
    OTG_HS_EP1_IN_IRQHandler                 0x0801141b   Thumb Code     0  startup_stm32f4xx.o(.text)
    OTG_HS_EP1_OUT_IRQHandler                0x0801141b   Thumb Code     0  startup_stm32f4xx.o(.text)
    OTG_HS_IRQHandler                        0x0801141b   Thumb Code     0  startup_stm32f4xx.o(.text)
    OTG_HS_WKUP_IRQHandler                   0x0801141b   Thumb Code     0  startup_stm32f4xx.o(.text)
    PVD_IRQHandler                           0x0801141b   Thumb Code     0  startup_stm32f4xx.o(.text)
    RCC_IRQHandler                           0x0801141b   Thumb Code     0  startup_stm32f4xx.o(.text)
    RTC_Alarm_IRQHandler                     0x0801141b   Thumb Code     0  startup_stm32f4xx.o(.text)
    RTC_WKUP_IRQHandler                      0x0801141b   Thumb Code     0  startup_stm32f4xx.o(.text)
    SDIO_IRQHandler                          0x0801141b   Thumb Code     0  startup_stm32f4xx.o(.text)
    SPI1_IRQHandler                          0x0801141b   Thumb Code     0  startup_stm32f4xx.o(.text)
    SPI2_IRQHandler                          0x0801141b   Thumb Code     0  startup_stm32f4xx.o(.text)
    SPI3_IRQHandler                          0x0801141b   Thumb Code     0  startup_stm32f4xx.o(.text)
    TAMP_STAMP_IRQHandler                    0x0801141b   Thumb Code     0  startup_stm32f4xx.o(.text)
    TIM1_BRK_TIM9_IRQHandler                 0x0801141b   Thumb Code     0  startup_stm32f4xx.o(.text)
    TIM1_CC_IRQHandler                       0x0801141b   Thumb Code     0  startup_stm32f4xx.o(.text)
    TIM1_TRG_COM_TIM11_IRQHandler            0x0801141b   Thumb Code     0  startup_stm32f4xx.o(.text)
    TIM1_UP_TIM10_IRQHandler                 0x0801141b   Thumb Code     0  startup_stm32f4xx.o(.text)
    TIM3_IRQHandler                          0x0801141b   Thumb Code     0  startup_stm32f4xx.o(.text)
    TIM4_IRQHandler                          0x0801141b   Thumb Code     0  startup_stm32f4xx.o(.text)
    TIM5_IRQHandler                          0x0801141b   Thumb Code     0  startup_stm32f4xx.o(.text)
    TIM6_DAC_IRQHandler                      0x0801141b   Thumb Code     0  startup_stm32f4xx.o(.text)
    TIM7_IRQHandler                          0x0801141b   Thumb Code     0  startup_stm32f4xx.o(.text)
    TIM8_BRK_TIM12_IRQHandler                0x0801141b   Thumb Code     0  startup_stm32f4xx.o(.text)
    TIM8_CC_IRQHandler                       0x0801141b   Thumb Code     0  startup_stm32f4xx.o(.text)
    TIM8_TRG_COM_TIM14_IRQHandler            0x0801141b   Thumb Code     0  startup_stm32f4xx.o(.text)
    TIM8_UP_TIM13_IRQHandler                 0x0801141b   Thumb Code     0  startup_stm32f4xx.o(.text)
    UART4_IRQHandler                         0x0801141b   Thumb Code     0  startup_stm32f4xx.o(.text)
    UART5_IRQHandler                         0x0801141b   Thumb Code     0  startup_stm32f4xx.o(.text)
    USART2_IRQHandler                        0x0801141b   Thumb Code     0  startup_stm32f4xx.o(.text)
    USART6_IRQHandler                        0x0801141b   Thumb Code     0  startup_stm32f4xx.o(.text)
    WWDG_IRQHandler                          0x0801141b   Thumb Code     0  startup_stm32f4xx.o(.text)
    __user_initial_stackheap                 0x0801141d   Thumb Code     0  startup_stm32f4xx.o(.text)
    pid_create                               0x08011441   Thumb Code    12  pid.o(.text)
    pid_delete                               0x0801144d   Thumb Code    12  pid.o(.text)
    pid_reset                                0x08011459   Thumb Code    16  pid.o(.text)
    pid_config                               0x08011469   Thumb Code    54  pid.o(.text)
    pid_set_integral_separation              0x0801149f   Thumb Code    20  pid.o(.text)
    pid_set_integral_limit                   0x080114b3   Thumb Code    20  pid.o(.text)
    pid_set_output_limit                     0x080114c7   Thumb Code    20  pid.o(.text)
    pid_position_ctrl                        0x080114db   Thumb Code   368  pid.o(.text)
    pid_incremental_ctrl                     0x0801164b   Thumb Code   194  pid.o(.text)
    rt_hw_stack_init                         0x08011711   Thumb Code    74  cpuport.o(.text)
    rt_hw_exception_install                  0x0801175b   Thumb Code     6  cpuport.o(.text)
    rt_hw_hard_fault_exception               0x0801193f   Thumb Code   220  cpuport.o(.text)
    rt_hw_cpu_shutdown                       0x08011a1b   Thumb Code    22  cpuport.o(.text)
    rt_hw_interrupt_disable                  0x08011d1d   Thumb Code     8  context_rvds.o(.text)
    rt_hw_interrupt_enable                   0x08011d25   Thumb Code     6  context_rvds.o(.text)
    rt_hw_context_switch                     0x08011d2b   Thumb Code    32  context_rvds.o(.text)
    rt_hw_context_switch_interrupt           0x08011d2b   Thumb Code     0  context_rvds.o(.text)
    PendSV_Handler                           0x08011d4b   Thumb Code   108  context_rvds.o(.text)
    rt_hw_context_switch_to                  0x08011db7   Thumb Code    70  context_rvds.o(.text)
    rt_hw_interrupt_thread_switch            0x08011dfd   Thumb Code     2  context_rvds.o(.text)
    HardFault_Handler                        0x08011dff   Thumb Code    56  context_rvds.o(.text)
    rt_device_hwtimer_isr                    0x0801221b   Thumb Code   110  hwtimer.o(.text)
    rt_device_hwtimer_register               0x08012289   Thumb Code    90  hwtimer.o(.text)
    rt_i2c_bus_device_register               0x0801231d   Thumb Code    42  i2c_core.o(.text)
    rt_i2c_bus_device_find                   0x08012347   Thumb Code    30  i2c_core.o(.text)
    rt_i2c_transfer                          0x08012365   Thumb Code    60  i2c_core.o(.text)
    rt_i2c_master_send                       0x080123a1   Thumb Code    66  i2c_core.o(.text)
    rt_i2c_master_recv                       0x080123e3   Thumb Code    90  i2c_core.o(.text)
    rt_i2c_core_init                         0x0801243d   Thumb Code     4  i2c_core.o(.text)
    rt_i2c_bus_device_device_init            0x08012567   Thumb Code    44  i2c_dev.o(.text)
    rt_i2c_bit_add_bus                       0x080129f7   Thumb Code    20  i2c-bit-ops.o(.text)
    rt_device_pin_register                   0x08012add   Thumb Code    42  pin.o(.text)
    rt_pin_attach_irq                        0x08012b07   Thumb Code    60  pin.o(.text)
    rt_pin_detach_irq                        0x08012b43   Thumb Code    46  pin.o(.text)
    rt_pin_irq_enable                        0x08012b71   Thumb Code    50  pin.o(.text)
    rt_pin_mode                              0x08012ba3   Thumb Code    38  pin.o(.text)
    rt_pin_write                             0x08012bc9   Thumb Code    38  pin.o(.text)
    rt_pin_read                              0x08012bef   Thumb Code    34  pin.o(.text)
    rt_device_pwm_register                   0x08012d37   Thumb Code    54  rt_drv_pwm.o(.text)
    rt_pwm_enable                            0x08012d6d   Thumb Code    42  rt_drv_pwm.o(.text)
    rt_pwm_disable                           0x08012d97   Thumb Code    42  rt_drv_pwm.o(.text)
    rt_pwm_set                               0x08012dc1   Thumb Code    56  rt_drv_pwm.o(.text)
    rt_hw_serial_register                    0x080137cd   Thumb Code   132  serial.o(.text)
    rt_hw_serial_isr                         0x08013851   Thumb Code   394  serial.o(.text)
    rt_completion_init                       0x08013b79   Thumb Code    42  completion.o(.text)
    rt_completion_wait                       0x08013ba3   Thumb Code   198  completion.o(.text)
    rt_completion_done                       0x08013c69   Thumb Code    76  completion.o(.text)
    rt_data_queue_init                       0x08013d53   Thumb Code    76  dataqueue.o(.text)
    rt_data_queue_push                       0x08013d9f   Thumb Code   282  dataqueue.o(.text)
    rt_data_queue_pop                        0x08013eb9   Thumb Code   342  dataqueue.o(.text)
    rt_data_queue_peak                       0x0801400f   Thumb Code   102  dataqueue.o(.text)
    rt_data_queue_reset                      0x08014075   Thumb Code   106  dataqueue.o(.text)
    finsh_set_prompt                         0x08014169   Thumb Code    64  shell.o(.text)
    finsh_get_prompt                         0x080141a9   Thumb Code    84  shell.o(.text)
    finsh_get_prompt_mode                    0x080141fd   Thumb Code    32  shell.o(.text)
    finsh_set_prompt_mode                    0x0801421d   Thumb Code    42  shell.o(.text)
    finsh_set_device                         0x080142a9   Thumb Code   156  shell.o(.text)
    finsh_get_device                         0x08014345   Thumb Code    28  shell.o(.text)
    finsh_set_echo                           0x08014361   Thumb Code    42  shell.o(.text)
    finsh_get_echo                           0x0801438b   Thumb Code    32  shell.o(.text)
    finsh_thread_entry                       0x080144cd   Thumb Code  1446  shell.o(.text)
    finsh_system_function_init               0x08014a73   Thumb Code    10  shell.o(.text)
    finsh_system_var_init                    0x08014a7d   Thumb Code    10  shell.o(.text)
    finsh_system_init                        0x08014a87   Thumb Code   102  shell.o(.text)
    hello                                    0x08014b45   Thumb Code    12  cmd.o(.text)
    version                                  0x08014b51   Thumb Code    10  cmd.o(.text)
    list_thread                              0x08014c0d   Thumb Code   294  cmd.o(.text)
    list_sem                                 0x08014d5b   Thumb Code   216  cmd.o(.text)
    list_event                               0x08014e33   Thumb Code   204  cmd.o(.text)
    list_mutex                               0x08014eff   Thumb Code   610  cmd.o(.text)
    list_mailbox                             0x08015161   Thumb Code   226  cmd.o(.text)
    list_msgqueue                            0x08015243   Thumb Code   216  cmd.o(.text)
    list_mempool                             0x0801531b   Thumb Code   210  cmd.o(.text)
    list_timer                               0x080153ed   Thumb Code   808  cmd.o(.text)
    list_device                              0x08015715   Thumb Code   172  cmd.o(.text)
    list                                     0x080157c1   Thumb Code    54  cmd.o(.text)
    msh_is_used                              0x080158bd   Thumb Code     4  msh.o(.text)
    msh_help                                 0x080158c1   Thumb Code    66  msh.o(.text)
    msh_exec                                 0x08015aa1   Thumb Code    82  msh.o(.text)
    msh_auto_complete                        0x08015b13   Thumb Code   138  msh.o(.text)
    cmd_ps                                   0x08015c25   Thumb Code    14  msh_cmd.o(.text)
    cmd_time                                 0x08015c33   Thumb Code     6  msh_cmd.o(.text)
    cmd_free                                 0x08015c39   Thumb Code    14  msh_cmd.o(.text)
    __aeabi_ldivmod                          0x08015c47   Thumb Code     0  llsdiv.o(.text)
    _ll_sdiv                                 0x08015c47   Thumb Code    72  llsdiv.o(.text)
    atoi                                     0x08015c8f   Thumb Code    26  atoi.o(.text)
    memcmp                                   0x08015ca9   Thumb Code    88  memcmp.o(.text)
    strcpy                                   0x08015d01   Thumb Code    72  strcpy.o(.text)
    strlen                                   0x08015d49   Thumb Code    62  strlen.o(.text)
    strncmp                                  0x08015d87   Thumb Code   150  strncmp.o(.text)
    strcat                                   0x08015e1d   Thumb Code    24  strcat.o(.text)
    __aeabi_memcpy                           0x08015e35   Thumb Code     0  rt_memcpy_v6.o(.text)
    __rt_memcpy                              0x08015e35   Thumb Code   138  rt_memcpy_v6.o(.text)
    _memcpy_lastbytes                        0x08015e9b   Thumb Code     0  rt_memcpy_v6.o(.text)
    __aeabi_memcpy4                          0x08015ebf   Thumb Code     0  rt_memcpy_w.o(.text)
    __aeabi_memcpy8                          0x08015ebf   Thumb Code     0  rt_memcpy_w.o(.text)
    __rt_memcpy_w                            0x08015ebf   Thumb Code   100  rt_memcpy_w.o(.text)
    _memcpy_lastbytes_aligned                0x08015f07   Thumb Code     0  rt_memcpy_w.o(.text)
    __aeabi_memset                           0x08015f23   Thumb Code    16  aeabi_memset.o(.text)
    __aeabi_memclr                           0x08015f33   Thumb Code     0  rt_memclr.o(.text)
    __rt_memclr                              0x08015f33   Thumb Code    68  rt_memclr.o(.text)
    _memset                                  0x08015f37   Thumb Code     0  rt_memclr.o(.text)
    __aeabi_memclr4                          0x08015f77   Thumb Code     0  rt_memclr_w.o(.text)
    __aeabi_memclr8                          0x08015f77   Thumb Code     0  rt_memclr_w.o(.text)
    __rt_memclr_w                            0x08015f77   Thumb Code    78  rt_memclr_w.o(.text)
    _memset_w                                0x08015f7b   Thumb Code     0  rt_memclr_w.o(.text)
    strncpy                                  0x08015fc5   Thumb Code    86  strncpy.o(.text)
    __use_two_region_memory                  0x0801601b   Thumb Code     2  heapauxi.o(.text)
    __rt_heap_escrow$2region                 0x0801601d   Thumb Code     2  heapauxi.o(.text)
    __rt_heap_expand$2region                 0x0801601f   Thumb Code     2  heapauxi.o(.text)
    __aeabi_errno_addr                       0x08016021   Thumb Code     8  rt_errno_addr_intlibspace.o(.text)
    __errno$intlibspace                      0x08016021   Thumb Code     0  rt_errno_addr_intlibspace.o(.text)
    __rt_errno_addr$intlibspace              0x08016021   Thumb Code     0  rt_errno_addr_intlibspace.o(.text)
    __aeabi_uldivmod                         0x08016029   Thumb Code     0  lludivv7m.o(.text)
    _ll_udiv                                 0x08016029   Thumb Code   238  lludivv7m.o(.text)
    __read_errno                             0x08016117   Thumb Code    10  _rserrno.o(.text)
    __set_errno                              0x08016121   Thumb Code    12  _rserrno.o(.text)
    __strtod_int                             0x08016169   Thumb Code    90  strtod.o(.text)
    strtol                                   0x080161d1   Thumb Code   112  strtol.o(.text)
    __user_libspace                          0x08016241   Thumb Code     8  libspace.o(.text)
    __user_perproc_libspace                  0x08016241   Thumb Code     0  libspace.o(.text)
    __user_perthread_libspace                0x08016241   Thumb Code     0  libspace.o(.text)
    __rt_ctype_table                         0x08016249   Thumb Code    16  rt_ctype_table.o(.text)
    isspace                                  0x08016259   Thumb Code    18  isspace.o(.text)
    _sgetc                                   0x0801626b   Thumb Code    30  _sgetc.o(.text)
    _sbackspace                              0x08016289   Thumb Code    34  _sgetc.o(.text)
    _strtoul                                 0x080162ab   Thumb Code   158  _strtoul.o(.text)
    __user_setup_stackheap                   0x08016349   Thumb Code    74  sys_stackheap_outer.o(.text)
    __rt_locale                              0x08016395   Thumb Code     8  rt_locale_intlibspace.o(.text)
    _chval                                   0x0801639d   Thumb Code    28  _chval.o(.text)
    _scanf_really_real                       0x080165b5   Thumb Code   668  scanf_fp.o(.text)
    exit                                     0x0801685d   Thumb Code    18  exit.o(.text)
    strcmp                                   0x08016871   Thumb Code   128  strcmpv7m.o(.text)
    _btod_etento                             0x080168f1   Thumb Code   216  bigflt0.o(.text)
    _scanf_really_hex_real                   0x080169cd   Thumb Code   786  scanf_hexfp.o(.text)
    _scanf_really_infnan                     0x08016ced   Thumb Code   292  scanf_infnan.o(.text)
    _sys_exit                                0x08016e21   Thumb Code     8  sys_exit.o(.text)
    __aeabi_llsl                             0x08016e2d   Thumb Code     0  llshl.o(.text)
    _ll_shift_l                              0x08016e2d   Thumb Code    38  llshl.o(.text)
    __I$use$semihosting                      0x08016e53   Thumb Code     0  use_no_semi.o(.text)
    __use_no_semihosting_swi                 0x08016e53   Thumb Code     2  use_no_semi.o(.text)
    __btod_div_common                        0x08016e55   Thumb Code   696  btod.o(CL$$btod_div_common)
    __semihosting_library_function           0x08016e55   Thumb Code     0  indicate_semi.o(.text)
    _e2d                                     0x0801718d   Thumb Code    80  btod.o(CL$$btod_e2d)
    _e2e                                     0x080171e1   Thumb Code   198  btod.o(CL$$btod_e2e)
    _btod_ediv                               0x080172a7   Thumb Code    40  btod.o(CL$$btod_ediv)
    _btod_edivd                              0x080172cf   Thumb Code    40  btod.o(CL$$btod_edivd)
    _btod_emul                               0x080172f7   Thumb Code    40  btod.o(CL$$btod_emul)
    _btod_emuld                              0x0801731f   Thumb Code    40  btod.o(CL$$btod_emuld)
    __btod_mult_common                       0x08017347   Thumb Code   580  btod.o(CL$$btod_mult_common)
    __ARM_fpclassify                         0x0801758b   Thumb Code    48  fpclassify.o(i.__ARM_fpclassify)
    __ARM_fpclassifyf                        0x080175bb   Thumb Code    38  fpclassifyf.o(i.__ARM_fpclassifyf)
    __hardfp_asinf                           0x080175e1   Thumb Code   258  asinf.o(i.__hardfp_asinf)
    __hardfp_atan                            0x08017711   Thumb Code   622  atan.o(i.__hardfp_atan)
    __hardfp_atan2f                          0x080179e9   Thumb Code   502  atan2f.o(i.__hardfp_atan2f)
    __hardfp_atof                            0x08017c39   Thumb Code    44  atof.o(i.__hardfp_atof)
    __hardfp_cos                             0x08017c71   Thumb Code   180  cos.o(i.__hardfp_cos)
    __hardfp_fabs                            0x08017d39   Thumb Code    20  fabs.o(i.__hardfp_fabs)
    __hardfp_ldexp                           0x08017d51   Thumb Code   200  ldexp.o(i.__hardfp_ldexp)
    __hardfp_sin                             0x08017e21   Thumb Code   180  sin.o(i.__hardfp_sin)
    __ieee754_rem_pio2                       0x08017ee9   Thumb Code   938  rred.o(i.__ieee754_rem_pio2)
    __kernel_cos                             0x08018321   Thumb Code   322  cos_i.o(i.__kernel_cos)
    __kernel_poly                            0x08018491   Thumb Code   248  poly.o(i.__kernel_poly)
    __kernel_sin                             0x08018589   Thumb Code   280  sin_i.o(i.__kernel_sin)
    __mathlib_dbl_infnan                     0x080186b9   Thumb Code    20  dunder.o(i.__mathlib_dbl_infnan)
    __mathlib_dbl_invalid                    0x080186d1   Thumb Code    24  dunder.o(i.__mathlib_dbl_invalid)
    __mathlib_dbl_overflow                   0x080186f1   Thumb Code    24  dunder.o(i.__mathlib_dbl_overflow)
    __mathlib_dbl_underflow                  0x08018711   Thumb Code    24  dunder.o(i.__mathlib_dbl_underflow)
    __mathlib_flt_infnan                     0x08018731   Thumb Code     6  funder.o(i.__mathlib_flt_infnan)
    __mathlib_flt_infnan2                    0x08018737   Thumb Code     6  funder.o(i.__mathlib_flt_infnan2)
    __mathlib_flt_invalid                    0x0801873d   Thumb Code    10  funder.o(i.__mathlib_flt_invalid)
    __mathlib_flt_underflow                  0x0801874d   Thumb Code    10  funder.o(i.__mathlib_flt_underflow)
    __mathlib_narrow                         0x08018761   Thumb Code   166  narrow.o(i.__mathlib_narrow)
    __support_ldexp                          0x08018819   Thumb Code    20  ldexp.o(i.__support_ldexp)
    _is_digit                                0x0801882d   Thumb Code    14  scanf_fp.o(i._is_digit)
    fabs                                     0x0801883b   Thumb Code    24  fabs.o(i.fabs)
    frexp                                    0x08018859   Thumb Code   118  frexp.o(i.frexp)
    sqrtf                                    0x080188e5   Thumb Code    62  sqrtf.o(i.sqrtf)
    _get_lc_numeric                          0x08018925   Thumb Code    44  lc_numeric_c.o(locale$$code)
    _get_lc_ctype                            0x08018951   Thumb Code    44  lc_ctype_c.o(locale$$code)
    __aeabi_dneg                             0x0801897d   Thumb Code     0  basic.o(x$fpl$basic)
    _dneg                                    0x0801897d   Thumb Code     6  basic.o(x$fpl$basic)
    __aeabi_fneg                             0x08018983   Thumb Code     0  basic.o(x$fpl$basic)
    _fneg                                    0x08018983   Thumb Code     6  basic.o(x$fpl$basic)
    _dabs                                    0x08018989   Thumb Code     6  basic.o(x$fpl$basic)
    _fabs                                    0x0801898f   Thumb Code     6  basic.o(x$fpl$basic)
    __aeabi_d2f                              0x08018995   Thumb Code     0  d2f.o(x$fpl$d2f)
    _d2f                                     0x08018995   Thumb Code    98  d2f.o(x$fpl$d2f)
    __aeabi_dadd                             0x080189f9   Thumb Code     0  daddsub_clz.o(x$fpl$dadd)
    _dadd                                    0x080189f9   Thumb Code   332  daddsub_clz.o(x$fpl$dadd)
    __fpl_dcheck_NaN1                        0x08018b49   Thumb Code    10  dcheck1.o(x$fpl$dcheck1)
    __fpl_dcmp_Inf                           0x08018b59   Thumb Code    24  dcmpi.o(x$fpl$dcmpinf)
    __aeabi_ddiv                             0x08018b71   Thumb Code     0  ddiv.o(x$fpl$ddiv)
    _ddiv                                    0x08018b71   Thumb Code   552  ddiv.o(x$fpl$ddiv)
    __aeabi_cdcmpeq                          0x08018e21   Thumb Code     0  deqf.o(x$fpl$deqf)
    _dcmpeq                                  0x08018e21   Thumb Code   120  deqf.o(x$fpl$deqf)
    __aeabi_d2iz                             0x08018e99   Thumb Code     0  dfix.o(x$fpl$dfix)
    _dfix                                    0x08018e99   Thumb Code    94  dfix.o(x$fpl$dfix)
    __aeabi_i2d                              0x08018ef7   Thumb Code     0  dflt_clz.o(x$fpl$dflt)
    _dflt                                    0x08018ef7   Thumb Code    46  dflt_clz.o(x$fpl$dflt)
    __aeabi_ui2d                             0x08018f25   Thumb Code     0  dflt_clz.o(x$fpl$dfltu)
    _dfltu                                   0x08018f25   Thumb Code    38  dflt_clz.o(x$fpl$dfltu)
    __aeabi_cdcmple                          0x08018f4d   Thumb Code     0  dleqf.o(x$fpl$dleqf)
    _dcmple                                  0x08018f4d   Thumb Code   120  dleqf.o(x$fpl$dleqf)
    __fpl_dcmple_InfNaN                      0x08018faf   Thumb Code     0  dleqf.o(x$fpl$dleqf)
    __aeabi_dmul                             0x08018fc5   Thumb Code     0  dmul.o(x$fpl$dmul)
    _dmul                                    0x08018fc5   Thumb Code   332  dmul.o(x$fpl$dmul)
    __fpl_dnaninf                            0x08019119   Thumb Code   156  dnaninf.o(x$fpl$dnaninf)
    __fpl_dretinf                            0x080191b5   Thumb Code    12  dretinf.o(x$fpl$dretinf)
    __aeabi_cdrcmple                         0x080191c1   Thumb Code     0  drleqf.o(x$fpl$drleqf)
    _drcmple                                 0x080191c1   Thumb Code   108  drleqf.o(x$fpl$drleqf)
    __aeabi_drsub                            0x0801922d   Thumb Code     0  daddsub_clz.o(x$fpl$drsb)
    _drsb                                    0x0801922d   Thumb Code    22  daddsub_clz.o(x$fpl$drsb)
    __aeabi_dsub                             0x08019245   Thumb Code     0  daddsub_clz.o(x$fpl$dsub)
    _dsub                                    0x08019245   Thumb Code   464  daddsub_clz.o(x$fpl$dsub)
    __aeabi_f2d                              0x08019419   Thumb Code     0  f2d.o(x$fpl$f2d)
    _f2d                                     0x08019419   Thumb Code    86  f2d.o(x$fpl$f2d)
    __fpl_fnaninf                            0x0801946f   Thumb Code   140  fnaninf.o(x$fpl$fnaninf)
    _fp_init                                 0x080194fb   Thumb Code    10  fpinit.o(x$fpl$fpinit)
    __fplib_config_fpu_vfp                   0x08019503   Thumb Code     0  fpinit.o(x$fpl$fpinit)
    __fplib_config_pureend_doubles           0x08019503   Thumb Code     0  fpinit.o(x$fpl$fpinit)
    __fpl_fretinf                            0x08019505   Thumb Code    10  fretinf.o(x$fpl$fretinf)
    __fpl_return_NaN                         0x0801950f   Thumb Code   100  retnan.o(x$fpl$retnan)
    __ARM_scalbn                             0x08019573   Thumb Code    92  scalbn.o(x$fpl$scalbn)
    _scanf_real                              0x080195cf   Thumb Code     4  scanf1.o(x$fpl$scanf1)
    _scanf_hex_real                          0x080195d3   Thumb Code     4  scanf2.o(x$fpl$scanf2)
    _scanf_infnan                            0x080195d7   Thumb Code     4  scanf2.o(x$fpl$scanf2)
    __fpl_cmpreturn                          0x080195db   Thumb Code    48  trapv.o(x$fpl$trapveneer)
    __I$use$fp                               0x0801960a   Number         0  usenofp.o(x$fpl$usenofp)
    __lowest_bit_bitmap                      0x080198e0   Data         256  kservice.o(.constdata)
    reg                                      0x0801a09c   Data          30  inv_mpu.o(.constdata)
    hw                                       0x0801a0ba   Data          12  inv_mpu.o(.constdata)
    test                                     0x0801a0c8   Data          40  inv_mpu.o(.constdata)
    __fsym_list_mem_name                     0x0801b7d5   Data           9  mem.o(.rodata.name)
    __fsym_list_mem_desc                     0x0801b7de   Data          30  mem.o(.rodata.name)
    __fsym___cmd_swradius_name               0x0801b7fc   Data          15  wind_swing.o(.rodata.name)
    __fsym___cmd_swradius_desc               0x0801b80b   Data          17  wind_swing.o(.rodata.name)
    __fsym___cmd_swangle_name                0x0801b81c   Data          14  wind_swing.o(.rodata.name)
    __fsym___cmd_swangle_desc                0x0801b82a   Data          16  wind_swing.o(.rodata.name)
    __fsym___cmd_swpid_name                  0x0801b83a   Data          12  wind_swing.o(.rodata.name)
    __fsym___cmd_swpid_desc                  0x0801b846   Data          32  wind_swing.o(.rodata.name)
    __fsym___cmd_swinit_name                 0x0801b866   Data          13  wind_swing.o(.rodata.name)
    __fsym___cmd_swinit_desc                 0x0801b873   Data          32  wind_swing.o(.rodata.name)
    __fsym___cmd_swdeinit_name               0x0801b893   Data          15  wind_swing.o(.rodata.name)
    __fsym___cmd_swdeinit_desc               0x0801b8a2   Data          24  wind_swing.o(.rodata.name)
    __fsym___cmd_reset_name                  0x0801b8ba   Data          12  board.o(.rodata.name)
    __fsym___cmd_reset_desc                  0x0801b8c6   Data          15  board.o(.rodata.name)
    __fsym___cmd_pwm_name                    0x0801b8d5   Data          10  drv_pwm.o(.rodata.name)
    __fsym___cmd_pwm_desc                    0x0801b8df   Data          22  drv_pwm.o(.rodata.name)
    __fsym___cmd_cpwm_name                   0x0801b8f5   Data          11  drv_pwm.o(.rodata.name)
    __fsym___cmd_cpwm_desc                   0x0801b900   Data          25  drv_pwm.o(.rodata.name)
    __fsym___cmd_euler_name                  0x0801b919   Data          12  dmp.o(.rodata.name)
    __fsym___cmd_euler_desc                  0x0801b925   Data          29  dmp.o(.rodata.name)
    __fsym_pinMode_name                      0x0801b942   Data           8  pin.o(.rodata.name)
    __fsym_pinMode_desc                      0x0801b94a   Data          22  pin.o(.rodata.name)
    __fsym_pinWrite_name                     0x0801b960   Data           9  pin.o(.rodata.name)
    __fsym_pinWrite_desc                     0x0801b969   Data          28  pin.o(.rodata.name)
    __fsym_pinRead_name                      0x0801b985   Data           8  pin.o(.rodata.name)
    __fsym_pinRead_desc                      0x0801b98d   Data          30  pin.o(.rodata.name)
    __fsym_pwm_enable_name                   0x0801b9ab   Data          11  rt_drv_pwm.o(.rodata.name)
    __fsym_pwm_enable_desc                   0x0801b9b6   Data          23  rt_drv_pwm.o(.rodata.name)
    __fsym_pwm_set_name                      0x0801b9cd   Data           8  rt_drv_pwm.o(.rodata.name)
    __fsym_pwm_set_desc                      0x0801b9d5   Data           9  rt_drv_pwm.o(.rodata.name)
    __fsym___cmd_pwm_enable_name             0x0801b9de   Data          17  rt_drv_pwm.o(.rodata.name)
    __fsym___cmd_pwm_enable_desc             0x0801b9ef   Data          18  rt_drv_pwm.o(.rodata.name)
    __fsym___cmd_pwm_disable_name            0x0801ba01   Data          18  rt_drv_pwm.o(.rodata.name)
    __fsym___cmd_pwm_disable_desc            0x0801ba13   Data          19  rt_drv_pwm.o(.rodata.name)
    __fsym___cmd_pwm_set_name                0x0801ba26   Data          14  rt_drv_pwm.o(.rodata.name)
    __fsym___cmd_pwm_set_desc                0x0801ba34   Data          17  rt_drv_pwm.o(.rodata.name)
    __fsym_hello_name                        0x0801ba45   Data           6  cmd.o(.rodata.name)
    __fsym_hello_desc                        0x0801ba4b   Data          16  cmd.o(.rodata.name)
    __fsym_version_name                      0x0801ba5b   Data           8  cmd.o(.rodata.name)
    __fsym_version_desc                      0x0801ba63   Data          35  cmd.o(.rodata.name)
    __fsym___cmd_version_name                0x0801ba86   Data          14  cmd.o(.rodata.name)
    __fsym___cmd_version_desc                0x0801ba94   Data          35  cmd.o(.rodata.name)
    __fsym_list_thread_name                  0x0801bab7   Data          12  cmd.o(.rodata.name)
    __fsym_list_thread_desc                  0x0801bac3   Data          12  cmd.o(.rodata.name)
    __fsym___cmd_list_thread_name            0x0801bacf   Data          18  cmd.o(.rodata.name)
    __fsym___cmd_list_thread_desc            0x0801bae1   Data          12  cmd.o(.rodata.name)
    __fsym_list_sem_name                     0x0801baed   Data           9  cmd.o(.rodata.name)
    __fsym_list_sem_desc                     0x0801baf6   Data          25  cmd.o(.rodata.name)
    __fsym___cmd_list_sem_name               0x0801bb0f   Data          15  cmd.o(.rodata.name)
    __fsym___cmd_list_sem_desc               0x0801bb1e   Data          25  cmd.o(.rodata.name)
    __fsym_list_event_name                   0x0801bb37   Data          11  cmd.o(.rodata.name)
    __fsym_list_event_desc                   0x0801bb42   Data          21  cmd.o(.rodata.name)
    __fsym___cmd_list_event_name             0x0801bb57   Data          17  cmd.o(.rodata.name)
    __fsym___cmd_list_event_desc             0x0801bb68   Data          21  cmd.o(.rodata.name)
    __fsym_list_mutex_name                   0x0801bb7d   Data          11  cmd.o(.rodata.name)
    __fsym_list_mutex_desc                   0x0801bb88   Data          21  cmd.o(.rodata.name)
    __fsym___cmd_list_mutex_name             0x0801bb9d   Data          17  cmd.o(.rodata.name)
    __fsym___cmd_list_mutex_desc             0x0801bbae   Data          21  cmd.o(.rodata.name)
    __fsym_list_mailbox_name                 0x0801bbc3   Data          13  cmd.o(.rodata.name)
    __fsym_list_mailbox_desc                 0x0801bbd0   Data          24  cmd.o(.rodata.name)
    __fsym___cmd_list_mailbox_name           0x0801bbe8   Data          19  cmd.o(.rodata.name)
    __fsym___cmd_list_mailbox_desc           0x0801bbfb   Data          24  cmd.o(.rodata.name)
    __fsym_list_msgqueue_name                0x0801bc13   Data          14  cmd.o(.rodata.name)
    __fsym_list_msgqueue_desc                0x0801bc21   Data          29  cmd.o(.rodata.name)
    __fsym___cmd_list_msgqueue_name          0x0801bc3e   Data          20  cmd.o(.rodata.name)
    __fsym___cmd_list_msgqueue_desc          0x0801bc52   Data          29  cmd.o(.rodata.name)
    __fsym_list_mempool_name                 0x0801bc6f   Data          13  cmd.o(.rodata.name)
    __fsym_list_mempool_desc                 0x0801bc7c   Data          27  cmd.o(.rodata.name)
    __fsym___cmd_list_mempool_name           0x0801bc97   Data          19  cmd.o(.rodata.name)
    __fsym___cmd_list_mempool_desc           0x0801bcaa   Data          27  cmd.o(.rodata.name)
    __fsym_list_timer_name                   0x0801bcc5   Data          11  cmd.o(.rodata.name)
    __fsym_list_timer_desc                   0x0801bcd0   Data          21  cmd.o(.rodata.name)
    __fsym___cmd_list_timer_name             0x0801bce5   Data          17  cmd.o(.rodata.name)
    __fsym___cmd_list_timer_desc             0x0801bcf6   Data          21  cmd.o(.rodata.name)
    __fsym_list_device_name                  0x0801bd0b   Data          12  cmd.o(.rodata.name)
    __fsym_list_device_desc                  0x0801bd17   Data          22  cmd.o(.rodata.name)
    __fsym___cmd_list_device_name            0x0801bd2d   Data          18  cmd.o(.rodata.name)
    __fsym___cmd_list_device_desc            0x0801bd3f   Data          22  cmd.o(.rodata.name)
    __fsym_list_name                         0x0801bd55   Data           5  cmd.o(.rodata.name)
    __fsym_list_desc                         0x0801bd5a   Data          26  cmd.o(.rodata.name)
    __fsym___cmd_help_name                   0x0801bd74   Data          11  msh.o(.rodata.name)
    __fsym___cmd_help_desc                   0x0801bd7f   Data          22  msh.o(.rodata.name)
    __fsym___cmd_ps_name                     0x0801bd95   Data           9  msh_cmd.o(.rodata.name)
    __fsym___cmd_ps_desc                     0x0801bd9e   Data          28  msh_cmd.o(.rodata.name)
    __fsym___cmd_time_name                   0x0801bdba   Data          11  msh_cmd.o(.rodata.name)
    __fsym___cmd_time_desc                   0x0801bdc5   Data          27  msh_cmd.o(.rodata.name)
    __fsym___cmd_free_name                   0x0801bde0   Data          11  msh_cmd.o(.rodata.name)
    __fsym___cmd_free_desc                   0x0801bdeb   Data          37  msh_cmd.o(.rodata.name)
    __rt_init_rti_start                      0x0801be10   Data           4  components.o(.rti_fn.0)
    __rt_init_rti_board_start                0x0801be14   Data           4  components.o(.rti_fn.0.end)
    __rt_init_stm32_hw_usart_init            0x0801be18   Data           4  usart.o(.rti_fn.1)
    __rt_init_stm32_hw_pin_init              0x0801be1c   Data           4  gpio.o(.rti_fn.1)
    __rt_init_stm32_hwtimer_init             0x0801be20   Data           4  drv_hwtimer.o(.rti_fn.1)
    __rt_init_pwm_init                       0x0801be24   Data           4  drv_pwm.o(.rti_fn.1)
    __rt_init_rti_board_end                  0x0801be28   Data           4  components.o(.rti_fn.1.end)
    __rt_init_anop_init                      0x0801be2c   Data           4  anop.o(.rti_fn.4)
    __rt_init_rt_i2c_core_init               0x0801be30   Data           4  i2c_core.o(.rti_fn.4)
    __rt_init_rti_end                        0x0801be34   Data           4  components.o(.rti_fn.6.end)
    FSymTab$$Base                            0x0801be38   Number         0  mem.o(FSymTab)
    __fsym_list_mem                          0x0801be38   Data          12  mem.o(FSymTab)
    __fsym___cmd_swradius                    0x0801be44   Data          12  wind_swing.o(FSymTab)
    __fsym___cmd_swangle                     0x0801be50   Data          12  wind_swing.o(FSymTab)
    __fsym___cmd_swpid                       0x0801be5c   Data          12  wind_swing.o(FSymTab)
    __fsym___cmd_swinit                      0x0801be68   Data          12  wind_swing.o(FSymTab)
    __fsym___cmd_swdeinit                    0x0801be74   Data          12  wind_swing.o(FSymTab)
    __fsym___cmd_reset                       0x0801be80   Data          12  board.o(FSymTab)
    __fsym___cmd_pwm                         0x0801be8c   Data          12  drv_pwm.o(FSymTab)
    __fsym___cmd_cpwm                        0x0801be98   Data          12  drv_pwm.o(FSymTab)
    __fsym___cmd_euler                       0x0801bea4   Data          12  dmp.o(FSymTab)
    __fsym_pinMode                           0x0801beb0   Data          12  pin.o(FSymTab)
    __fsym_pinWrite                          0x0801bebc   Data          12  pin.o(FSymTab)
    __fsym_pinRead                           0x0801bec8   Data          12  pin.o(FSymTab)
    __fsym_pwm_enable                        0x0801bed4   Data          12  rt_drv_pwm.o(FSymTab)
    __fsym_pwm_set                           0x0801bee0   Data          12  rt_drv_pwm.o(FSymTab)
    __fsym___cmd_pwm_enable                  0x0801beec   Data          12  rt_drv_pwm.o(FSymTab)
    __fsym___cmd_pwm_disable                 0x0801bef8   Data          12  rt_drv_pwm.o(FSymTab)
    __fsym___cmd_pwm_set                     0x0801bf04   Data          12  rt_drv_pwm.o(FSymTab)
    __fsym_hello                             0x0801bf10   Data          12  cmd.o(FSymTab)
    __fsym_version                           0x0801bf1c   Data          12  cmd.o(FSymTab)
    __fsym___cmd_version                     0x0801bf28   Data          12  cmd.o(FSymTab)
    __fsym_list_thread                       0x0801bf34   Data          12  cmd.o(FSymTab)
    __fsym___cmd_list_thread                 0x0801bf40   Data          12  cmd.o(FSymTab)
    __fsym_list_sem                          0x0801bf4c   Data          12  cmd.o(FSymTab)
    __fsym___cmd_list_sem                    0x0801bf58   Data          12  cmd.o(FSymTab)
    __fsym_list_event                        0x0801bf64   Data          12  cmd.o(FSymTab)
    __fsym___cmd_list_event                  0x0801bf70   Data          12  cmd.o(FSymTab)
    __fsym_list_mutex                        0x0801bf7c   Data          12  cmd.o(FSymTab)
    __fsym___cmd_list_mutex                  0x0801bf88   Data          12  cmd.o(FSymTab)
    __fsym_list_mailbox                      0x0801bf94   Data          12  cmd.o(FSymTab)
    __fsym___cmd_list_mailbox                0x0801bfa0   Data          12  cmd.o(FSymTab)
    __fsym_list_msgqueue                     0x0801bfac   Data          12  cmd.o(FSymTab)
    __fsym___cmd_list_msgqueue               0x0801bfb8   Data          12  cmd.o(FSymTab)
    __fsym_list_mempool                      0x0801bfc4   Data          12  cmd.o(FSymTab)
    __fsym___cmd_list_mempool                0x0801bfd0   Data          12  cmd.o(FSymTab)
    __fsym_list_timer                        0x0801bfdc   Data          12  cmd.o(FSymTab)
    __fsym___cmd_list_timer                  0x0801bfe8   Data          12  cmd.o(FSymTab)
    __fsym_list_device                       0x0801bff4   Data          12  cmd.o(FSymTab)
    __fsym___cmd_list_device                 0x0801c000   Data          12  cmd.o(FSymTab)
    __fsym_list                              0x0801c00c   Data          12  cmd.o(FSymTab)
    __fsym___cmd_help                        0x0801c018   Data          12  msh.o(FSymTab)
    __fsym___cmd_ps                          0x0801c024   Data          12  msh_cmd.o(FSymTab)
    __fsym___cmd_time                        0x0801c030   Data          12  msh_cmd.o(FSymTab)
    __fsym___cmd_free                        0x0801c03c   Data          12  msh_cmd.o(FSymTab)
    FSymTab$$Limit                           0x0801c048   Number         0  msh_cmd.o(FSymTab)
    Region$$Table$$Base                      0x0801c048   Number         0  anon$$obj.o(Region$$Table)
    Region$$Table$$Limit                     0x0801c068   Number         0  anon$$obj.o(Region$$Table)
    __aeabi_HUGE_VAL                         0x0801c068   Data           0  fpconst.o(c$$dinf)
    __aeabi_HUGE_VALL                        0x0801c068   Data           0  fpconst.o(c$$dinf)
    __aeabi_INFINITY                         0x0801c068   Data           0  fpconst.o(c$$dinf)
    __dInf                                   0x0801c068   Data           0  fpconst.o(c$$dinf)
    __huge_val                               0x0801c068   Data           0  fpconst.o(c$$dinf)
    __ctype                                  0x0801c099   Data           0  lc_ctype_c.o(locale$$data)
    rt_interrupt_nest                        0x2000000c   Data           1  irq.o(.data)
    rt_assert_hook                           0x20000018   Data           4  kservice.o(.data)
    rt_object_trytake_hook                   0x200000d4   Data           4  object.o(.data)
    rt_object_take_hook                      0x200000d8   Data           4  object.o(.data)
    rt_object_put_hook                       0x200000dc   Data           4  object.o(.data)
    rt_thread_ready_priority_group           0x200000e0   Data           4  scheduler.o(.data)
    rt_current_thread                        0x200000e8   Data           4  scheduler.o(.data)
    rt_current_priority                      0x200000ec   Data           1  scheduler.o(.data)
    rt_thread_defunct                        0x200000f0   Data           8  scheduler.o(.data)
    exti_hook                                0x20000134   Data           4  platform.o(.data)
    uart1                                    0x20000138   Data          32  usart.o(.data)
    uart3                                    0x20000158   Data          32  usart.o(.data)
    i2c_bus                                  0x2000017c   Data           4  dmp.o(.data)
    SystemCoreClock                          0x200001c0   Data           4  system_stm32f4xx.o(.data)
    AHBPrescTable                            0x200001c4   Data          16  system_stm32f4xx.o(.data)
    rt_interrupt_from_thread                 0x200001e4   Data           4  cpuport.o(.data)
    rt_interrupt_to_thread                   0x200001e8   Data           4  cpuport.o(.data)
    rt_thread_switch_interrupt_flag          0x200001ec   Data           4  cpuport.o(.data)
    shell                                    0x200001f4   Data           4  shell.o(.data)
    _syscall_table_begin                     0x200001fc   Data           4  symbol.o(.data)
    _syscall_table_end                       0x20000200   Data           4  symbol.o(.data)
    _sysvar_table_begin                      0x20000204   Data           4  symbol.o(.data)
    _sysvar_table_end                        0x20000208   Data           4  symbol.o(.data)
    rt_thread_priority_table                 0x2000073c   Data         256  scheduler.o(.bss)
    serial1                                  0x20000888   Data          64  usart.o(.bss)
    serial3                                  0x200008c8   Data          64  usart.o(.bss)
    el                                       0x200009d8   Data          12  dmp.o(.bss)
    __libspace_start                         0x20000aa8   Data          96  libspace.o(.bss)
    __temporary_stack_top$libspace           0x20000b08   Data           0  libspace.o(.bss)
    Image$$RW_IRAM1$$ZI$$Limit               0x20001108   Number         0  anon$$obj.o ABSOLUTE



==============================================================================

Memory Map of the image

  Image Entry point : 0x08000189

  Load Region LR_IROM1 (Base: 0x08000000, Size: 0x0001c3a8, Max: 0x00100000, ABSOLUTE, COMPRESSED[0x0001c234])

    Execution Region ER_IROM1 (Base: 0x08000000, Size: 0x0001c19c, Max: 0x00100000, ABSOLUTE)

    Base Addr    Size         Type   Attr      Idx    E Section Name        Object

    0x08000000   0x00000188   Data   RO         1358    RESET               startup_stm32f4xx.o
    0x08000188   0x00000008   Code   RO         1789  * !!!main             c_w.l(__main.o)
    0x08000190   0x00000034   Code   RO         2260    !!!scatter          c_w.l(__scatter.o)
    0x080001c4   0x0000005a   Code   RO         2258    !!dczerorl2         c_w.l(__dczerorl2.o)
    0x0800021e   0x00000002   PAD
    0x08000220   0x0000001c   Code   RO         2262    !!handler_zi        c_w.l(__scatter_zi.o)
    0x0800023c   0x00000002   Code   RO         2044    .ARM.Collect$$libinit$$00000000  c_w.l(libinit.o)
    0x0800023e   0x00000004   Code   RO         2045    .ARM.Collect$$libinit$$00000001  c_w.l(libinit2.o)
    0x08000242   0x00000000   Code   RO         2048    .ARM.Collect$$libinit$$00000004  c_w.l(libinit2.o)
    0x08000242   0x00000000   Code   RO         2051    .ARM.Collect$$libinit$$0000000A  c_w.l(libinit2.o)
    0x08000242   0x00000000   Code   RO         2053    .ARM.Collect$$libinit$$0000000C  c_w.l(libinit2.o)
    0x08000242   0x00000000   Code   RO         2055    .ARM.Collect$$libinit$$0000000E  c_w.l(libinit2.o)
    0x08000242   0x00000006   Code   RO         2056    .ARM.Collect$$libinit$$0000000F  c_w.l(libinit2.o)
    0x08000248   0x00000000   Code   RO         2058    .ARM.Collect$$libinit$$00000011  c_w.l(libinit2.o)
    0x08000248   0x0000000c   Code   RO         2059    .ARM.Collect$$libinit$$00000012  c_w.l(libinit2.o)
    0x08000254   0x00000000   Code   RO         2060    .ARM.Collect$$libinit$$00000013  c_w.l(libinit2.o)
    0x08000254   0x00000000   Code   RO         2062    .ARM.Collect$$libinit$$00000015  c_w.l(libinit2.o)
    0x08000254   0x0000000a   Code   RO         2063    .ARM.Collect$$libinit$$00000016  c_w.l(libinit2.o)
    0x0800025e   0x00000000   Code   RO         2064    .ARM.Collect$$libinit$$00000017  c_w.l(libinit2.o)
    0x0800025e   0x00000000   Code   RO         2066    .ARM.Collect$$libinit$$00000019  c_w.l(libinit2.o)
    0x0800025e   0x00000000   Code   RO         2068    .ARM.Collect$$libinit$$0000001B  c_w.l(libinit2.o)
    0x0800025e   0x00000000   Code   RO         2070    .ARM.Collect$$libinit$$0000001D  c_w.l(libinit2.o)
    0x0800025e   0x00000000   Code   RO         2072    .ARM.Collect$$libinit$$0000001F  c_w.l(libinit2.o)
    0x0800025e   0x00000000   Code   RO         2074    .ARM.Collect$$libinit$$00000021  c_w.l(libinit2.o)
    0x0800025e   0x00000000   Code   RO         2076    .ARM.Collect$$libinit$$00000023  c_w.l(libinit2.o)
    0x0800025e   0x00000000   Code   RO         2078    .ARM.Collect$$libinit$$00000025  c_w.l(libinit2.o)
    0x0800025e   0x00000000   Code   RO         2082    .ARM.Collect$$libinit$$0000002C  c_w.l(libinit2.o)
    0x0800025e   0x00000000   Code   RO         2084    .ARM.Collect$$libinit$$0000002E  c_w.l(libinit2.o)
    0x0800025e   0x00000000   Code   RO         2086    .ARM.Collect$$libinit$$00000030  c_w.l(libinit2.o)
    0x0800025e   0x00000000   Code   RO         2088    .ARM.Collect$$libinit$$00000032  c_w.l(libinit2.o)
    0x0800025e   0x00000002   Code   RO         2089    .ARM.Collect$$libinit$$00000033  c_w.l(libinit2.o)
    0x08000260   0x00000002   Code   RO         2191    .ARM.Collect$$libshutdown$$00000000  c_w.l(libshutdown.o)
    0x08000262   0x00000000   Code   RO         2218    .ARM.Collect$$libshutdown$$00000002  c_w.l(libshutdown2.o)
    0x08000262   0x00000000   Code   RO         2220    .ARM.Collect$$libshutdown$$00000004  c_w.l(libshutdown2.o)
    0x08000262   0x00000000   Code   RO         2223    .ARM.Collect$$libshutdown$$00000007  c_w.l(libshutdown2.o)
    0x08000262   0x00000000   Code   RO         2226    .ARM.Collect$$libshutdown$$0000000A  c_w.l(libshutdown2.o)
    0x08000262   0x00000000   Code   RO         2228    .ARM.Collect$$libshutdown$$0000000C  c_w.l(libshutdown2.o)
    0x08000262   0x00000000   Code   RO         2231    .ARM.Collect$$libshutdown$$0000000F  c_w.l(libshutdown2.o)
    0x08000262   0x00000002   Code   RO         2232    .ARM.Collect$$libshutdown$$00000010  c_w.l(libshutdown2.o)
    0x08000264   0x00000000   Code   RO         1887    .ARM.Collect$$rtentry$$00000000  c_w.l(__rtentry.o)
    0x08000264   0x00000000   Code   RO         1984    .ARM.Collect$$rtentry$$00000002  c_w.l(__rtentry2.o)
    0x08000264   0x00000006   Code   RO         1996    .ARM.Collect$$rtentry$$00000004  c_w.l(__rtentry4.o)
    0x0800026a   0x00000000   Code   RO         1986    .ARM.Collect$$rtentry$$00000009  c_w.l(__rtentry2.o)
    0x0800026a   0x00000004   Code   RO         1987    .ARM.Collect$$rtentry$$0000000A  c_w.l(__rtentry2.o)
    0x0800026e   0x00000000   Code   RO         1989    .ARM.Collect$$rtentry$$0000000C  c_w.l(__rtentry2.o)
    0x0800026e   0x00000008   Code   RO         1990    .ARM.Collect$$rtentry$$0000000D  c_w.l(__rtentry2.o)
    0x08000276   0x00000002   Code   RO         2090    .ARM.Collect$$rtexit$$00000000  c_w.l(rtexit.o)
    0x08000278   0x00000000   Code   RO         2145    .ARM.Collect$$rtexit$$00000002  c_w.l(rtexit2.o)
    0x08000278   0x00000004   Code   RO         2146    .ARM.Collect$$rtexit$$00000003  c_w.l(rtexit2.o)
    0x0800027c   0x00000006   Code   RO         2147    .ARM.Collect$$rtexit$$00000004  c_w.l(rtexit2.o)
    0x08000282   0x00000002   PAD
    0x08000284   0x00000088   Code   RO            1    .text               clock.o
    0x0800030c   0x00000044   Code   RO           82    .text               components.o
    0x08000350   0x00000548   Code   RO          106    .text               device.o
    0x08000898   0x000001fc   Code   RO          119    .text               idle.o
    0x08000a94   0x00001c08   Code   RO          138    .text               ipc.o
    0x0800269c   0x0000008c   Code   RO          156    .text               irq.o
    0x08002728   0x00000ad4   Code   RO          171    .text               kservice.o
    0x080031fc   0x000008b8   Code   RO          191    .text               mem.o
    0x08003ab4   0x00000374   Code   RO          246    .text               object.o
    0x08003e28   0x0000038c   Code   RO          265    .text               scheduler.o
    0x080041b4   0x000007e0   Code   RO          301    .text               thread.o
    0x08004994   0x000005bc   Code   RO          321    .text               timer.o
    0x08004f50   0x000003cc   Code   RO          340    .text               anop.o
    0x0800531c   0x00000048   Code   RO          361    .text               application.o
    0x08005364   0x000000cc   Code   RO          531    .text               startup.o
    0x08005430   0x00000c6c   Code   RO          546    .text               wind_swing.o
    0x0800609c   0x000000f0   Code   RO          578    .text               board.o
    0x0800618c   0x00000010   Code   RO          608    .text               stm32f4xx_it.o
    0x0800619c   0x000000ac   Code   RO          624    .text               platform.o
    0x08006248   0x0000053c   Code   RO          643    .text               usart.o
    0x08006784   0x0000010c   Code   RO          669    .text               gpio.o
    0x08006890   0x00000154   Code   RO          689    .text               drv_hwtimer.o
    0x080069e4   0x00000108   Code   RO          713    .text               stm32_i2c.o
    0x08006aec   0x000002ac   Code   RO          732    .text               drv_pwm.o
    0x08006d98   0x0000053c   Code   RO          753    .text               dmp.o
    0x080072d4   0x00001f64   Code   RO          782    .text               inv_mpu.o
    0x08009238   0x00000d94   Code   RO          815    .text               inv_mpu_dmp_motion_driver.o
    0x08009fcc   0x00000210   Code   RO          837    .text               system_stm32f4xx.o
    0x0800a1dc   0x000001ec   Code   RO          859    .text               misc.o
    0x0800a3c8   0x000013cc   Code   RO         1035    .text               stm32f4xx_dma.o
    0x0800b794   0x0000030c   Code   RO         1051    .text               stm32f4xx_exti.o
    0x0800baa0   0x00000916   Code   RO         1099    .text               stm32f4xx_gpio.o
    0x0800c3b6   0x00000002   PAD
    0x0800c3b8   0x00000d7c   Code   RO         1211    .text               stm32f4xx_rcc.o
    0x0800d134   0x00000184   Code   RO         1293    .text               stm32f4xx_syscfg.o
    0x0800d2b8   0x00003294   Code   RO         1309    .text               stm32f4xx_tim.o
    0x0801054c   0x00000eb4   Code   RO         1325    .text               stm32f4xx_usart.o
    0x08011400   0x00000040   Code   RO         1359    .text               startup_stm32f4xx.o
    0x08011440   0x000002d0   Code   RO         1363    .text               pid.o
    0x08011710   0x0000060c   Code   RO         1409    .text               cpuport.o
    0x08011d1c   0x00000134   Code   RO         1425    .text               context_rvds.o
    0x08011e50   0x000004cc   Code   RO         1429    .text               hwtimer.o
    0x0801231c   0x00000148   Code   RO         1443    .text               i2c_core.o
    0x08012464   0x00000168   Code   RO         1459    .text               i2c_dev.o
    0x080125cc   0x00000460   Code   RO         1473    .text               i2c-bit-ops.o
    0x08012a2c   0x00000238   Code   RO         1487    .text               pin.o
    0x08012c64   0x000002b4   Code   RO         1505    .text               rt_drv_pwm.o
    0x08012f18   0x00000c60   Code   RO         1529    .text               serial.o
    0x08013b78   0x000001cc   Code   RO         1546    .text               completion.o
    0x08013d44   0x00000424   Code   RO         1562    .text               dataqueue.o
    0x08014168   0x000009c8   Code   RO         1659    .text               shell.o
    0x08014b30   0x00000d8c   Code   RO         1699    .text               cmd.o
    0x080158bc   0x00000368   Code   RO         1720    .text               msh.o
    0x08015c24   0x00000022   Code   RO         1737    .text               msh_cmd.o
    0x08015c46   0x00000048   Code   RO         1761    .text               c_w.l(llsdiv.o)
    0x08015c8e   0x0000001a   Code   RO         1763    .text               c_w.l(atoi.o)
    0x08015ca8   0x00000058   Code   RO         1765    .text               c_w.l(memcmp.o)
    0x08015d00   0x00000048   Code   RO         1767    .text               c_w.l(strcpy.o)
    0x08015d48   0x0000003e   Code   RO         1769    .text               c_w.l(strlen.o)
    0x08015d86   0x00000096   Code   RO         1771    .text               c_w.l(strncmp.o)
    0x08015e1c   0x00000018   Code   RO         1773    .text               c_w.l(strcat.o)
    0x08015e34   0x0000008a   Code   RO         1775    .text               c_w.l(rt_memcpy_v6.o)
    0x08015ebe   0x00000064   Code   RO         1777    .text               c_w.l(rt_memcpy_w.o)
    0x08015f22   0x00000010   Code   RO         1779    .text               c_w.l(aeabi_memset.o)
    0x08015f32   0x00000044   Code   RO         1781    .text               c_w.l(rt_memclr.o)
    0x08015f76   0x0000004e   Code   RO         1783    .text               c_w.l(rt_memclr_w.o)
    0x08015fc4   0x00000056   Code   RO         1785    .text               c_w.l(strncpy.o)
    0x0801601a   0x00000006   Code   RO         1787    .text               c_w.l(heapauxi.o)
    0x08016020   0x00000008   Code   RO         1891    .text               c_w.l(rt_errno_addr_intlibspace.o)
    0x08016028   0x000000ee   Code   RO         1893    .text               c_w.l(lludivv7m.o)
    0x08016116   0x00000016   Code   RO         1895    .text               c_w.l(_rserrno.o)
    0x0801612c   0x000000a4   Code   RO         1897    .text               c_w.l(strtod.o)
    0x080161d0   0x00000070   Code   RO         1899    .text               c_w.l(strtol.o)
    0x08016240   0x00000008   Code   RO         1980    .text               c_w.l(libspace.o)
    0x08016248   0x00000010   Code   RO         1998    .text               c_w.l(rt_ctype_table.o)
    0x08016258   0x00000012   Code   RO         2004    .text               c_w.l(isspace.o)
    0x0801626a   0x00000040   Code   RO         2006    .text               c_w.l(_sgetc.o)
    0x080162aa   0x0000009e   Code   RO         2008    .text               c_w.l(_strtoul.o)
    0x08016348   0x0000004a   Code   RO         2017    .text               c_w.l(sys_stackheap_outer.o)
    0x08016392   0x00000002   PAD
    0x08016394   0x00000008   Code   RO         2024    .text               c_w.l(rt_locale_intlibspace.o)
    0x0801639c   0x0000001c   Code   RO         2026    .text               c_w.l(_chval.o)
    0x080163b8   0x000004a4   Code   RO         2028    .text               c_w.l(scanf_fp.o)
    0x0801685c   0x00000012   Code   RO         2035    .text               c_w.l(exit.o)
    0x0801686e   0x00000002   PAD
    0x08016870   0x00000080   Code   RO         2037    .text               c_w.l(strcmpv7m.o)
    0x080168f0   0x000000dc   Code   RO         2092    .text               c_w.l(bigflt0.o)
    0x080169cc   0x00000320   Code   RO         2153    .text               c_w.l(scanf_hexfp.o)
    0x08016cec   0x00000134   Code   RO         2155    .text               c_w.l(scanf_infnan.o)
    0x08016e20   0x0000000c   Code   RO         2175    .text               c_w.l(sys_exit.o)
    0x08016e2c   0x00000026   Code   RO         2179    .text               c_w.l(llshl.o)
    0x08016e52   0x00000002   Code   RO         2210    .text               c_w.l(use_no_semi.o)
    0x08016e54   0x00000000   Code   RO         2212    .text               c_w.l(indicate_semi.o)
    0x08016e54   0x00000338   Code   RO         2105    CL$$btod_div_common  c_w.l(btod.o)
    0x0801718c   0x00000054   Code   RO         2103    CL$$btod_e2d        c_w.l(btod.o)
    0x080171e0   0x000000c6   Code   RO         2102    CL$$btod_e2e        c_w.l(btod.o)
    0x080172a6   0x00000028   Code   RO         2099    CL$$btod_ediv       c_w.l(btod.o)
    0x080172ce   0x00000028   Code   RO         2101    CL$$btod_edivd      c_w.l(btod.o)
    0x080172f6   0x00000028   Code   RO         2098    CL$$btod_emul       c_w.l(btod.o)
    0x0801731e   0x00000028   Code   RO         2100    CL$$btod_emuld      c_w.l(btod.o)
    0x08017346   0x00000244   Code   RO         2104    CL$$btod_mult_common  c_w.l(btod.o)
    0x0801758a   0x00000030   Code   RO         1937    i.__ARM_fpclassify  m_wm.l(fpclassify.o)
    0x080175ba   0x00000026   Code   RO         1939    i.__ARM_fpclassifyf  m_wm.l(fpclassifyf.o)
    0x080175e0   0x0000012c   Code   RO         1813    i.__hardfp_asinf    m_wm.l(asinf.o)
    0x0801770c   0x00000004   PAD
    0x08017710   0x000002d8   Code   RO         1825    i.__hardfp_atan     m_wm.l(atan.o)
    0x080179e8   0x00000250   Code   RO         1839    i.__hardfp_atan2f   m_wm.l(atan2f.o)
    0x08017c38   0x00000038   Code   RO         1851    i.__hardfp_atof     m_wm.l(atof.o)
    0x08017c70   0x000000c8   Code   RO         1857    i.__hardfp_cos      m_wm.l(cos.o)
    0x08017d38   0x00000014   Code   RO         1869    i.__hardfp_fabs     m_wm.l(fabs.o)
    0x08017d4c   0x00000004   PAD
    0x08017d50   0x000000d0   Code   RO         2192    i.__hardfp_ldexp    m_wm.l(ldexp.o)
    0x08017e20   0x000000c8   Code   RO         1875    i.__hardfp_sin      m_wm.l(sin.o)
    0x08017ee8   0x00000438   Code   RO         1957    i.__ieee754_rem_pio2  m_wm.l(rred.o)
    0x08018320   0x00000170   Code   RO         1920    i.__kernel_cos      m_wm.l(cos_i.o)
    0x08018490   0x000000f8   Code   RO         1955    i.__kernel_poly     m_wm.l(poly.o)
    0x08018588   0x00000130   Code   RO         1962    i.__kernel_sin      m_wm.l(sin_i.o)
    0x080186b8   0x00000014   Code   RO         1924    i.__mathlib_dbl_infnan  m_wm.l(dunder.o)
    0x080186cc   0x00000004   PAD
    0x080186d0   0x00000020   Code   RO         1926    i.__mathlib_dbl_invalid  m_wm.l(dunder.o)
    0x080186f0   0x00000020   Code   RO         1927    i.__mathlib_dbl_overflow  m_wm.l(dunder.o)
    0x08018710   0x00000020   Code   RO         1929    i.__mathlib_dbl_underflow  m_wm.l(dunder.o)
    0x08018730   0x00000006   Code   RO         1942    i.__mathlib_flt_infnan  m_wm.l(funder.o)
    0x08018736   0x00000006   Code   RO         1943    i.__mathlib_flt_infnan2  m_wm.l(funder.o)
    0x0801873c   0x00000010   Code   RO         1944    i.__mathlib_flt_invalid  m_wm.l(funder.o)
    0x0801874c   0x00000010   Code   RO         1947    i.__mathlib_flt_underflow  m_wm.l(funder.o)
    0x0801875c   0x00000004   PAD
    0x08018760   0x000000b8   Code   RO         2137    i.__mathlib_narrow  m_wm.l(narrow.o)
    0x08018818   0x00000014   Code   RO         2194    i.__support_ldexp   m_wm.l(ldexp.o)
    0x0801882c   0x0000000e   Code   RO         2030    i._is_digit         c_w.l(scanf_fp.o)
    0x0801883a   0x00000018   Code   RO         1871    i.fabs              m_wm.l(fabs.o)
    0x08018852   0x00000006   PAD
    0x08018858   0x0000008c   Code   RO         2169    i.frexp             m_wm.l(frexp.o)
    0x080188e4   0x0000003e   Code   RO         1970    i.sqrtf             m_wm.l(sqrtf.o)
    0x08018922   0x00000002   PAD
    0x08018924   0x0000002c   Code   RO         2011    locale$$code        c_w.l(lc_numeric_c.o)
    0x08018950   0x0000002c   Code   RO         2033    locale$$code        c_w.l(lc_ctype_c.o)
    0x0801897c   0x00000018   Code   RO         1901    x$fpl$basic         fz_wm.l(basic.o)
    0x08018994   0x00000062   Code   RO         1791    x$fpl$d2f           fz_wm.l(d2f.o)
    0x080189f6   0x00000002   PAD
    0x080189f8   0x00000150   Code   RO         1903    x$fpl$dadd          fz_wm.l(daddsub_clz.o)
    0x08018b48   0x00000010   Code   RO         2250    x$fpl$dcheck1       fz_wm.l(dcheck1.o)
    0x08018b58   0x00000018   Code   RO         2013    x$fpl$dcmpinf       fz_wm.l(dcmpi.o)
    0x08018b70   0x000002b0   Code   RO         1794    x$fpl$ddiv          fz_wm.l(ddiv.o)
    0x08018e20   0x00000078   Code   RO         2165    x$fpl$deqf          fz_wm.l(deqf.o)
    0x08018e98   0x0000005e   Code   RO         1797    x$fpl$dfix          fz_wm.l(dfix.o)
    0x08018ef6   0x0000002e   Code   RO         1802    x$fpl$dflt          fz_wm.l(dflt_clz.o)
    0x08018f24   0x00000026   Code   RO         1801    x$fpl$dfltu         fz_wm.l(dflt_clz.o)
    0x08018f4a   0x00000002   PAD
    0x08018f4c   0x00000078   Code   RO         1909    x$fpl$dleqf         fz_wm.l(dleqf.o)
    0x08018fc4   0x00000154   Code   RO         1807    x$fpl$dmul          fz_wm.l(dmul.o)
    0x08019118   0x0000009c   Code   RO         1911    x$fpl$dnaninf       fz_wm.l(dnaninf.o)
    0x080191b4   0x0000000c   Code   RO         1913    x$fpl$dretinf       fz_wm.l(dretinf.o)
    0x080191c0   0x0000006c   Code   RO         1809    x$fpl$drleqf        fz_wm.l(drleqf.o)
    0x0801922c   0x00000016   Code   RO         1904    x$fpl$drsb          fz_wm.l(daddsub_clz.o)
    0x08019242   0x00000002   PAD
    0x08019244   0x000001d4   Code   RO         1905    x$fpl$dsub          fz_wm.l(daddsub_clz.o)
    0x08019418   0x00000056   Code   RO         1811    x$fpl$f2d           fz_wm.l(f2d.o)
    0x0801946e   0x0000008c   Code   RO         1915    x$fpl$fnaninf       fz_wm.l(fnaninf.o)
    0x080194fa   0x0000000a   Code   RO         2126    x$fpl$fpinit        fz_wm.l(fpinit.o)
    0x08019504   0x0000000a   Code   RO         1917    x$fpl$fretinf       fz_wm.l(fretinf.o)
    0x0801950e   0x00000064   Code   RO         2252    x$fpl$retnan        fz_wm.l(retnan.o)
    0x08019572   0x0000005c   Code   RO         2233    x$fpl$scalbn        fz_wm.l(scalbn.o)
    0x080195ce   0x00000004   Code   RO         2015    x$fpl$scanf1        fz_wm.l(scanf1.o)
    0x080195d2   0x00000008   Code   RO         2130    x$fpl$scanf2        fz_wm.l(scanf2.o)
    0x080195da   0x00000030   Code   RO         2254    x$fpl$trapveneer    fz_wm.l(trapv.o)
    0x0801960a   0x00000000   Code   RO         1919    x$fpl$usenofp       fz_wm.l(usenofp.o)
    0x0801960a   0x000000c9   Data   RO          107    .constdata          device.o
    0x080196d3   0x00000016   Data   RO          121    .constdata          idle.o
    0x080196e9   0x000001f7   Data   RO          139    .constdata          ipc.o
    0x080198e0   0x00000122   Data   RO          173    .constdata          kservice.o
    0x08019a02   0x0000003c   Data   RO          193    .constdata          mem.o
    0x08019a3e   0x00000080   Data   RO          247    .constdata          object.o
    0x08019abe   0x0000004e   Data   RO          267    .constdata          scheduler.o
    0x08019b0c   0x000000b9   Data   RO          302    .constdata          thread.o
    0x08019bc5   0x0000005c   Data   RO          322    .constdata          timer.o
    0x08019c21   0x00000050   Data   RO          341    .constdata          anop.o
    0x08019c71   0x00000003   PAD
    0x08019c74   0x0000005c   Data   RO          645    .constdata          usart.o
    0x08019cd0   0x00000378   Data   RO          670    .constdata          gpio.o
    0x0801a048   0x00000024   Data   RO          691    .constdata          drv_hwtimer.o
    0x0801a06c   0x00000020   Data   RO          715    .constdata          stm32_i2c.o
    0x0801a08c   0x0000000d   Data   RO          755    .constdata          dmp.o
    0x0801a099   0x00000003   PAD
    0x0801a09c   0x00000054   Data   RO          783    .constdata          inv_mpu.o
    0x0801a0f0   0x00000bf6   Data   RO          817    .constdata          inv_mpu_dmp_motion_driver.o
    0x0801ace6   0x00000013   Data   RO         1410    .constdata          cpuport.o
    0x0801acf9   0x00000003   PAD
    0x0801acfc   0x00000049   Data   RO         1430    .constdata          hwtimer.o
    0x0801ad45   0x00000013   Data   RO         1444    .constdata          i2c_core.o
    0x0801ad58   0x00000076   Data   RO         1460    .constdata          i2c_dev.o
    0x0801adce   0x00000002   PAD
    0x0801add0   0x0000000c   Data   RO         1474    .constdata          i2c-bit-ops.o
    0x0801addc   0x00000095   Data   RO         1489    .constdata          pin.o
    0x0801ae71   0x00000003   PAD
    0x0801ae74   0x00000018   Data   RO         1506    .constdata          rt_drv_pwm.o
    0x0801ae8c   0x00000142   Data   RO         1530    .constdata          serial.o
    0x0801afce   0x00000039   Data   RO         1547    .constdata          completion.o
    0x0801b007   0x0000004b   Data   RO         1563    .constdata          dataqueue.o
    0x0801b052   0x00000087   Data   RO         1661    .constdata          shell.o
    0x0801b0d9   0x00000003   PAD
    0x0801b0dc   0x00000054   Data   RO         1700    .constdata          cmd.o
    0x0801b130   0x0000000e   Data   RO         1721    .constdata          msh.o
    0x0801b13e   0x00000002   PAD
    0x0801b140   0x00000098   Data   RO         1828    .constdata          m_wm.l(atan.o)
    0x0801b1d8   0x00000030   Data   RO         1921    .constdata          m_wm.l(cos_i.o)
    0x0801b208   0x000000c8   Data   RO         1959    .constdata          m_wm.l(rred.o)
    0x0801b2d0   0x00000028   Data   RO         1963    .constdata          m_wm.l(sin_i.o)
    0x0801b2f8   0x00000094   Data   RO         2093    .constdata          c_w.l(bigflt0.o)
    0x0801b38c   0x0000015a   Data   RO          140    .conststring        ipc.o
    0x0801b4e6   0x00000002   PAD
    0x0801b4e8   0x000000eb   Data   RO          194    .conststring        mem.o
    0x0801b5d3   0x00000001   PAD
    0x0801b5d4   0x00000042   Data   RO          303    .conststring        thread.o
    0x0801b616   0x00000002   PAD
    0x0801b618   0x0000004d   Data   RO          784    .conststring        inv_mpu.o
    0x0801b665   0x00000003   PAD
    0x0801b668   0x0000016d   Data   RO         1701    .conststring        cmd.o
    0x0801b7d5   0x00000027   Data   RO          196    .rodata.name        mem.o
    0x0801b7fc   0x000000be   Data   RO          549    .rodata.name        wind_swing.o
    0x0801b8ba   0x0000001b   Data   RO          579    .rodata.name        board.o
    0x0801b8d5   0x00000044   Data   RO          734    .rodata.name        drv_pwm.o
    0x0801b919   0x00000029   Data   RO          757    .rodata.name        dmp.o
    0x0801b942   0x00000069   Data   RO         1490    .rodata.name        pin.o
    0x0801b9ab   0x0000009a   Data   RO         1507    .rodata.name        rt_drv_pwm.o
    0x0801ba45   0x0000032f   Data   RO         1702    .rodata.name        cmd.o
    0x0801bd74   0x00000021   Data   RO         1722    .rodata.name        msh.o
    0x0801bd95   0x0000007b   Data   RO         1738    .rodata.name        msh_cmd.o
    0x0801be10   0x00000004   Data   RO           83    .rti_fn.0           components.o
    0x0801be14   0x00000004   Data   RO           84    .rti_fn.0.end       components.o
    0x0801be18   0x00000004   Data   RO          647    .rti_fn.1           usart.o
    0x0801be1c   0x00000004   Data   RO          671    .rti_fn.1           gpio.o
    0x0801be20   0x00000004   Data   RO          692    .rti_fn.1           drv_hwtimer.o
    0x0801be24   0x00000004   Data   RO          735    .rti_fn.1           drv_pwm.o
    0x0801be28   0x00000004   Data   RO           85    .rti_fn.1.end       components.o
    0x0801be2c   0x00000004   Data   RO          343    .rti_fn.4           anop.o
    0x0801be30   0x00000004   Data   RO         1445    .rti_fn.4           i2c_core.o
    0x0801be34   0x00000004   Data   RO           86    .rti_fn.6.end       components.o
    0x0801be38   0x0000000c   Data   RO          197    FSymTab             mem.o
    0x0801be44   0x0000003c   Data   RO          550    FSymTab             wind_swing.o
    0x0801be80   0x0000000c   Data   RO          580    FSymTab             board.o
    0x0801be8c   0x00000018   Data   RO          736    FSymTab             drv_pwm.o
    0x0801bea4   0x0000000c   Data   RO          758    FSymTab             dmp.o
    0x0801beb0   0x00000024   Data   RO         1491    FSymTab             pin.o
    0x0801bed4   0x0000003c   Data   RO         1508    FSymTab             rt_drv_pwm.o
    0x0801bf10   0x00000108   Data   RO         1703    FSymTab             cmd.o
    0x0801c018   0x0000000c   Data   RO         1723    FSymTab             msh.o
    0x0801c024   0x00000024   Data   RO         1739    FSymTab             msh_cmd.o
    0x0801c048   0x00000020   Data   RO         2256    Region$$Table       anon$$obj.o
    0x0801c068   0x00000008   Data   RO         2123    c$$dinf             fz_wm.l(fpconst.o)
    0x0801c070   0x0000001c   Data   RO         2010    locale$$data        c_w.l(lc_numeric_c.o)
    0x0801c08c   0x00000110   Data   RO         2032    locale$$data        c_w.l(lc_ctype_c.o)


    Execution Region RW_IRAM1 (Base: 0x20000000, Size: 0x00001108, Max: 0x00020000, ABSOLUTE, COMPRESSED[0x00000098])

    Base Addr    Size         Type   Attr      Idx    E Section Name        Object

    0x20000000   0x00000004   Data   RW            2    .data               clock.o
    0x20000004   0x00000009   Data   RW          157    .data               irq.o
    0x2000000d   0x00000003   PAD
    0x20000010   0x0000000c   Data   RW          174    .data               kservice.o
    0x2000001c   0x00000020   Data   RW          195    .data               mem.o
    0x2000003c   0x000000a4   Data   RW          248    .data               object.o
    0x200000e0   0x0000001c   Data   RW          268    .data               scheduler.o
    0x200000fc   0x0000000c   Data   RW          304    .data               thread.o
    0x20000108   0x00000014   Data   RW          323    .data               timer.o
    0x2000011c   0x00000004   Data   RW          342    .data               anop.o
    0x20000120   0x00000014   Data   RW          548    .data               wind_swing.o
    0x20000134   0x00000004   Data   RW          625    .data               platform.o
    0x20000138   0x00000040   Data   RW          646    .data               usart.o
    0x20000178   0x00000004   Data   RW          733    .data               drv_pwm.o
    0x2000017c   0x00000015   Data   RW          756    .data               dmp.o
    0x20000191   0x00000003   PAD
    0x20000194   0x0000002c   Data   RW          785    .data               inv_mpu.o
    0x200001c0   0x00000014   Data   RW          838    .data               system_stm32f4xx.o
    0x200001d4   0x00000010   Data   RW         1212    .data               stm32f4xx_rcc.o
    0x200001e4   0x00000010   Data   RW         1411    .data               cpuport.o
    0x200001f4   0x00000008   Data   RW         1662    .data               shell.o
    0x200001fc   0x00000010   Data   RW         1683    .data               symbol.o
    0x2000020c   0x00000490   Zero   RW          120    .bss                idle.o
    0x2000069c   0x00000080   Zero   RW          172    .bss                kservice.o
    0x2000071c   0x00000020   Zero   RW          192    .bss                mem.o
    0x2000073c   0x00000100   Zero   RW          266    .bss                scheduler.o
    0x2000083c   0x0000004c   Zero   RW          547    .bss                wind_swing.o
    0x20000888   0x00000080   Zero   RW          644    .bss                usart.o
    0x20000908   0x0000004c   Zero   RW          690    .bss                drv_hwtimer.o
    0x20000954   0x00000064   Zero   RW          714    .bss                stm32_i2c.o
    0x200009b8   0x0000002c   Zero   RW          754    .bss                dmp.o
    0x200009e4   0x00000010   Zero   RW          816    .bss                inv_mpu_dmp_motion_driver.o
    0x200009f4   0x00000030   Zero   RW         1488    .bss                pin.o
    0x20000a24   0x00000081   Zero   RW         1660    .bss                shell.o
    0x20000aa5   0x00000003   PAD
    0x20000aa8   0x00000060   Zero   RW         1981    .bss                c_w.l(libspace.o)
    0x20000b08   0x00000200   Zero   RW         1357    HEAP                startup_stm32f4xx.o
    0x20000d08   0x00000400   Zero   RW         1356    STACK               startup_stm32f4xx.o


==============================================================================

Image component sizes


      Code (inc. data)   RO Data    RW Data    ZI Data      Debug   Object Name

       972         58         84          4          0       4420   anop.o
        72         10          0          0          0     279483   application.o
       240         38         39          0          0      20308   board.o
       136          6          0          4          0      17802   clock.o
      3468       1218       1528          0          0      15876   cmd.o
       460        128         57          0          0       5143   completion.o
        68         12         16          0          0       2028   components.o
       308         26          0          0          0        892   context_rvds.o
      1548        738         19         16          0       5287   cpuport.o
      1060        116         75          0          0       5237   dataqueue.o
      1352        312        201          0          0       5938   device.o
      1340        130         66         21         44       6713   dmp.o
       340         22         40          0         76       2944   drv_hwtimer.o
       684         90         96          4          0       2965   drv_pwm.o
       268         12        892          0          0       2676   gpio.o
      1228         90         73          0          0       4979   hwtimer.o
      1120          6         12          0          0       6681   i2c-bit-ops.o
       328         36         23          0          0       3496   i2c_core.o
       360         58        118          0          0       2924   i2c_dev.o
       508         78         22          0       1168       5980   idle.o
      8036        200        161         44          0      22232   inv_mpu.o
      3476        144       3062          0         16      15515   inv_mpu_dmp_motion_driver.o
      7176       1040        849          0          0      22699   ipc.o
       140         14          0          9          0       2112   irq.o
      2772        236        290         12        128      12788   kservice.o
      2232        634        346         32         32       5743   mem.o
       492         74          0          0          0       2109   misc.o
       872        136         59          0          0       4592   msh.o
        34          0        159          0          0       2547   msh_cmd.o
       884        184        128        164          0       8763   object.o
       720          4          0          0          0       2936   pid.o
       568         84        290          0         48       5314   pin.o
       172          8          0          4          0       1406   platform.o
       692         64        238          0          0       6278   rt_drv_pwm.o
       908        150         78         28        256       7453   scheduler.o
      3168        390        322          0          0      10209   serial.o
      2504        260        135          8        129       7030   shell.o
       204         98          0          0          0       1298   startup.o
        64         26        392          0       1536        888   startup_stm32f4xx.o
       264         20         32          0        100       2261   stm32_i2c.o
      5068        352          0          0          0       9033   stm32f4xx_dma.o
       780         70          0          0          0       2783   stm32f4xx_exti.o
      2326        132          0          0          0       5489   stm32f4xx_gpio.o
        16          0          0          0          0        824   stm32f4xx_it.o
      3452        262          0         16          0      13575   stm32f4xx_rcc.o
       388         72          0          0          0       1871   stm32f4xx_syscfg.o
     12948        670          0          0          0      31280   stm32f4xx_tim.o
      3764        164          0          0          0      10160   stm32f4xx_usart.o
         0          0          0         16          0       5441   symbol.o
       528         46          0         20          0       1991   system_stm32f4xx.o
      2016        434        251         12          0      10817   thread.o
      1468        276         92         20          0       9387   timer.o
      1340        138         96         64        128      25117   usart.o
      3180        308        250         20         76       8663   wind_swing.o

    ----------------------------------------------------------------------
     88514       9874      10650        524       3740     682376   Object Totals
         0          0         32          0          0          0   (incl. Generated)
         2          0         27          6          3          0   (incl. Padding)

    ----------------------------------------------------------------------

      Code (inc. data)   RO Data    RW Data    ZI Data      Debug   Library Member Name

        90          0          0          0          0          0   __dczerorl2.o
         8          0          0          0          0         68   __main.o
         0          0          0          0          0          0   __rtentry.o
        12          0          0          0          0          0   __rtentry2.o
         6          0          0          0          0          0   __rtentry4.o
        52          8          0          0          0          0   __scatter.o
        28          0          0          0          0          0   __scatter_zi.o
        28          0          0          0          0         68   _chval.o
        22          0          0          0          0        100   _rserrno.o
        64          0          0          0          0         84   _sgetc.o
       158          0          0          0          0         92   _strtoul.o
        16          0          0          0          0         68   aeabi_memset.o
        26          0          0          0          0         80   atoi.o
       220          4        148          0          0         96   bigflt0.o
      1846        132          0          0          0        736   btod.o
        18          0          0          0          0         80   exit.o
         6          0          0          0          0        152   heapauxi.o
         0          0          0          0          0          0   indicate_semi.o
        18          0          0          0          0         76   isspace.o
        44         10        272          0          0         76   lc_ctype_c.o
        44         10         28          0          0         76   lc_numeric_c.o
         2          0          0          0          0          0   libinit.o
        34          0          0          0          0          0   libinit2.o
         2          0          0          0          0          0   libshutdown.o
         2          0          0          0          0          0   libshutdown2.o
         8          4          0          0         96         68   libspace.o
        72          0          0          0          0         76   llsdiv.o
        38          0          0          0          0         68   llshl.o
       238          0          0          0          0        100   lludivv7m.o
        88          0          0          0          0         76   memcmp.o
        16          4          0          0          0         76   rt_ctype_table.o
         8          4          0          0          0         68   rt_errno_addr_intlibspace.o
         8          4          0          0          0         68   rt_locale_intlibspace.o
        68          0          0          0          0         68   rt_memclr.o
        78          0          0          0          0         80   rt_memclr_w.o
       138          0          0          0          0         68   rt_memcpy_v6.o
       100          0          0          0          0         80   rt_memcpy_w.o
         2          0          0          0          0          0   rtexit.o
        10          0          0          0          0          0   rtexit2.o
      1202         12          0          0          0        216   scanf_fp.o
       800         14          0          0          0        100   scanf_hexfp.o
       308         16          0          0          0        100   scanf_infnan.o
        24          0          0          0          0         68   strcat.o
       128          0          0          0          0         68   strcmpv7m.o
        72          0          0          0          0         80   strcpy.o
        62          0          0          0          0         76   strlen.o
       150          0          0          0          0         80   strncmp.o
        86          0          0          0          0         76   strncpy.o
       164         14          0          0          0        120   strtod.o
       112          0          0          0          0         88   strtol.o
        12          4          0          0          0         68   sys_exit.o
        74          0          0          0          0         80   sys_stackheap_outer.o
         2          0          0          0          0         68   use_no_semi.o
        24          0          0          0          0        164   basic.o
        98          4          0          0          0        140   d2f.o
       826         16          0          0          0        492   daddsub_clz.o
        16          4          0          0          0        116   dcheck1.o
        24          0          0          0          0        116   dcmpi.o
       688        140          0          0          0        256   ddiv.o
       120          4          0          0          0        140   deqf.o
        94          4          0          0          0        140   dfix.o
        84          0          0          0          0        232   dflt_clz.o
       120          4          0          0          0        140   dleqf.o
       340         12          0          0          0        152   dmul.o
       156          4          0          0          0        140   dnaninf.o
        12          0          0          0          0        116   dretinf.o
       108          0          0          0          0        128   drleqf.o
        86          4          0          0          0        132   f2d.o
       140          4          0          0          0        132   fnaninf.o
         0          0          8          0          0          0   fpconst.o
        10          0          0          0          0        116   fpinit.o
        10          0          0          0          0        116   fretinf.o
       100          0          0          0          0        116   retnan.o
        92          0          0          0          0        116   scalbn.o
         4          0          0          0          0        116   scanf1.o
         8          0          0          0          0        132   scanf2.o
        48          0          0          0          0        116   trapv.o
         0          0          0          0          0          0   usenofp.o
       300         42          0          0          0        176   asinf.o
       728        106        152          0          0        228   atan.o
       592         90          0          0          0        184   atan2f.o
        56         12          0          0          0        132   atof.o
       200         20          0          0          0        164   cos.o
       368         46         48          0          0        200   cos_i.o
       116         24          0          0          0        496   dunder.o
        44          0          0          0          0        248   fabs.o
        48          0          0          0          0        124   fpclassify.o
        38          0          0          0          0        116   fpclassifyf.o
       140         22          0          0          0        132   frexp.o
        44         12          0          0          0        464   funder.o
       228          8          0          0          0        308   ldexp.o
       184         18          0          0          0        152   narrow.o
       248          0          0          0          0        152   poly.o
      1080        142        200          0          0        188   rred.o
       200         20          0          0          0        164   sin.o
       304         24         40          0          0        208   sin_i.o
        62          0          0          0          0        136   sqrtf.o

    ----------------------------------------------------------------------
     15040       1034        896          0         96      11572   Library Totals
        38          8          0          0          0          0   (incl. Padding)

    ----------------------------------------------------------------------

      Code (inc. data)   RO Data    RW Data    ZI Data      Debug   Library Name

      6814        240        448          0         96       4036   c_w.l
      3208        200          8          0          0       3564   fz_wm.l
      4980        586        440          0          0       3972   m_wm.l

    ----------------------------------------------------------------------
     15040       1034        896          0         96      11572   Library Totals

    ----------------------------------------------------------------------

==============================================================================


      Code (inc. data)   RO Data    RW Data    ZI Data      Debug   

    103554      10908      11546        524       3836     677660   Grand Totals
    103554      10908      11546        152       3836     677660   ELF Image Totals (compressed)
    103554      10908      11546        152          0          0   ROM Totals

==============================================================================

    Total RO  Size (Code + RO Data)               115100 ( 112.40kB)
    Total RW  Size (RW Data + ZI Data)              4360 (   4.26kB)
    Total ROM Size (Code + RO Data + RW Data)     115252 ( 112.55kB)

==============================================================================

