Component: ARM Compiler 5.06 update 3 (build 300) Tool: armlink [4d35c9]

==============================================================================

Section Cross References

    clock.o(.text) refers to context_rvds.o(.text) for rt_hw_interrupt_disable
    clock.o(.text) refers to thread.o(.text) for rt_thread_self
    clock.o(.text) refers to timer.o(.text) for rt_timer_check
    clock.o(.text) refers to clock.o(.data) for rt_tick
    components.o(.text) refers to components.o(.rti_fn.0.end) for __rt_init_rti_board_start
    components.o(.text) refers to components.o(.rti_fn.1.end) for __rt_init_rti_board_end
    components.o(.text) refers to components.o(.rti_fn.6.end) for __rt_init_rti_end
    components.o(.rti_fn.0) refers to components.o(.text) for rti_start
    components.o(.rti_fn.0.end) refers to components.o(.text) for rti_board_start
    components.o(.rti_fn.1.end) refers to components.o(.text) for rti_board_end
    components.o(.rti_fn.6.end) refers to components.o(.text) for rti_end
    device.o(.text) refers to thread.o(.text) for rt_thread_self
    device.o(.text) refers to scheduler.o(.text) for rt_enter_critical
    device.o(.text) refers to object.o(.text) for rt_object_get_information
    device.o(.text) refers to kservice.o(.text) for rt_assert_handler
    device.o(.text) refers to mem.o(.text) for rt_malloc
    device.o(.text) refers to device.o(.constdata) for __FUNCTION__
    idle.o(.text) refers to context_rvds.o(.text) for rt_hw_interrupt_disable
    idle.o(.text) refers to irq.o(.text) for rt_interrupt_get_nest
    idle.o(.text) refers to kservice.o(.text) for rt_kprintf
    idle.o(.text) refers to scheduler.o(.text) for rt_enter_critical
    idle.o(.text) refers to object.o(.text) for rt_object_is_systemobject
    idle.o(.text) refers to mem.o(.text) for rt_free
    idle.o(.text) refers to thread.o(.text) for rt_thread_init
    idle.o(.text) refers to idle.o(.bss) for idle_hook_list
    idle.o(.text) refers to idle.o(.constdata) for __FUNCTION__
    idle.o(.text) refers to scheduler.o(.data) for rt_thread_defunct
    ipc.o(.text) refers to thread.o(.text) for rt_thread_suspend
    ipc.o(.text) refers to context_rvds.o(.text) for rt_hw_interrupt_disable
    ipc.o(.text) refers to kservice.o(.text) for rt_assert_handler
    ipc.o(.text) refers to object.o(.text) for rt_object_init
    ipc.o(.text) refers to irq.o(.text) for rt_interrupt_get_nest
    ipc.o(.text) refers to timer.o(.text) for rt_timer_control
    ipc.o(.text) refers to scheduler.o(.text) for rt_schedule
    ipc.o(.text) refers to ipc.o(.constdata) for __FUNCTION__
    ipc.o(.text) refers to ipc.o(.conststring) for .conststring
    ipc.o(.text) refers to object.o(.data) for rt_object_trytake_hook
    ipc.o(.text) refers to mem.o(.text) for rt_malloc
    ipc.o(.text) refers to clock.o(.text) for rt_tick_get
    irq.o(.text) refers to context_rvds.o(.text) for rt_hw_interrupt_disable
    irq.o(.text) refers to irq.o(.data) for rt_interrupt_enter_hook
    kservice.o(.text) refers to irq.o(.text) for rt_interrupt_get_nest
    kservice.o(.text) refers to thread.o(.text) for rt_thread_self
    kservice.o(.text) refers to mem.o(.text) for rt_malloc
    kservice.o(.text) refers to kservice.o(.data) for __rt_errno
    kservice.o(.text) refers to kservice.o(.constdata) for large_digits
    kservice.o(.text) refers to device.o(.text) for rt_device_write
    kservice.o(.text) refers to kservice.o(.bss) for rt_log_buf
    mem.o(.text) refers to kservice.o(.text) for rt_assert_handler
    mem.o(.text) refers to context_rvds.o(.text) for rt_hw_interrupt_disable
    mem.o(.text) refers to irq.o(.text) for rt_interrupt_get_nest
    mem.o(.text) refers to ipc.o(.text) for rt_sem_init
    mem.o(.text) refers to mem.o(.data) for rt_malloc_hook
    mem.o(.text) refers to mem.o(.constdata) for __FUNCTION__
    mem.o(.text) refers to mem.o(.bss) for heap_sem
    mem.o(.text) refers to mem.o(.conststring) for .conststring
    mem.o(FSymTab) refers to mem.o(.rodata.name) for __fsym_list_mem_name
    mem.o(FSymTab) refers to mem.o(.text) for list_mem
    mempool.o(.text) refers to kservice.o(.text) for rt_assert_handler
    mempool.o(.text) refers to object.o(.text) for rt_object_init
    mempool.o(.text) refers to context_rvds.o(.text) for rt_hw_interrupt_disable
    mempool.o(.text) refers to thread.o(.text) for rt_thread_resume
    mempool.o(.text) refers to irq.o(.text) for rt_interrupt_get_nest
    mempool.o(.text) refers to mem.o(.text) for rt_malloc
    mempool.o(.text) refers to clock.o(.text) for rt_tick_get
    mempool.o(.text) refers to timer.o(.text) for rt_timer_control
    mempool.o(.text) refers to scheduler.o(.text) for rt_schedule
    mempool.o(.text) refers to mempool.o(.data) for rt_mp_alloc_hook
    mempool.o(.text) refers to mempool.o(.constdata) for __FUNCTION__
    object.o(.text) refers to kservice.o(.text) for rt_assert_handler
    object.o(.text) refers to context_rvds.o(.text) for rt_hw_interrupt_disable
[...]
    rt_object_delete                         0x08003b67   Thumb Code    88  object.o(.text)
    rt_object_is_systemobject                0x08003bbf   Thumb Code    34  object.o(.text)
    rt_object_get_type                       0x08003be1   Thumb Code    26  object.o(.text)
    rt_object_find                           0x08003bfb   Thumb Code   142  object.o(.text)
    rt_scheduler_sethook                     0x08003d41   Thumb Code     6  scheduler.o(.text)
    rt_system_scheduler_init                 0x08003dbf   Thumb Code    46  scheduler.o(.text)
    rt_schedule_remove_thread                0x08003ded   Thumb Code    94  scheduler.o(.text)
    rt_system_scheduler_start                0x08003e4b   Thumb Code    36  scheduler.o(.text)
    rt_schedule_insert_thread                0x08003e6f   Thumb Code   118  scheduler.o(.text)
    rt_schedule                              0x08003ee5   Thumb Code   242  scheduler.o(.text)
    rt_enter_critical                        0x08003fd7   Thumb Code    28  scheduler.o(.text)
    rt_exit_critical                         0x08003ff3   Thumb Code    54  scheduler.o(.text)
    rt_critical_level                        0x08004029   Thumb Code     8  scheduler.o(.text)
    rt_thread_suspend_sethook                0x080040ed   Thumb Code     6  thread.o(.text)
    rt_thread_resume_sethook                 0x080040f3   Thumb Code     6  thread.o(.text)
    rt_thread_inited_sethook                 0x080040f9   Thumb Code     6  thread.o(.text)
    rt_thread_self                           0x080040ff   Thumb Code     6  thread.o(.text)
    rt_thread_exit                           0x08004105   Thumb Code    78  thread.o(.text)
    rt_thread_timeout                        0x08004153   Thumb Code    92  thread.o(.text)
    rt_thread_init                           0x0800424f   Thumb Code    74  thread.o(.text)
    rt_thread_resume                         0x08004299   Thumb Code   122  thread.o(.text)
    rt_thread_startup                        0x08004313   Thumb Code   110  thread.o(.text)
    rt_thread_detach                         0x08004381   Thumb Code   138  thread.o(.text)
    rt_thread_create                         0x0800440b   Thumb Code    80  thread.o(.text)
    rt_thread_delete                         0x0800445b   Thumb Code   474  thread.o(.text)
    rt_thread_yield                          0x08004635   Thumb Code    10  thread.o(.text)
    rt_thread_suspend                        0x0800463f   Thumb Code   160  thread.o(.text)
    rt_thread_sleep                          0x080046df   Thumb Code   102  thread.o(.text)
    rt_thread_delay                          0x08004745   Thumb Code    12  thread.o(.text)
    rt_thread_mdelay                         0x08004751   Thumb Code    20  thread.o(.text)
    rt_thread_control                        0x08004765   Thumb Code   156  thread.o(.text)
    rt_thread_find                           0x08004801   Thumb Code    96  thread.o(.text)
    rt_timer_enter_sethook                   0x080048bb   Thumb Code     6  timer.o(.text)
    rt_timer_exit_sethook                    0x080048c1   Thumb Code     6  timer.o(.text)
    rt_timer_init                            0x08004953   Thumb Code    58  timer.o(.text)
    rt_timer_detach                          0x0800498d   Thumb Code    82  timer.o(.text)
    rt_timer_create                          0x080049df   Thumb Code    54  timer.o(.text)
    rt_timer_delete                          0x08004a15   Thumb Code    88  timer.o(.text)
    rt_timer_start                           0x08004a6d   Thumb Code   314  timer.o(.text)
    rt_timer_stop                            0x08004ba7   Thumb Code   102  timer.o(.text)
    rt_timer_control                         0x08004c0d   Thumb Code    98  timer.o(.text)
    rt_timer_check                           0x08004c6f   Thumb Code   438  timer.o(.text)
    rt_timer_next_timeout_tick               0x08004e25   Thumb Code    10  timer.o(.text)
    rt_system_timer_init                     0x08004e2f   Thumb Code    24  timer.o(.text)
    rt_system_timer_thread_init              0x08004e47   Thumb Code     2  timer.o(.text)
    hwtimer                                  0x08004e79   Thumb Code    26  application.o(.text)
    rt_init_thread_entry                     0x08004e93   Thumb Code    14  application.o(.text)
    rt_application_init                      0x08004ea1   Thumb Code    40  application.o(.text)
    assert_failed                            0x08004f05   Thumb Code    30  startup.o(.text)
    rtthread_startup                         0x08004f23   Thumb Code    62  startup.o(.text)
    main                                     0x08004f61   Thumb Code    14  startup.o(.text)
    NVIC_Configuration                       0x08004fd1   Thumb Code    22  board.o(.text)
    SysTick_Configuration                    0x08004fe7   Thumb Code    98  board.o(.text)
    SysTick_Handler                          0x08005049   Thumb Code    16  board.o(.text)
    rt_hw_board_init                         0x08005059   Thumb Code    22  board.o(.text)
    NMI_Handler                              0x08005081   Thumb Code     2  stm32f4xx_it.o(.text)
    MemManage_Handler                        0x08005083   Thumb Code     4  stm32f4xx_it.o(.text)
    BusFault_Handler                         0x08005087   Thumb Code     4  stm32f4xx_it.o(.text)
    UsageFault_Handler                       0x0800508b   Thumb Code     4  stm32f4xx_it.o(.text)
    SVC_Handler                              0x0800508f   Thumb Code     2  stm32f4xx_it.o(.text)
    USART1_IRQHandler                        0x080053f1   Thumb Code    18  usart.o(.text)
    DMA2_Stream5_IRQHandler                  0x08005403   Thumb Code    18  usart.o(.text)
    stm32_hw_usart_init                      0x080054dd   Thumb Code    60  usart.o(.text)
    get_pin                                  0x08005531   Thumb Code    18  gpio.o(.text)
    stm32_pin_write                          0x08005543   Thumb Code    52  gpio.o(.text)
    stm32_pin_read                           0x08005577   Thumb Code    48  gpio.o(.text)
    stm32_pin_mode                           0x080055a7   Thumb Code   122  gpio.o(.text)
    stm32_hw_pin_init                        0x08005621   Thumb Code    16  gpio.o(.text)
    stm32_hwtimer_init                       0x08005743   Thumb Code    28  drv_hwtimer.o(.text)
    TIM2_IRQHandler                          0x0800575f   Thumb Code    28  drv_hwtimer.o(.text)
    rt_hw_i2c_init                           0x0800580d   Thumb Code   112  stm32_i2c.o(.text)
    dmp_thread_entry                         0x080059a1   Thumb Code   360  dmp.o(.text)
    dmp_get_ms                               0x08005b2f   Thumb Code    26  dmp.o(.text)
    dmp_delay_ms                             0x08005b49   Thumb Code    30  dmp.o(.text)
    dmp_i2c_write                            0x08005b67   Thumb Code    76  dmp.o(.text)
    dmp_i2c_read                             0x08005bb3   Thumb Code    76  dmp.o(.text)
    dmp_get_eulerangle                       0x08005bff   Thumb Code    26  dmp.o(.text)
    dmp_sys_init                             0x08005c19   Thumb Code   100  dmp.o(.text)
    dump_eulerangle                          0x08005c7d   Thumb Code   150  dmp.o(.text)
    mpu_reg_dump                             0x08005e0b   Thumb Code    84  inv_mpu.o(.text)
    mpu_read_reg                             0x08005e5f   Thumb Code    66  inv_mpu.o(.text)
    mpu_set_int_latched                      0x08005ea1   Thumb Code   102  inv_mpu.o(.text)
    mpu_set_sensors                          0x08005f07   Thumb Code   202  inv_mpu.o(.text)
    mpu_set_bypass                           0x08005fd1   Thumb Code   328  inv_mpu.o(.text)
    mpu_reset_fifo                           0x08006119   Thumb Code   472  inv_mpu.o(.text)
    mpu_configure_fifo                       0x080062f1   Thumb Code   106  inv_mpu.o(.text)
    mpu_set_lpf                              0x0800635b   Thumb Code   126  inv_mpu.o(.text)
    mpu_lp_accel_mode                        0x080063d9   Thumb Code   218  inv_mpu.o(.text)
    mpu_set_sample_rate                      0x080064b3   Thumb Code   152  inv_mpu.o(.text)
    mpu_set_accel_fsr                        0x0800654b   Thumb Code   132  inv_mpu.o(.text)
    mpu_set_gyro_fsr                         0x080065cf   Thumb Code   132  inv_mpu.o(.text)
    mpu_init                                 0x08006653   Thumb Code   418  inv_mpu.o(.text)
    mpu_get_gyro_reg                         0x080067f5   Thumb Code   110  inv_mpu.o(.text)
    mpu_get_accel_reg                        0x08006863   Thumb Code   110  inv_mpu.o(.text)
    mpu_get_temperature                      0x080068d1   Thumb Code   142  inv_mpu.o(.text)
    mpu_set_accel_bias                       0x0800695f   Thumb Code   472  inv_mpu.o(.text)
    mpu_get_gyro_fsr                         0x08006b37   Thumb Code    64  inv_mpu.o(.text)
    mpu_get_accel_fsr                        0x08006b77   Thumb Code    72  inv_mpu.o(.text)
    mpu_get_lpf                              0x08006bbf   Thumb Code    74  inv_mpu.o(.text)
    mpu_get_sample_rate                      0x08006c09   Thumb Code    26  inv_mpu.o(.text)
    mpu_get_compass_sample_rate              0x08006c23   Thumb Code    10  inv_mpu.o(.text)
    mpu_set_compass_sample_rate              0x08006c2d   Thumb Code     8  inv_mpu.o(.text)
    mpu_get_gyro_sens                        0x08006c35   Thumb Code    74  inv_mpu.o(.text)
    mpu_get_accel_sens                       0x08006c7f   Thumb Code    78  inv_mpu.o(.text)
    mpu_get_fifo_config                      0x08006ccd   Thumb Code    12  inv_mpu.o(.text)
    mpu_get_power_state                      0x08006cd9   Thumb Code    22  inv_mpu.o(.text)
    mpu_get_int_status                       0x08006cef   Thumb Code    64  inv_mpu.o(.text)
    mpu_read_fifo                            0x08006d2f   Thumb Code   520  inv_mpu.o(.text)
    mpu_read_fifo_stream                     0x08006f37   Thumb Code   186  inv_mpu.o(.text)
    mpu_set_int_level                        0x08006ff1   Thumb Code    12  inv_mpu.o(.text)
    mpu_set_dmp_state                        0x08007763   Thumb Code   138  inv_mpu.o(.text)
    mpu_run_self_test                        0x080077ed   Thumb Code   278  inv_mpu.o(.text)
    mpu_write_mem                            0x08007903   Thumb Code   122  inv_mpu.o(.text)
    mpu_read_mem                             0x0800797d   Thumb Code   122  inv_mpu.o(.text)
    mpu_load_firmware                        0x080079f7   Thumb Code   188  inv_mpu.o(.text)
    mpu_get_dmp_state                        0x08007ab3   Thumb Code    14  inv_mpu.o(.text)
    setup_compass                            0x08007ac1   Thumb Code     6  inv_mpu.o(.text)
    mpu_get_compass_reg                      0x08007ac7   Thumb Code     8  inv_mpu.o(.text)
    mpu_get_compass_fsr                      0x08007acf   Thumb Code     8  inv_mpu.o(.text)
    mpu_lp_motion_interrupt                  0x08007ad7   Thumb Code   512  inv_mpu.o(.text)
    dmp_load_motion_driver_firmware          0x08007cdd   Thumb Code    20  inv_mpu_dmp_motion_driver.o(.text)
    dmp_set_orientation                      0x08007cf1   Thumb Code   290  inv_mpu_dmp_motion_driver.o(.text)
    dmp_set_gyro_bias                        0x08007e13   Thumb Code   294  inv_mpu_dmp_motion_driver.o(.text)
    dmp_set_accel_bias                       0x08007f39   Thumb Code   302  inv_mpu_dmp_motion_driver.o(.text)
    dmp_set_fifo_rate                        0x08008067   Thumb Code   138  inv_mpu_dmp_motion_driver.o(.text)
    dmp_get_fifo_rate                        0x080080f1   Thumb Code    12  inv_mpu_dmp_motion_driver.o(.text)
    dmp_set_tap_thresh                       0x080080fd   Thumb Code   412  inv_mpu_dmp_motion_driver.o(.text)
    dmp_set_tap_axes                         0x08008299   Thumb Code    70  inv_mpu_dmp_motion_driver.o(.text)
    dmp_set_tap_count                        0x080082df   Thumb Code    38  inv_mpu_dmp_motion_driver.o(.text)
    dmp_set_tap_time                         0x08008305   Thumb Code    38  inv_mpu_dmp_motion_driver.o(.text)
    dmp_set_tap_time_multi                   0x0800832b   Thumb Code    38  inv_mpu_dmp_motion_driver.o(.text)
    dmp_set_shake_reject_thresh              0x08008351   Thumb Code    56  inv_mpu_dmp_motion_driver.o(.text)
    dmp_set_shake_reject_time                0x08008389   Thumb Code    38  inv_mpu_dmp_motion_driver.o(.text)
    dmp_set_shake_reject_timeout             0x080083af   Thumb Code    38  inv_mpu_dmp_motion_driver.o(.text)
    dmp_get_pedometer_step_count             0x080083d5   Thumb Code    66  inv_mpu_dmp_motion_driver.o(.text)
    dmp_set_pedometer_step_count             0x08008417   Thumb Code    42  inv_mpu_dmp_motion_driver.o(.text)
    dmp_get_pedometer_walk_time              0x08008441   Thumb Code    72  inv_mpu_dmp_motion_driver.o(.text)
    dmp_set_pedometer_walk_time              0x08008489   Thumb Code    48  inv_mpu_dmp_motion_driver.o(.text)
    dmp_enable_6x_lp_quat                    0x080084b9   Thumb Code   100  inv_mpu_dmp_motion_driver.o(.text)
    dmp_enable_lp_quat                       0x0800851d   Thumb Code    60  inv_mpu_dmp_motion_driver.o(.text)
    dmp_enable_gyro_cal                      0x08008559   Thumb Code    62  inv_mpu_dmp_motion_driver.o(.text)
    dmp_enable_feature                       0x08008597   Thumb Code   530  inv_mpu_dmp_motion_driver.o(.text)
    dmp_get_enabled_features                 0x080087a9   Thumb Code    12  inv_mpu_dmp_motion_driver.o(.text)
    dmp_set_interrupt_mode                   0x08008813   Thumb Code    66  inv_mpu_dmp_motion_driver.o(.text)
    dmp_read_fifo                            0x08008855   Thumb Code   514  inv_mpu_dmp_motion_driver.o(.text)
    dmp_register_tap_cb                      0x08008a57   Thumb Code    10  inv_mpu_dmp_motion_driver.o(.text)
    dmp_register_android_orient_cb           0x08008a61   Thumb Code    10  inv_mpu_dmp_motion_driver.o(.text)
    SystemInit                               0x08008b4d   Thumb Code    88  system_stm32f4xx.o(.text)
    SystemCoreClockUpdate                    0x08008ba5   Thumb Code   174  system_stm32f4xx.o(.text)
    NVIC_PriorityGroupConfig                 0x08008c81   Thumb Code    54  misc.o(.text)
    NVIC_Init                                0x08008cb7   Thumb Code   164  misc.o(.text)
    NVIC_SetVectorTable                      0x08008d5b   Thumb Code    60  misc.o(.text)
    NVIC_SystemLPConfig                      0x08008d97   Thumb Code    78  misc.o(.text)
    SysTick_CLKSourceConfig                  0x08008de5   Thumb Code    62  misc.o(.text)
    DMA_DeInit                               0x08008e6d   Thumb Code   462  stm32f4xx_dma.o(.text)
    DMA_Init                                 0x0800903b   Thumb Code   744  stm32f4xx_dma.o(.text)
    DMA_StructInit                           0x08009323   Thumb Code    34  stm32f4xx_dma.o(.text)
    DMA_Cmd                                  0x08009345   Thumb Code   186  stm32f4xx_dma.o(.text)
    DMA_PeriphIncOffsetSizeConfig            0x080093ff   Thumb Code   188  stm32f4xx_dma.o(.text)
    DMA_FlowControllerConfig                 0x080094bb   Thumb Code   186  stm32f4xx_dma.o(.text)
    DMA_SetCurrDataCounter                   0x08009575   Thumb Code   148  stm32f4xx_dma.o(.text)
    DMA_GetCurrDataCounter                   0x08009609   Thumb Code   148  stm32f4xx_dma.o(.text)
    DMA_DoubleBufferModeConfig               0x0800969d   Thumb Code   204  stm32f4xx_dma.o(.text)
    DMA_DoubleBufferModeCmd                  0x08009769   Thumb Code   186  stm32f4xx_dma.o(.text)
    DMA_MemoryTargetConfig                   0x08009823   Thumb Code   178  stm32f4xx_dma.o(.text)
    DMA_GetCurrentMemoryTarget               0x080098d5   Thumb Code   162  stm32f4xx_dma.o(.text)
    DMA_GetCmdStatus                         0x08009977   Thumb Code   162  stm32f4xx_dma.o(.text)
    DMA_GetFIFOStatus                        0x08009a19   Thumb Code   154  stm32f4xx_dma.o(.text)
    DMA_GetFlagStatus                        0x08009ab3   Thumb Code   486  stm32f4xx_dma.o(.text)
    DMA_ClearFlag                            0x08009c99   Thumb Code   220  stm32f4xx_dma.o(.text)
    DMA_ITConfig                             0x08009d75   Thumb Code   244  stm32f4xx_dma.o(.text)
    DMA_GetITStatus                          0x08009e69   Thumb Code   590  stm32f4xx_dma.o(.text)
    DMA_ClearITPendingBit                    0x0800a0b7   Thumb Code   222  stm32f4xx_dma.o(.text)
    GPIO_DeInit                              0x0800a239   Thumb Code   284  stm32f4xx_gpio.o(.text)
    GPIO_Init                                0x0800a355   Thumb Code   342  stm32f4xx_gpio.o(.text)
    GPIO_StructInit                          0x0800a4ab   Thumb Code    18  stm32f4xx_gpio.o(.text)
    GPIO_PinLockConfig                       0x0800a4bd   Thumb Code   122  stm32f4xx_gpio.o(.text)
    GPIO_ReadInputDataBit                    0x0800a537   Thumb Code   182  stm32f4xx_gpio.o(.text)
    GPIO_ReadInputData                       0x0800a5ed   Thumb Code   174  stm32f4xx_gpio.o(.text)
    GPIO_ReadOutputDataBit                   0x0800a69b   Thumb Code   186  stm32f4xx_gpio.o(.text)
    GPIO_ReadOutputData                      0x0800a755   Thumb Code    78  stm32f4xx_gpio.o(.text)
    GPIO_SetBits                             0x0800a7a3   Thumb Code    98  stm32f4xx_gpio.o(.text)
    GPIO_ResetBits                           0x0800a805   Thumb Code    98  stm32f4xx_gpio.o(.text)
    GPIO_WriteBit                            0x0800a867   Thumb Code   200  stm32f4xx_gpio.o(.text)
    GPIO_Write                               0x0800a92f   Thumb Code    78  stm32f4xx_gpio.o(.text)
    GPIO_ToggleBits                          0x0800a97d   Thumb Code    82  stm32f4xx_gpio.o(.text)
    GPIO_PinAFConfig                         0x0800a9cf   Thumb Code   384  stm32f4xx_gpio.o(.text)
    RCC_DeInit                               0x0800ab51   Thumb Code    60  stm32f4xx_rcc.o(.text)
    RCC_HSEConfig                            0x0800ab8d   Thumb Code    38  stm32f4xx_rcc.o(.text)
    RCC_GetFlagStatus                        0x0800abb3   Thumb Code   130  stm32f4xx_rcc.o(.text)
    RCC_WaitForHSEStartUp                    0x0800ac35   Thumb Code    56  stm32f4xx_rcc.o(.text)
    RCC_AdjustHSICalibrationValue            0x0800ac6d   Thumb Code    38  stm32f4xx_rcc.o(.text)
    RCC_HSICmd                               0x0800ac93   Thumb Code    28  stm32f4xx_rcc.o(.text)
    RCC_LSEConfig                            0x0800acaf   Thumb Code    72  stm32f4xx_rcc.o(.text)
    RCC_LSICmd                               0x0800acf7   Thumb Code    28  stm32f4xx_rcc.o(.text)
    RCC_PLLConfig                            0x0800ad13   Thumb Code   156  stm32f4xx_rcc.o(.text)
    RCC_PLLCmd                               0x0800adaf   Thumb Code    28  stm32f4xx_rcc.o(.text)
    RCC_PLLI2SConfig                         0x0800adcb   Thumb Code    62  stm32f4xx_rcc.o(.text)
    RCC_PLLI2SCmd                            0x0800ae09   Thumb Code    28  stm32f4xx_rcc.o(.text)
    RCC_ClockSecuritySystemCmd               0x0800ae25   Thumb Code    28  stm32f4xx_rcc.o(.text)
    RCC_MCO1Config                           0x0800ae41   Thumb Code   102  stm32f4xx_rcc.o(.text)
    RCC_MCO2Config                           0x0800aea7   Thumb Code   102  stm32f4xx_rcc.o(.text)
    RCC_SYSCLKConfig                         0x0800af0d   Thumb Code   124  stm32f4xx_rcc.o(.text)
    RCC_GetSYSCLKSource                      0x0800af89   Thumb Code    10  stm32f4xx_rcc.o(.text)
    RCC_HCLKConfig                           0x0800af93   Thumb Code    68  stm32f4xx_rcc.o(.text)
    RCC_PCLK1Config                          0x0800afd7   Thumb Code    60  stm32f4xx_rcc.o(.text)
    RCC_PCLK2Config                          0x0800b013   Thumb Code    62  stm32f4xx_rcc.o(.text)
    RCC_GetClocksFreq                        0x0800b051   Thumb Code   214  stm32f4xx_rcc.o(.text)
    RCC_RTCCLKConfig                         0x0800b127   Thumb Code   262  stm32f4xx_rcc.o(.text)
    RCC_RTCCLKCmd                            0x0800b22d   Thumb Code    30  stm32f4xx_rcc.o(.text)
    RCC_BackupResetCmd                       0x0800b24b   Thumb Code    32  stm32f4xx_rcc.o(.text)
    RCC_I2SCLKConfig                         0x0800b26b   Thumb Code    30  stm32f4xx_rcc.o(.text)
    RCC_AHB1PeriphClockCmd                   0x0800b289   Thumb Code    82  stm32f4xx_rcc.o(.text)
    RCC_AHB2PeriphClockCmd                   0x0800b2db   Thumb Code    82  stm32f4xx_rcc.o(.text)
    RCC_AHB3PeriphClockCmd                   0x0800b32d   Thumb Code   232  stm32f4xx_rcc.o(.text)
    RCC_APB1PeriphClockCmd                   0x0800b415   Thumb Code    82  stm32f4xx_rcc.o(.text)
    RCC_APB2PeriphClockCmd                   0x0800b467   Thumb Code    82  stm32f4xx_rcc.o(.text)
    RCC_AHB1PeriphResetCmd                   0x0800b4b9   Thumb Code    82  stm32f4xx_rcc.o(.text)
    RCC_AHB2PeriphResetCmd                   0x0800b50b   Thumb Code    82  stm32f4xx_rcc.o(.text)
    RCC_AHB3PeriphResetCmd                   0x0800b55d   Thumb Code    82  stm32f4xx_rcc.o(.text)
    RCC_APB1PeriphResetCmd                   0x0800b5af   Thumb Code    82  stm32f4xx_rcc.o(.text)
    RCC_APB2PeriphResetCmd                   0x0800b601   Thumb Code    82  stm32f4xx_rcc.o(.text)
    RCC_AHB1PeriphClockLPModeCmd             0x0800b653   Thumb Code    82  stm32f4xx_rcc.o(.text)
    RCC_AHB2PeriphClockLPModeCmd             0x0800b6a5   Thumb Code    82  stm32f4xx_rcc.o(.text)
    RCC_AHB3PeriphClockLPModeCmd             0x0800b6f7   Thumb Code    82  stm32f4xx_rcc.o(.text)
    RCC_APB1PeriphClockLPModeCmd             0x0800b749   Thumb Code    82  stm32f4xx_rcc.o(.text)
    RCC_APB2PeriphClockLPModeCmd             0x0800b79b   Thumb Code   106  stm32f4xx_rcc.o(.text)
    RCC_ITConfig                             0x0800b805   Thumb Code    74  stm32f4xx_rcc.o(.text)
    RCC_ClearFlag                            0x0800b84f   Thumb Code    18  stm32f4xx_rcc.o(.text)
    RCC_GetITStatus                          0x0800b861   Thumb Code    68  stm32f4xx_rcc.o(.text)
    RCC_ClearITPendingBit                    0x0800b8a5   Thumb Code    34  stm32f4xx_rcc.o(.text)
    TIM_DeInit                               0x0800b8cd   Thumb Code   440  stm32f4xx_tim.o(.text)
    TIM_TimeBaseInit                         0x0800ba85   Thumb Code   278  stm32f4xx_tim.o(.text)
    TIM_TimeBaseStructInit                   0x0800bb9b   Thumb Code    18  stm32f4xx_tim.o(.text)
    TIM_PrescalerConfig                      0x0800bbad   Thumb Code   128  stm32f4xx_tim.o(.text)
    TIM_CounterModeConfig                    0x0800bc2d   Thumb Code   100  stm32f4xx_tim.o(.text)
    TIM_SetCounter                           0x0800bc91   Thumb Code   222  stm32f4xx_tim.o(.text)
    TIM_SetAutoreload                        0x0800bd6f   Thumb Code   108  stm32f4xx_tim.o(.text)
    TIM_GetCounter                           0x0800bddb   Thumb Code   106  stm32f4xx_tim.o(.text)
    TIM_GetPrescaler                         0x0800be45   Thumb Code   106  stm32f4xx_tim.o(.text)
    TIM_UpdateDisableConfig                  0x0800beaf   Thumb Code   148  stm32f4xx_tim.o(.text)
    TIM_UpdateRequestConfig                  0x0800bf43   Thumb Code   148  stm32f4xx_tim.o(.text)
    TIM_ARRPreloadConfig                     0x0800bfd7   Thumb Code   148  stm32f4xx_tim.o(.text)
    TIM_SelectOnePulseMode                   0x0800c06b   Thumb Code   142  stm32f4xx_tim.o(.text)
    TIM_SetClockDivision                     0x0800c0f9   Thumb Code   192  stm32f4xx_tim.o(.text)
    TIM_Cmd                                  0x0800c1b9   Thumb Code   148  stm32f4xx_tim.o(.text)
    TIM_OC1Init                              0x0800c24d   Thumb Code   416  stm32f4xx_tim.o(.text)
    TIM_OC2Init                              0x0800c3ed   Thumb Code   486  stm32f4xx_tim.o(.text)
    TIM_OC3Init                              0x0800c5d3   Thumb Code   416  stm32f4xx_tim.o(.text)
    TIM_OC4Init                              0x0800c773   Thumb Code   300  stm32f4xx_tim.o(.text)
    TIM_OCStructInit                         0x0800c89f   Thumb Code    20  stm32f4xx_tim.o(.text)
    TIM_SelectOCxM                           0x0800c8b3   Thumb Code   256  stm32f4xx_tim.o(.text)
    TIM_SetCompare1                          0x0800c9b3   Thumb Code   142  stm32f4xx_tim.o(.text)
    TIM_SetCompare2                          0x0800ca41   Thumb Code    72  stm32f4xx_tim.o(.text)
    TIM_SetCompare3                          0x0800ca89   Thumb Code    60  stm32f4xx_tim.o(.text)
    TIM_SetCompare4                          0x0800cac5   Thumb Code    60  stm32f4xx_tim.o(.text)
    TIM_ForcedOC1Config                      0x0800cb01   Thumb Code   130  stm32f4xx_tim.o(.text)
    TIM_ForcedOC2Config                      0x0800cb83   Thumb Code   114  stm32f4xx_tim.o(.text)
    TIM_ForcedOC3Config                      0x0800cbf5   Thumb Code    94  stm32f4xx_tim.o(.text)
    TIM_ForcedOC4Config                      0x0800cc53   Thumb Code   102  stm32f4xx_tim.o(.text)
    TIM_OC1PreloadConfig                     0x0800ccb9   Thumb Code   124  stm32f4xx_tim.o(.text)
    TIM_OC2PreloadConfig                     0x0800cd35   Thumb Code   108  stm32f4xx_tim.o(.text)
    TIM_OC3PreloadConfig                     0x0800cda1   Thumb Code   136  stm32f4xx_tim.o(.text)
    TIM_OC4PreloadConfig                     0x0800ce29   Thumb Code    96  stm32f4xx_tim.o(.text)
    TIM_OC1FastConfig                        0x0800ce89   Thumb Code   124  stm32f4xx_tim.o(.text)
    TIM_OC2FastConfig                        0x0800cf05   Thumb Code   108  stm32f4xx_tim.o(.text)
    TIM_OC3FastConfig                        0x0800cf71   Thumb Code    88  stm32f4xx_tim.o(.text)
    TIM_OC4FastConfig                        0x0800cfc9   Thumb Code    96  stm32f4xx_tim.o(.text)
    TIM_ClearOC1Ref                          0x0800d029   Thumb Code   124  stm32f4xx_tim.o(.text)
    TIM_ClearOC2Ref                          0x0800d0a5   Thumb Code   106  stm32f4xx_tim.o(.text)
    TIM_ClearOC3Ref                          0x0800d10f   Thumb Code    88  stm32f4xx_tim.o(.text)
    TIM_ClearOC4Ref                          0x0800d167   Thumb Code    94  stm32f4xx_tim.o(.text)
    TIM_OC1PolarityConfig                    0x0800d1c5   Thumb Code   174  stm32f4xx_tim.o(.text)
    TIM_OC1NPolarityConfig                   0x0800d273   Thumb Code    64  stm32f4xx_tim.o(.text)
    TIM_OC2PolarityConfig                    0x0800d2b3   Thumb Code   108  stm32f4xx_tim.o(.text)
    TIM_OC2NPolarityConfig                   0x0800d31f   Thumb Code    72  stm32f4xx_tim.o(.text)
    TIM_OC3PolarityConfig                    0x0800d367   Thumb Code    96  stm32f4xx_tim.o(.text)
    TIM_OC3NPolarityConfig                   0x0800d3c7   Thumb Code    72  stm32f4xx_tim.o(.text)
    TIM_OC4PolarityConfig                    0x0800d40f   Thumb Code    96  stm32f4xx_tim.o(.text)
    TIM_CCxCmd                               0x0800d46f   Thumb Code   168  stm32f4xx_tim.o(.text)
    TIM_CCxNCmd                              0x0800d517   Thumb Code   104  stm32f4xx_tim.o(.text)
    TIM_SetIC4Prescaler                      0x0800d57f   Thumb Code   106  stm32f4xx_tim.o(.text)
    TIM_SetIC3Prescaler                      0x0800d669   Thumb Code    98  stm32f4xx_tim.o(.text)
    TIM_SetIC2Prescaler                      0x0800d713   Thumb Code   118  stm32f4xx_tim.o(.text)
    TIM_SetIC1Prescaler                      0x0800d7d9   Thumb Code   134  stm32f4xx_tim.o(.text)
    TIM_ICInit                               0x0800d899   Thumb Code   508  stm32f4xx_tim.o(.text)
    TIM_ICStructInit                         0x0800da95   Thumb Code    18  stm32f4xx_tim.o(.text)
    TIM_PWMIConfig                           0x0800daa7   Thumb Code   184  stm32f4xx_tim.o(.text)
    TIM_GetCapture1                          0x0800db5f   Thumb Code    92  stm32f4xx_tim.o(.text)
    TIM_GetCapture2                          0x0800dbbb   Thumb Code    68  stm32f4xx_tim.o(.text)
    TIM_GetCapture3                          0x0800dbff   Thumb Code    56  stm32f4xx_tim.o(.text)
    TIM_GetCapture4                          0x0800dc37   Thumb Code    56  stm32f4xx_tim.o(.text)
    TIM_BDTRConfig                           0x0800dc6f   Thumb Code   222  stm32f4xx_tim.o(.text)
    TIM_BDTRStructInit                       0x0800dd4d   Thumb Code    18  stm32f4xx_tim.o(.text)
    TIM_CtrlPWMOutputs                       0x0800dd5f   Thumb Code    78  stm32f4xx_tim.o(.text)
    TIM_SelectCOM                            0x0800ddad   Thumb Code    72  stm32f4xx_tim.o(.text)
    TIM_CCPreloadControl                     0x0800ddf5   Thumb Code    72  stm32f4xx_tim.o(.text)
    TIM_ITConfig                             0x0800de3d   Thumb Code   218  stm32f4xx_tim.o(.text)
    TIM_GenerateEvent                        0x0800df17   Thumb Code   126  stm32f4xx_tim.o(.text)
    TIM_GetFlagStatus                        0x0800df95   Thumb Code   188  stm32f4xx_tim.o(.text)
    TIM_ClearFlag                            0x0800e051   Thumb Code   108  stm32f4xx_tim.o(.text)
    TIM_GetITStatus                          0x0800e0bd   Thumb Code   186  stm32f4xx_tim.o(.text)
    TIM_ClearITPendingBit                    0x0800e177   Thumb Code   108  stm32f4xx_tim.o(.text)
    TIM_DMAConfig                            0x0800e1e3   Thumb Code   334  stm32f4xx_tim.o(.text)
    TIM_DMACmd                               0x0800e331   Thumb Code   126  stm32f4xx_tim.o(.text)
    TIM_SelectCCDMA                          0x0800e3af   Thumb Code    96  stm32f4xx_tim.o(.text)
    TIM_InternalClockConfig                  0x0800e40f   Thumb Code    76  stm32f4xx_tim.o(.text)
    TIM_SelectInputTrigger                   0x0800e45b   Thumb Code   148  stm32f4xx_tim.o(.text)
    TIM_ITRxExternalClockConfig              0x0800e4ef   Thumb Code   110  stm32f4xx_tim.o(.text)
    TIM_TIxExternalClockConfig               0x0800e55d   Thumb Code   184  stm32f4xx_tim.o(.text)
    TIM_ETRConfig                            0x0800e615   Thumb Code   164  stm32f4xx_tim.o(.text)
    TIM_ETRClockMode1Config                  0x0800e6b9   Thumb Code   228  stm32f4xx_tim.o(.text)
    TIM_ETRClockMode2Config                  0x0800e79d   Thumb Code   152  stm32f4xx_tim.o(.text)
    TIM_SelectOutputTrigger                  0x0800e835   Thumb Code   126  stm32f4xx_tim.o(.text)
    TIM_SelectSlaveMode                      0x0800e8b3   Thumb Code   112  stm32f4xx_tim.o(.text)
    TIM_SelectMasterSlaveMode                0x0800e923   Thumb Code   102  stm32f4xx_tim.o(.text)
    TIM_EncoderInterfaceConfig               0x0800e989   Thumb Code   226  stm32f4xx_tim.o(.text)
    TIM_SelectHallSensor                     0x0800ea6b   Thumb Code   108  stm32f4xx_tim.o(.text)
    TIM_RemapConfig                          0x0800ead7   Thumb Code   138  stm32f4xx_tim.o(.text)
    USART_DeInit                             0x0800eb61   Thumb Code   202  stm32f4xx_usart.o(.text)
    USART_Init                               0x0800ec2b   Thumb Code   456  stm32f4xx_usart.o(.text)
    USART_StructInit                         0x0800edf3   Thumb Code    24  stm32f4xx_usart.o(.text)
    USART_ClockInit                          0x0800ee0b   Thumb Code   166  stm32f4xx_usart.o(.text)
    USART_ClockStructInit                    0x0800eeb1   Thumb Code    12  stm32f4xx_usart.o(.text)
    USART_Cmd                                0x0800eebd   Thumb Code    96  stm32f4xx_usart.o(.text)
    USART_SetPrescaler                       0x0800ef1d   Thumb Code   160  stm32f4xx_usart.o(.text)
    USART_OverSampling8Cmd                   0x0800efbd   Thumb Code    98  stm32f4xx_usart.o(.text)
    USART_OneBitMethodCmd                    0x0800f01f   Thumb Code   100  stm32f4xx_usart.o(.text)
    USART_SendData                           0x0800f083   Thumb Code    84  stm32f4xx_usart.o(.text)
    USART_ReceiveData                        0x0800f0d7   Thumb Code    62  stm32f4xx_usart.o(.text)
    USART_SetAddress                         0x0800f115   Thumb Code    92  stm32f4xx_usart.o(.text)
    USART_ReceiverWakeUpCmd                  0x0800f171   Thumb Code   100  stm32f4xx_usart.o(.text)
    USART_WakeUpConfig                       0x0800f1d5   Thumb Code    96  stm32f4xx_usart.o(.text)
    USART_LINBreakDetectLengthConfig         0x0800f235   Thumb Code    94  stm32f4xx_usart.o(.text)
    USART_LINCmd                             0x0800f293   Thumb Code   100  stm32f4xx_usart.o(.text)
    USART_SendBreak                          0x0800f2f7   Thumb Code    64  stm32f4xx_usart.o(.text)
    USART_HalfDuplexCmd                      0x0800f337   Thumb Code   100  stm32f4xx_usart.o(.text)
    USART_SetGuardTime                       0x0800f39b   Thumb Code    86  stm32f4xx_usart.o(.text)
    USART_SmartCardCmd                       0x0800f3f1   Thumb Code    88  stm32f4xx_usart.o(.text)
    USART_SmartCardNACKCmd                   0x0800f449   Thumb Code    88  stm32f4xx_usart.o(.text)
    USART_IrDAConfig                         0x0800f4a1   Thumb Code    94  stm32f4xx_usart.o(.text)
    USART_IrDACmd                            0x0800f4ff   Thumb Code   100  stm32f4xx_usart.o(.text)
    USART_DMACmd                             0x0800f563   Thumb Code   120  stm32f4xx_usart.o(.text)
    USART_ITConfig                           0x0800f5db   Thumb Code   268  stm32f4xx_usart.o(.text)
    USART_GetFlagStatus                      0x0800f6e7   Thumb Code   176  stm32f4xx_usart.o(.text)
    USART_ClearFlag                          0x0800f797   Thumb Code   160  stm32f4xx_usart.o(.text)
    USART_GetITStatus                        0x0800f837   Thumb Code   284  stm32f4xx_usart.o(.text)
    USART_ClearITPendingBit                  0x0800f953   Thumb Code   170  stm32f4xx_usart.o(.text)
    Reset_Handler                            0x0800fa15   Thumb Code     8  startup_stm32f4xx.o(.text)
    DebugMon_Handler                         0x0800fa29   Thumb Code     2  startup_stm32f4xx.o(.text)
    ADC_IRQHandler                           0x0800fa2f   Thumb Code     0  startup_stm32f4xx.o(.text)
    CAN1_RX0_IRQHandler                      0x0800fa2f   Thumb Code     0  startup_stm32f4xx.o(.text)
    CAN1_RX1_IRQHandler                      0x0800fa2f   Thumb Code     0  startup_stm32f4xx.o(.text)
    CAN1_SCE_IRQHandler                      0x0800fa2f   Thumb Code     0  startup_stm32f4xx.o(.text)
    CAN1_TX_IRQHandler                       0x0800fa2f   Thumb Code     0  startup_stm32f4xx.o(.text)
    CAN2_RX0_IRQHandler                      0x0800fa2f   Thumb Code     0  startup_stm32f4xx.o(.text)
    CAN2_RX1_IRQHandler                      0x0800fa2f   Thumb Code     0  startup_stm32f4xx.o(.text)
    CAN2_SCE_IRQHandler                      0x0800fa2f   Thumb Code     0  startup_stm32f4xx.o(.text)
    CAN2_TX_IRQHandler                       0x0800fa2f   Thumb Code     0  startup_stm32f4xx.o(.text)
    CRYP_IRQHandler                          0x0800fa2f   Thumb Code     0  startup_stm32f4xx.o(.text)
    DCMI_IRQHandler                          0x0800fa2f   Thumb Code     0  startup_stm32f4xx.o(.text)
    DMA1_Stream0_IRQHandler                  0x0800fa2f   Thumb Code     0  startup_stm32f4xx.o(.text)
    DMA1_Stream1_IRQHandler                  0x0800fa2f   Thumb Code     0  startup_stm32f4xx.o(.text)
    DMA1_Stream2_IRQHandler                  0x0800fa2f   Thumb Code     0  startup_stm32f4xx.o(.text)
    DMA1_Stream3_IRQHandler                  0x0800fa2f   Thumb Code     0  startup_stm32f4xx.o(.text)
    DMA1_Stream4_IRQHandler                  0x0800fa2f   Thumb Code     0  startup_stm32f4xx.o(.text)
    DMA1_Stream5_IRQHandler                  0x0800fa2f   Thumb Code     0  startup_stm32f4xx.o(.text)
    DMA1_Stream6_IRQHandler                  0x0800fa2f   Thumb Code     0  startup_stm32f4xx.o(.text)
    DMA1_Stream7_IRQHandler                  0x0800fa2f   Thumb Code     0  startup_stm32f4xx.o(.text)
    DMA2_Stream0_IRQHandler                  0x0800fa2f   Thumb Code     0  startup_stm32f4xx.o(.text)
    DMA2_Stream1_IRQHandler                  0x0800fa2f   Thumb Code     0  startup_stm32f4xx.o(.text)
    DMA2_Stream2_IRQHandler                  0x0800fa2f   Thumb Code     0  startup_stm32f4xx.o(.text)
    DMA2_Stream3_IRQHandler                  0x0800fa2f   Thumb Code     0  startup_stm32f4xx.o(.text)
    DMA2_Stream4_IRQHandler                  0x0800fa2f   Thumb Code     0  startup_stm32f4xx.o(.text)
    DMA2_Stream6_IRQHandler                  0x0800fa2f   Thumb Code     0  startup_stm32f4xx.o(.text)
    DMA2_Stream7_IRQHandler                  0x0800fa2f   Thumb Code     0  startup_stm32f4xx.o(.text)
    ETH_IRQHandler                           0x0800fa2f   Thumb Code     0  startup_stm32f4xx.o(.text)
    ETH_WKUP_IRQHandler                      0x0800fa2f   Thumb Code     0  startup_stm32f4xx.o(.text)
    EXTI0_IRQHandler                         0x0800fa2f   Thumb Code     0  startup_stm32f4xx.o(.text)
    EXTI15_10_IRQHandler                     0x0800fa2f   Thumb Code     0  startup_stm32f4xx.o(.text)
    EXTI1_IRQHandler                         0x0800fa2f   Thumb Code     0  startup_stm32f4xx.o(.text)
    EXTI2_IRQHandler                         0x0800fa2f   Thumb Code     0  startup_stm32f4xx.o(.text)
    EXTI3_IRQHandler                         0x0800fa2f   Thumb Code     0  startup_stm32f4xx.o(.text)
    EXTI4_IRQHandler                         0x0800fa2f   Thumb Code     0  startup_stm32f4xx.o(.text)
    EXTI9_5_IRQHandler                       0x0800fa2f   Thumb Code     0  startup_stm32f4xx.o(.text)
    FLASH_IRQHandler                         0x0800fa2f   Thumb Code     0  startup_stm32f4xx.o(.text)
    FPU_IRQHandler                           0x0800fa2f   Thumb Code     0  startup_stm32f4xx.o(.text)
    FSMC_IRQHandler                          0x0800fa2f   Thumb Code     0  startup_stm32f4xx.o(.text)
    HASH_RNG_IRQHandler                      0x0800fa2f   Thumb Code     0  startup_stm32f4xx.o(.text)
    I2C1_ER_IRQHandler                       0x0800fa2f   Thumb Code     0  startup_stm32f4xx.o(.text)
    I2C1_EV_IRQHandler                       0x0800fa2f   Thumb Code     0  startup_stm32f4xx.o(.text)
    I2C2_ER_IRQHandler                       0x0800fa2f   Thumb Code     0  startup_stm32f4xx.o(.text)
    I2C2_EV_IRQHandler                       0x0800fa2f   Thumb Code     0  startup_stm32f4xx.o(.text)
    I2C3_ER_IRQHandler                       0x0800fa2f   Thumb Code     0  startup_stm32f4xx.o(.text)
    I2C3_EV_IRQHandler                       0x0800fa2f   Thumb Code     0  startup_stm32f4xx.o(.text)
    OTG_FS_IRQHandler                        0x0800fa2f   Thumb Code     0  startup_stm32f4xx.o(.text)
    OTG_FS_WKUP_IRQHandler                   0x0800fa2f   Thumb Code     0  startup_stm32f4xx.o(.text)
    OTG_HS_EP1_IN_IRQHandler                 0x0800fa2f   Thumb Code     0  startup_stm32f4xx.o(.text)
    OTG_HS_EP1_OUT_IRQHandler                0x0800fa2f   Thumb Code     0  startup_stm32f4xx.o(.text)
    OTG_HS_IRQHandler                        0x0800fa2f   Thumb Code     0  startup_stm32f4xx.o(.text)
    OTG_HS_WKUP_IRQHandler                   0x0800fa2f   Thumb Code     0  startup_stm32f4xx.o(.text)
    PVD_IRQHandler                           0x0800fa2f   Thumb Code     0  startup_stm32f4xx.o(.text)
    RCC_IRQHandler                           0x0800fa2f   Thumb Code     0  startup_stm32f4xx.o(.text)
    RTC_Alarm_IRQHandler                     0x0800fa2f   Thumb Code     0  startup_stm32f4xx.o(.text)
    RTC_WKUP_IRQHandler                      0x0800fa2f   Thumb Code     0  startup_stm32f4xx.o(.text)
    SDIO_IRQHandler                          0x0800fa2f   Thumb Code     0  startup_stm32f4xx.o(.text)
    SPI1_IRQHandler                          0x0800fa2f   Thumb Code     0  startup_stm32f4xx.o(.text)
    SPI2_IRQHandler                          0x0800fa2f   Thumb Code     0  startup_stm32f4xx.o(.text)
    SPI3_IRQHandler                          0x0800fa2f   Thumb Code     0  startup_stm32f4xx.o(.text)
    TAMP_STAMP_IRQHandler                    0x0800fa2f   Thumb Code     0  startup_stm32f4xx.o(.text)
    TIM1_BRK_TIM9_IRQHandler                 0x0800fa2f   Thumb Code     0  startup_stm32f4xx.o(.text)
    TIM1_CC_IRQHandler                       0x0800fa2f   Thumb Code     0  startup_stm32f4xx.o(.text)
    TIM1_TRG_COM_TIM11_IRQHandler            0x0800fa2f   Thumb Code     0  startup_stm32f4xx.o(.text)
    TIM1_UP_TIM10_IRQHandler                 0x0800fa2f   Thumb Code     0  startup_stm32f4xx.o(.text)
    TIM3_IRQHandler                          0x0800fa2f   Thumb Code     0  startup_stm32f4xx.o(.text)
    TIM4_IRQHandler                          0x0800fa2f   Thumb Code     0  startup_stm32f4xx.o(.text)
    TIM5_IRQHandler                          0x0800fa2f   Thumb Code     0  startup_stm32f4xx.o(.text)
    TIM6_DAC_IRQHandler                      0x0800fa2f   Thumb Code     0  startup_stm32f4xx.o(.text)
    TIM7_IRQHandler                          0x0800fa2f   Thumb Code     0  startup_stm32f4xx.o(.text)
    TIM8_BRK_TIM12_IRQHandler                0x0800fa2f   Thumb Code     0  startup_stm32f4xx.o(.text)
    TIM8_CC_IRQHandler                       0x0800fa2f   Thumb Code     0  startup_stm32f4xx.o(.text)
    TIM8_TRG_COM_TIM14_IRQHandler            0x0800fa2f   Thumb Code     0  startup_stm32f4xx.o(.text)
    TIM8_UP_TIM13_IRQHandler                 0x0800fa2f   Thumb Code     0  startup_stm32f4xx.o(.text)
    UART4_IRQHandler                         0x0800fa2f   Thumb Code     0  startup_stm32f4xx.o(.text)
    UART5_IRQHandler                         0x0800fa2f   Thumb Code     0  startup_stm32f4xx.o(.text)
    USART2_IRQHandler                        0x0800fa2f   Thumb Code     0  startup_stm32f4xx.o(.text)
    USART3_IRQHandler                        0x0800fa2f   Thumb Code     0  startup_stm32f4xx.o(.text)
    USART6_IRQHandler                        0x0800fa2f   Thumb Code     0  startup_stm32f4xx.o(.text)
    WWDG_IRQHandler                          0x0800fa2f   Thumb Code     0  startup_stm32f4xx.o(.text)
    rt_hw_stack_init                         0x0800fa39   Thumb Code    74  cpuport.o(.text)
    rt_hw_exception_install                  0x0800fa83   Thumb Code     6  cpuport.o(.text)
    rt_hw_hard_fault_exception               0x0800fc67   Thumb Code   220  cpuport.o(.text)
    rt_hw_cpu_shutdown                       0x0800fd43   Thumb Code    22  cpuport.o(.text)
    rt_hw_cpu_reset                          0x0800fd59   Thumb Code    10  cpuport.o(.text)
    rt_hw_interrupt_disable                  0x08010045   Thumb Code     8  context_rvds.o(.text)
    rt_hw_interrupt_enable                   0x0801004d   Thumb Code     6  context_rvds.o(.text)
    rt_hw_context_switch                     0x08010053   Thumb Code    32  context_rvds.o(.text)
    rt_hw_context_switch_interrupt           0x08010053   Thumb Code     0  context_rvds.o(.text)
    PendSV_Handler                           0x08010073   Thumb Code   108  context_rvds.o(.text)
    rt_hw_context_switch_to                  0x080100df   Thumb Code    70  context_rvds.o(.text)
    rt_hw_interrupt_thread_switch            0x08010125   Thumb Code     2  context_rvds.o(.text)
    HardFault_Handler                        0x08010127   Thumb Code    56  context_rvds.o(.text)
    rt_device_hwtimer_isr                    0x08010543   Thumb Code   110  hwtimer.o(.text)
    rt_device_hwtimer_register               0x080105b1   Thumb Code    90  hwtimer.o(.text)
    rt_i2c_bus_device_register               0x08010645   Thumb Code    42  i2c_core.o(.text)
    rt_i2c_bus_device_find                   0x0801066f   Thumb Code    30  i2c_core.o(.text)
    rt_i2c_transfer                          0x0801068d   Thumb Code    60  i2c_core.o(.text)
    rt_i2c_master_send                       0x080106c9   Thumb Code    66  i2c_core.o(.text)
    rt_i2c_master_recv                       0x0801070b   Thumb Code    90  i2c_core.o(.text)
    rt_i2c_core_init                         0x08010765   Thumb Code     4  i2c_core.o(.text)
    rt_i2c_bus_device_device_init            0x0801088f   Thumb Code    44  i2c_dev.o(.text)
    rt_i2c_bit_add_bus                       0x08010d1f   Thumb Code    20  i2c-bit-ops.o(.text)
    rt_device_pin_register                   0x08010e05   Thumb Code    42  pin.o(.text)
    rt_pin_attach_irq                        0x08010e2f   Thumb Code    60  pin.o(.text)
    rt_pin_detach_irq                        0x08010e6b   Thumb Code    46  pin.o(.text)
    rt_pin_irq_enable                        0x08010e99   Thumb Code    50  pin.o(.text)
    rt_pin_mode                              0x08010ecb   Thumb Code    38  pin.o(.text)
    rt_pin_write                             0x08010ef1   Thumb Code    38  pin.o(.text)
    rt_pin_read                              0x08010f17   Thumb Code    34  pin.o(.text)
    rt_device_pwm_register                   0x0801105f   Thumb Code    54  rt_drv_pwm.o(.text)
    rt_pwm_enable                            0x08011095   Thumb Code    42  rt_drv_pwm.o(.text)
    rt_pwm_disable                           0x080110bf   Thumb Code    42  rt_drv_pwm.o(.text)
    rt_pwm_set                               0x080110e9   Thumb Code    56  rt_drv_pwm.o(.text)
    rt_hw_serial_register                    0x08011af5   Thumb Code   132  serial.o(.text)
    rt_hw_serial_isr                         0x08011b79   Thumb Code   394  serial.o(.text)
    rt_completion_init                       0x08011ea1   Thumb Code    42  completion.o(.text)
    rt_completion_wait                       0x08011ecb   Thumb Code   198  completion.o(.text)
    rt_completion_done                       0x08011f91   Thumb Code    76  completion.o(.text)
    rt_data_queue_init                       0x0801207b   Thumb Code    76  dataqueue.o(.text)
    rt_data_queue_push                       0x080120c7   Thumb Code   282  dataqueue.o(.text)
    rt_data_queue_pop                        0x080121e1   Thumb Code   342  dataqueue.o(.text)
    rt_data_queue_peak                       0x08012337   Thumb Code   102  dataqueue.o(.text)
    rt_data_queue_reset                      0x0801239d   Thumb Code   106  dataqueue.o(.text)
    finsh_set_prompt                         0x08012491   Thumb Code    64  shell.o(.text)
    finsh_get_prompt                         0x080124d1   Thumb Code    84  shell.o(.text)
    finsh_get_prompt_mode                    0x08012525   Thumb Code    32  shell.o(.text)
    finsh_set_prompt_mode                    0x08012545   Thumb Code    42  shell.o(.text)
    finsh_set_device                         0x080125d1   Thumb Code   156  shell.o(.text)
    finsh_get_device                         0x0801266d   Thumb Code    28  shell.o(.text)
    finsh_set_echo                           0x08012689   Thumb Code    42  shell.o(.text)
    finsh_get_echo                           0x080126b3   Thumb Code    32  shell.o(.text)
    finsh_thread_entry                       0x080127f5   Thumb Code  1446  shell.o(.text)
    finsh_system_function_init               0x08012d9b   Thumb Code    10  shell.o(.text)
    finsh_system_var_init                    0x08012da5   Thumb Code    10  shell.o(.text)
    finsh_system_init                        0x08012daf   Thumb Code   102  shell.o(.text)
    hello                                    0x08012e6d   Thumb Code    12  cmd.o(.text)
    version                                  0x08012e79   Thumb Code    10  cmd.o(.text)
    list_thread                              0x08012f35   Thumb Code   294  cmd.o(.text)
    list_sem                                 0x08013083   Thumb Code   216  cmd.o(.text)
    list_event                               0x0801315b   Thumb Code   204  cmd.o(.text)
    list_mutex                               0x08013227   Thumb Code   610  cmd.o(.text)
    list_mailbox                             0x08013489   Thumb Code   226  cmd.o(.text)
    list_msgqueue                            0x0801356b   Thumb Code   216  cmd.o(.text)
    list_mempool                             0x08013643   Thumb Code   210  cmd.o(.text)
    list_timer                               0x08013715   Thumb Code   808  cmd.o(.text)
    list_device                              0x08013a3d   Thumb Code   172  cmd.o(.text)
    list                                     0x08013ae9   Thumb Code    54  cmd.o(.text)
    msh_is_used                              0x08013be5   Thumb Code     4  msh.o(.text)
    msh_help                                 0x08013be9   Thumb Code    66  msh.o(.text)
    msh_exec                                 0x08013dc9   Thumb Code    82  msh.o(.text)
    msh_auto_complete                        0x08013e3b   Thumb Code   138  msh.o(.text)
    cmd_ps                                   0x08013f4d   Thumb Code    14  msh_cmd.o(.text)
    cmd_time                                 0x08013f5b   Thumb Code     6  msh_cmd.o(.text)
    cmd_free                                 0x08013f61   Thumb Code    14  msh_cmd.o(.text)
    __aeabi_ldivmod                          0x08013f6f   Thumb Code    98  ldiv.o(.text)
    __aeabi_memcpy                           0x08013fd1   Thumb Code    36  memcpya.o(.text)
    __aeabi_memcpy4                          0x08013fd1   Thumb Code     0  memcpya.o(.text)
    __aeabi_memcpy8                          0x08013fd1   Thumb Code     0  memcpya.o(.text)
    __aeabi_memset                           0x08013ff5   Thumb Code    14  memseta.o(.text)
    __aeabi_memset4                          0x08013ff5   Thumb Code     0  memseta.o(.text)
    __aeabi_memset8                          0x08013ff5   Thumb Code     0  memseta.o(.text)
    __aeabi_memclr                           0x08014003   Thumb Code     4  memseta.o(.text)
    __aeabi_memclr4                          0x08014003   Thumb Code     0  memseta.o(.text)
    __aeabi_memclr8                          0x08014003   Thumb Code     0  memseta.o(.text)
    _memset$wrapper                          0x08014007   Thumb Code    18  memseta.o(.text)
    strcat                                   0x08014019   Thumb Code    24  strcat.o(.text)
    strncpy                                  0x08014031   Thumb Code    24  strncpy.o(.text)
    strlen                                   0x08014049   Thumb Code    14  strlen.o(.text)
    memcmp                                   0x08014057   Thumb Code    26  memcmp.o(.text)
    strcpy                                   0x08014071   Thumb Code    18  strcpy.o(.text)
    strncmp                                  0x08014083   Thumb Code    30  strncmp.o(.text)
    atoi                                     0x080140a1   Thumb Code    26  atoi.o(.text)
    __aeabi_f2d                              0x080140bb   Thumb Code    38  f2d.o(.text)
    __aeabi_cdrcmple                         0x080140e1   Thumb Code    48  cdrcmple.o(.text)
    __aeabi_uldivmod                         0x08014111   Thumb Code    98  uldiv.o(.text)
    strtol                                   0x08014173   Thumb Code   112  strtol.o(.text)
    __I$use$fp                               0x080141e3   Thumb Code     0  iusefp.o(.text)
    __scatterload                            0x080141e5   Thumb Code    28  init.o(.text)
    __scatterload_rt2                        0x080141e5   Thumb Code     0  init.o(.text)
    __aeabi_llsl                             0x08014209   Thumb Code    30  llshl.o(.text)
    _ll_shift_l                              0x08014209   Thumb Code     0  llshl.o(.text)
    __aeabi_llsr                             0x08014227   Thumb Code    32  llushr.o(.text)
    _ll_ushift_r                             0x08014227   Thumb Code     0  llushr.o(.text)
    __rt_ctype_table                         0x08014249   Thumb Code     4  ctype_o.o(.text)
    _strtoul                                 0x08014251   Thumb Code   158  _strtoul.o(.text)
    _chval                                   0x080142ef   Thumb Code    28  _chval.o(.text)
    __decompress                             0x0801430b   Thumb Code     0  __dczerorl2.o(.text)
    __decompress1                            0x0801430b   Thumb Code    86  __dczerorl2.o(.text)
    __ARM_fpclassifyf                        0x08014361   Thumb Code    38  fpclassifyf.o(i.__ARM_fpclassifyf)
    __aeabi_errno_addr                       0x08014389   Thumb Code     4  errno.o(i.__aeabi_errno_addr)
    __rt_errno_addr                          0x08014389   Thumb Code     0  errno.o(i.__aeabi_errno_addr)
    __hardfp_asinf                           0x08014391   Thumb Code   258  asinf.o(i.__hardfp_asinf)
    __hardfp_atan2f                          0x080144bd   Thumb Code   502  atan2f.o(i.__hardfp_atan2f)
    __hardfp_fabs                            0x0801470d   Thumb Code    20  fabs.o(i.__hardfp_fabs)
    __mathlib_flt_infnan                     0x08014721   Thumb Code     6  funder.o(i.__mathlib_flt_infnan)
    __mathlib_flt_infnan2                    0x08014727   Thumb Code     6  funder.o(i.__mathlib_flt_infnan2)
    __mathlib_flt_invalid                    0x0801472d   Thumb Code    10  funder.o(i.__mathlib_flt_invalid)
    __mathlib_flt_underflow                  0x0801473d   Thumb Code    10  funder.o(i.__mathlib_flt_underflow)
    __scatterload_copy                       0x0801474d   Thumb Code    14  handlers.o(i.__scatterload_copy)
    __scatterload_null                       0x0801475b   Thumb Code     2  handlers.o(i.__scatterload_null)
    __scatterload_zeroinit                   0x0801475d   Thumb Code    14  handlers.o(i.__scatterload_zeroinit)
    __set_errno                              0x0801476d   Thumb Code     6  errno.o(i.__set_errno)
    sqrtf                                    0x08014779   Thumb Code    62  sqrtf.o(i.sqrtf)
    __lowest_bit_bitmap                      0x08014a8c   Data         256  kservice.o(.constdata)
    reg                                      0x080151f8   Data          30  inv_mpu.o(.constdata)
    hw                                       0x08015216   Data          12  inv_mpu.o(.constdata)
    test                                     0x08015224   Data          40  inv_mpu.o(.constdata)
    __ctype_table                            0x0801629a   Data         129  ctype_o.o(.constdata)
    __fsym_list_mem_name                     0x08016769   Data           9  mem.o(.rodata.name)
    __fsym_list_mem_desc                     0x08016772   Data          30  mem.o(.rodata.name)
    __fsym___cmd_euler_name                  0x08016790   Data          12  dmp.o(.rodata.name)
    __fsym___cmd_euler_desc                  0x0801679c   Data          29  dmp.o(.rodata.name)
    __fsym_pinMode_name                      0x080167b9   Data           8  pin.o(.rodata.name)
    __fsym_pinMode_desc                      0x080167c1   Data          22  pin.o(.rodata.name)
    __fsym_pinWrite_name                     0x080167d7   Data           9  pin.o(.rodata.name)
    __fsym_pinWrite_desc                     0x080167e0   Data          28  pin.o(.rodata.name)
    __fsym_pinRead_name                      0x080167fc   Data           8  pin.o(.rodata.name)
    __fsym_pinRead_desc                      0x08016804   Data          30  pin.o(.rodata.name)
    __fsym_pwm_enable_name                   0x08016822   Data          11  rt_drv_pwm.o(.rodata.name)
    __fsym_pwm_enable_desc                   0x0801682d   Data          23  rt_drv_pwm.o(.rodata.name)
    __fsym_pwm_set_name                      0x08016844   Data           8  rt_drv_pwm.o(.rodata.name)
    __fsym_pwm_set_desc                      0x0801684c   Data           9  rt_drv_pwm.o(.rodata.name)
    __fsym___cmd_pwm_enable_name             0x08016855   Data          17  rt_drv_pwm.o(.rodata.name)
    __fsym___cmd_pwm_enable_desc             0x08016866   Data          18  rt_drv_pwm.o(.rodata.name)
    __fsym___cmd_pwm_disable_name            0x08016878   Data          18  rt_drv_pwm.o(.rodata.name)
    __fsym___cmd_pwm_disable_desc            0x0801688a   Data          19  rt_drv_pwm.o(.rodata.name)
    __fsym___cmd_pwm_set_name                0x0801689d   Data          14  rt_drv_pwm.o(.rodata.name)
    __fsym___cmd_pwm_set_desc                0x080168ab   Data          17  rt_drv_pwm.o(.rodata.name)
    __fsym_hello_name                        0x080168bc   Data           6  cmd.o(.rodata.name)
    __fsym_hello_desc                        0x080168c2   Data          16  cmd.o(.rodata.name)
    __fsym_version_name                      0x080168d2   Data           8  cmd.o(.rodata.name)
    __fsym_version_desc                      0x080168da   Data          35  cmd.o(.rodata.name)
    __fsym___cmd_version_name                0x080168fd   Data          14  cmd.o(.rodata.name)
    __fsym___cmd_version_desc                0x0801690b   Data          35  cmd.o(.rodata.name)
    __fsym_list_thread_name                  0x0801692e   Data          12  cmd.o(.rodata.name)
    __fsym_list_thread_desc                  0x0801693a   Data          12  cmd.o(.rodata.name)
    __fsym___cmd_list_thread_name            0x08016946   Data          18  cmd.o(.rodata.name)
    __fsym___cmd_list_thread_desc            0x08016958   Data          12  cmd.o(.rodata.name)
    __fsym_list_sem_name                     0x08016964   Data           9  cmd.o(.rodata.name)
    __fsym_list_sem_desc                     0x0801696d   Data          25  cmd.o(.rodata.name)
    __fsym___cmd_list_sem_name               0x08016986   Data          15  cmd.o(.rodata.name)
    __fsym___cmd_list_sem_desc               0x08016995   Data          25  cmd.o(.rodata.name)
    __fsym_list_event_name                   0x080169ae   Data          11  cmd.o(.rodata.name)
    __fsym_list_event_desc                   0x080169b9   Data          21  cmd.o(.rodata.name)
    __fsym___cmd_list_event_name             0x080169ce   Data          17  cmd.o(.rodata.name)
    __fsym___cmd_list_event_desc             0x080169df   Data          21  cmd.o(.rodata.name)
    __fsym_list_mutex_name                   0x080169f4   Data          11  cmd.o(.rodata.name)
    __fsym_list_mutex_desc                   0x080169ff   Data          21  cmd.o(.rodata.name)
    __fsym___cmd_list_mutex_name             0x08016a14   Data          17  cmd.o(.rodata.name)
    __fsym___cmd_list_mutex_desc             0x08016a25   Data          21  cmd.o(.rodata.name)
    __fsym_list_mailbox_name                 0x08016a3a   Data          13  cmd.o(.rodata.name)
    __fsym_list_mailbox_desc                 0x08016a47   Data          24  cmd.o(.rodata.name)
    __fsym___cmd_list_mailbox_name           0x08016a5f   Data          19  cmd.o(.rodata.name)
    __fsym___cmd_list_mailbox_desc           0x08016a72   Data          24  cmd.o(.rodata.name)
    __fsym_list_msgqueue_name                0x08016a8a   Data          14  cmd.o(.rodata.name)
    __fsym_list_msgqueue_desc                0x08016a98   Data          29  cmd.o(.rodata.name)
    __fsym___cmd_list_msgqueue_name          0x08016ab5   Data          20  cmd.o(.rodata.name)
    __fsym___cmd_list_msgqueue_desc          0x08016ac9   Data          29  cmd.o(.rodata.name)
    __fsym_list_mempool_name                 0x08016ae6   Data          13  cmd.o(.rodata.name)
    __fsym_list_mempool_desc                 0x08016af3   Data          27  cmd.o(.rodata.name)
    __fsym___cmd_list_mempool_name           0x08016b0e   Data          19  cmd.o(.rodata.name)
    __fsym___cmd_list_mempool_desc           0x08016b21   Data          27  cmd.o(.rodata.name)
    __fsym_list_timer_name                   0x08016b3c   Data          11  cmd.o(.rodata.name)
    __fsym_list_timer_desc                   0x08016b47   Data          21  cmd.o(.rodata.name)
    __fsym___cmd_list_timer_name             0x08016b5c   Data          17  cmd.o(.rodata.name)
    __fsym___cmd_list_timer_desc             0x08016b6d   Data          21  cmd.o(.rodata.name)
    __fsym_list_device_name                  0x08016b82   Data          12  cmd.o(.rodata.name)
    __fsym_list_device_desc                  0x08016b8e   Data          22  cmd.o(.rodata.name)
    __fsym___cmd_list_device_name            0x08016ba4   Data          18  cmd.o(.rodata.name)
    __fsym___cmd_list_device_desc            0x08016bb6   Data          22  cmd.o(.rodata.name)
    __fsym_list_name                         0x08016bcc   Data           5  cmd.o(.rodata.name)
    __fsym_list_desc                         0x08016bd1   Data          26  cmd.o(.rodata.name)
    __fsym___cmd_help_name                   0x08016beb   Data          11  msh.o(.rodata.name)
    __fsym___cmd_help_desc                   0x08016bf6   Data          22  msh.o(.rodata.name)
    __fsym___cmd_ps_name                     0x08016c0c   Data           9  msh_cmd.o(.rodata.name)
    __fsym___cmd_ps_desc                     0x08016c15   Data          28  msh_cmd.o(.rodata.name)
    __fsym___cmd_time_name                   0x08016c31   Data          11  msh_cmd.o(.rodata.name)
    __fsym___cmd_time_desc                   0x08016c3c   Data          27  msh_cmd.o(.rodata.name)
    __fsym___cmd_free_name                   0x08016c57   Data          11  msh_cmd.o(.rodata.name)
    __fsym___cmd_free_desc                   0x08016c62   Data          37  msh_cmd.o(.rodata.name)
    __rt_init_rti_start                      0x08016c88   Data           4  components.o(.rti_fn.0)
    __rt_init_rti_board_start                0x08016c8c   Data           4  components.o(.rti_fn.0.end)
    __rt_init_stm32_hw_usart_init            0x08016c90   Data           4  usart.o(.rti_fn.1)
    __rt_init_stm32_hw_pin_init              0x08016c94   Data           4  gpio.o(.rti_fn.1)
    __rt_init_stm32_hwtimer_init             0x08016c98   Data           4  drv_hwtimer.o(.rti_fn.1)
    __rt_init_rti_board_end                  0x08016c9c   Data           4  components.o(.rti_fn.1.end)
    __rt_init_rt_i2c_core_init               0x08016ca0   Data           4  i2c_core.o(.rti_fn.4)
    __rt_init_finsh_system_init              0x08016ca4   Data           4  shell.o(.rti_fn.6)
    __rt_init_rti_end                        0x08016ca8   Data           4  components.o(.rti_fn.6.end)
    FSymTab$$Base                            0x08016cac   Number         0  mem.o(FSymTab)
    __fsym_list_mem                          0x08016cac   Data          12  mem.o(FSymTab)
    __fsym___cmd_euler                       0x08016cb8   Data          12  dmp.o(FSymTab)
    __fsym_pinMode                           0x08016cc4   Data          12  pin.o(FSymTab)
    __fsym_pinWrite                          0x08016cd0   Data          12  pin.o(FSymTab)
    __fsym_pinRead                           0x08016cdc   Data          12  pin.o(FSymTab)
    __fsym_pwm_enable                        0x08016ce8   Data          12  rt_drv_pwm.o(FSymTab)
    __fsym_pwm_set                           0x08016cf4   Data          12  rt_drv_pwm.o(FSymTab)
    __fsym___cmd_pwm_enable                  0x08016d00   Data          12  rt_drv_pwm.o(FSymTab)
    __fsym___cmd_pwm_disable                 0x08016d0c   Data          12  rt_drv_pwm.o(FSymTab)
    __fsym___cmd_pwm_set                     0x08016d18   Data          12  rt_drv_pwm.o(FSymTab)
    __fsym_hello                             0x08016d24   Data          12  cmd.o(FSymTab)
    __fsym_version                           0x08016d30   Data          12  cmd.o(FSymTab)
    __fsym___cmd_version                     0x08016d3c   Data          12  cmd.o(FSymTab)
    __fsym_list_thread                       0x08016d48   Data          12  cmd.o(FSymTab)
    __fsym___cmd_list_thread                 0x08016d54   Data          12  cmd.o(FSymTab)
    __fsym_list_sem                          0x08016d60   Data          12  cmd.o(FSymTab)
    __fsym___cmd_list_sem                    0x08016d6c   Data          12  cmd.o(FSymTab)
    __fsym_list_event                        0x08016d78   Data          12  cmd.o(FSymTab)
    __fsym___cmd_list_event                  0x08016d84   Data          12  cmd.o(FSymTab)
    __fsym_list_mutex                        0x08016d90   Data          12  cmd.o(FSymTab)
    __fsym___cmd_list_mutex                  0x08016d9c   Data          12  cmd.o(FSymTab)
    __fsym_list_mailbox                      0x08016da8   Data          12  cmd.o(FSymTab)
    __fsym___cmd_list_mailbox                0x08016db4   Data          12  cmd.o(FSymTab)
    __fsym_list_msgqueue                     0x08016dc0   Data          12  cmd.o(FSymTab)
    __fsym___cmd_list_msgqueue               0x08016dcc   Data          12  cmd.o(FSymTab)
    __fsym_list_mempool                      0x08016dd8   Data          12  cmd.o(FSymTab)
    __fsym___cmd_list_mempool                0x08016de4   Data          12  cmd.o(FSymTab)
    __fsym_list_timer                        0x08016df0   Data          12  cmd.o(FSymTab)
    __fsym___cmd_list_timer                  0x08016dfc   Data          12  cmd.o(FSymTab)
    __fsym_list_device                       0x08016e08   Data          12  cmd.o(FSymTab)
    __fsym___cmd_list_device                 0x08016e14   Data          12  cmd.o(FSymTab)
    __fsym_list                              0x08016e20   Data          12  cmd.o(FSymTab)
    __fsym___cmd_help                        0x08016e2c   Data          12  msh.o(FSymTab)
    __fsym___cmd_ps                          0x08016e38   Data          12  msh_cmd.o(FSymTab)
    __fsym___cmd_time                        0x08016e44   Data          12  msh_cmd.o(FSymTab)
    __fsym___cmd_free                        0x08016e50   Data          12  msh_cmd.o(FSymTab)
    FSymTab$$Limit                           0x08016e5c   Number         0  msh_cmd.o(FSymTab)
    Region$$Table$$Base                      0x08016e5c   Number         0  anon$$obj.o(Region$$Table)
    Region$$Table$$Limit                     0x08016e7c   Number         0  anon$$obj.o(Region$$Table)
    rt_interrupt_nest                        0x2000000c   Data           1  irq.o(.data)
    rt_assert_hook                           0x20000018   Data           4  kservice.o(.data)
    rt_object_trytake_hook                   0x200000d4   Data           4  object.o(.data)
    rt_object_take_hook                      0x200000d8   Data           4  object.o(.data)
    rt_object_put_hook                       0x200000dc   Data           4  object.o(.data)
    rt_thread_ready_priority_group           0x200000e0   Data           4  scheduler.o(.data)
    rt_current_thread                        0x200000e8   Data           4  scheduler.o(.data)
    rt_current_priority                      0x200000ec   Data           1  scheduler.o(.data)
    rt_thread_defunct                        0x200000f0   Data           8  scheduler.o(.data)
    uart1                                    0x2000011c   Data          32  usart.o(.data)
    i2c_bus                                  0x2000013c   Data           4  dmp.o(.data)
    SystemCoreClock                          0x20000180   Data           4  system_stm32f4xx.o(.data)
    AHBPrescTable                            0x20000184   Data          16  system_stm32f4xx.o(.data)
    rt_interrupt_from_thread                 0x200001a4   Data           4  cpuport.o(.data)
    rt_interrupt_to_thread                   0x200001a8   Data           4  cpuport.o(.data)
    rt_thread_switch_interrupt_flag          0x200001ac   Data           4  cpuport.o(.data)
    shell                                    0x200001b4   Data           4  shell.o(.data)
    _syscall_table_begin                     0x200001bc   Data           4  symbol.o(.data)
    _syscall_table_end                       0x200001c0   Data           4  symbol.o(.data)
    _sysvar_table_begin                      0x200001c4   Data           4  symbol.o(.data)
    _sysvar_table_end                        0x200001c8   Data           4  symbol.o(.data)
    rt_thread_priority_table                 0x20000700   Data         256  scheduler.o(.bss)
    serial1                                  0x20000800   Data          64  usart.o(.bss)
    el                                       0x20000910   Data          12  dmp.o(.bss)
    Image$$RW_IRAM1$$ZI$$Limit               0x20000de0   Number         0  anon$$obj.o ABSOLUTE
    __initial_sp                             0x20000de0   Data           0  startup_stm32f4xx.o(STACK)



==============================================================================

Memory Map of the image

  Image Entry point : 0x08000189

  Load Region LR_IROM1 (Base: 0x08000000, Size: 0x0001704c, Max: 0x00100000, ABSOLUTE, COMPRESSED[0x00016f0c])

    Execution Region ER_IROM1 (Base: 0x08000000, Size: 0x00016e7c, Max: 0x00100000, ABSOLUTE)

    Base Addr    Size         Type   Attr      Idx    E Section Name        Object

    0x08000000   0x00000188   Data   RO         1265    RESET               startup_stm32f4xx.o
    0x08000188   0x00000000   Code   RO         1692  * .ARM.Collect$$$$00000000  mc_w.l(entry.o)
    0x08000188   0x00000004   Code   RO         1749    .ARM.Collect$$$$00000001  mc_w.l(entry2.o)
    0x0800018c   0x00000004   Code   RO         1752    .ARM.Collect$$$$00000004  mc_w.l(entry5.o)
    0x08000190   0x00000000   Code   RO         1754    .ARM.Collect$$$$00000008  mc_w.l(entry7b.o)
    0x08000190   0x00000000   Code   RO         1756    .ARM.Collect$$$$0000000A  mc_w.l(entry8b.o)
    0x08000190   0x00000008   Code   RO         1757    .ARM.Collect$$$$0000000B  mc_w.l(entry9a.o)
    0x08000198   0x00000000   Code   RO         1759    .ARM.Collect$$$$0000000D  mc_w.l(entry10a.o)
    0x08000198   0x00000000   Code   RO         1761    .ARM.Collect$$$$0000000F  mc_w.l(entry11a.o)
    0x08000198   0x00000004   Code   RO         1750    .ARM.Collect$$$$00002712  mc_w.l(entry2.o)
    0x0800019c   0x00000088   Code   RO            1    .text               clock.o
    0x08000224   0x00000044   Code   RO           82    .text               components.o
    0x08000268   0x00000548   Code   RO          106    .text               device.o
    0x080007b0   0x000001fc   Code   RO          119    .text               idle.o
    0x080009ac   0x00001c08   Code   RO          138    .text               ipc.o
    0x080025b4   0x0000008c   Code   RO          156    .text               irq.o
    0x08002640   0x00000ad4   Code   RO          171    .text               kservice.o
    0x08003114   0x000008b8   Code   RO          191    .text               mem.o
    0x080039cc   0x00000374   Code   RO          246    .text               object.o
    0x08003d40   0x0000038c   Code   RO          265    .text               scheduler.o
    0x080040cc   0x000007e0   Code   RO          301    .text               thread.o
    0x080048ac   0x000005bc   Code   RO          321    .text               timer.o
    0x08004e68   0x0000009c   Code   RO          341    .text               application.o
    0x08004f04   0x000000cc   Code   RO          511    .text               startup.o
    0x08004fd0   0x000000b0   Code   RO          527    .text               board.o
    0x08005080   0x00000010   Code   RO          553    .text               stm32f4xx_it.o
    0x08005090   0x000004a0   Code   RO          569    .text               usart.o
    0x08005530   0x0000010c   Code   RO          595    .text               gpio.o
    0x0800563c   0x00000154   Code   RO          615    .text               drv_hwtimer.o
    0x08005790   0x00000100   Code   RO          639    .text               stm32_i2c.o
    0x08005890   0x000004f0   Code   RO          657    .text               dmp.o
    0x08005d80   0x00001f5c   Code   RO          689    .text               inv_mpu.o
    0x08007cdc   0x00000d94   Code   RO          722    .text               inv_mpu_dmp_motion_driver.o
    0x08008a70   0x00000210   Code   RO          744    .text               system_stm32f4xx.o
    0x08008c80   0x000001ec   Code   RO          766    .text               misc.o
    0x08008e6c   0x000013cc   Code   RO          942    .text               stm32f4xx_dma.o
    0x0800a238   0x00000916   Code   RO         1006    .text               stm32f4xx_gpio.o
    0x0800ab4e   0x00000002   PAD
    0x0800ab50   0x00000d7c   Code   RO         1118    .text               stm32f4xx_rcc.o
    0x0800b8cc   0x00003294   Code   RO         1216    .text               stm32f4xx_tim.o
    0x0800eb60   0x00000eb4   Code   RO         1232    .text               stm32f4xx_usart.o
    0x0800fa14   0x00000024   Code   RO         1266    .text               startup_stm32f4xx.o
    0x0800fa38   0x0000060c   Code   RO         1304    .text               cpuport.o
    0x08010044   0x00000134   Code   RO         1320    .text               context_rvds.o
    0x08010178   0x000004cc   Code   RO         1324    .text               hwtimer.o
    0x08010644   0x00000148   Code   RO         1338    .text               i2c_core.o
    0x0801078c   0x00000168   Code   RO         1354    .text               i2c_dev.o
    0x080108f4   0x00000460   Code   RO         1368    .text               i2c-bit-ops.o
    0x08010d54   0x00000238   Code   RO         1382    .text               pin.o
    0x08010f8c   0x000002b4   Code   RO         1400    .text               rt_drv_pwm.o
    0x08011240   0x00000c60   Code   RO         1424    .text               serial.o
    0x08011ea0   0x000001cc   Code   RO         1441    .text               completion.o
    0x0801206c   0x00000424   Code   RO         1457    .text               dataqueue.o
    0x08012490   0x000009c8   Code   RO         1554    .text               shell.o
    0x08012e58   0x00000d8c   Code   RO         1599    .text               cmd.o
    0x08013be4   0x00000368   Code   RO         1620    .text               msh.o
    0x08013f4c   0x00000022   Code   RO         1640    .text               msh_cmd.o
    0x08013f6e   0x00000062   Code   RO         1695    .text               mc_w.l(ldiv.o)
    0x08013fd0   0x00000024   Code   RO         1697    .text               mc_w.l(memcpya.o)
    0x08013ff4   0x00000024   Code   RO         1699    .text               mc_w.l(memseta.o)
    0x08014018   0x00000018   Code   RO         1701    .text               mc_w.l(strcat.o)
    0x08014030   0x00000018   Code   RO         1703    .text               mc_w.l(strncpy.o)
    0x08014048   0x0000000e   Code   RO         1705    .text               mc_w.l(strlen.o)
    0x08014056   0x0000001a   Code   RO         1707    .text               mc_w.l(memcmp.o)
    0x08014070   0x00000012   Code   RO         1709    .text               mc_w.l(strcpy.o)
    0x08014082   0x0000001e   Code   RO         1711    .text               mc_w.l(strncmp.o)
    0x080140a0   0x0000001a   Code   RO         1715    .text               mc_w.l(atoi.o)
    0x080140ba   0x00000026   Code   RO         1717    .text               mf_w.l(f2d.o)
    0x080140e0   0x00000030   Code   RO         1719    .text               mf_w.l(cdrcmple.o)
    0x08014110   0x00000062   Code   RO         1763    .text               mc_w.l(uldiv.o)
    0x08014172   0x00000070   Code   RO         1772    .text               mc_w.l(strtol.o)
    0x080141e2   0x00000000   Code   RO         1774    .text               mc_w.l(iusefp.o)
    0x080141e2   0x00000002   PAD
    0x080141e4   0x00000024   Code   RO         1775    .text               mc_w.l(init.o)
    0x08014208   0x0000001e   Code   RO         1777    .text               mc_w.l(llshl.o)
    0x08014226   0x00000020   Code   RO         1779    .text               mc_w.l(llushr.o)
    0x08014246   0x00000002   PAD
    0x08014248   0x00000008   Code   RO         1781    .text               mc_w.l(ctype_o.o)
    0x08014250   0x0000009e   Code   RO         1809    .text               mc_w.l(_strtoul.o)
    0x080142ee   0x0000001c   Code   RO         1811    .text               mc_w.l(_chval.o)
    0x0801430a   0x00000056   Code   RO         1821    .text               mc_w.l(__dczerorl2.o)
    0x08014360   0x00000026   Code   RO         1721    i.__ARM_fpclassifyf  m_wm.l(fpclassifyf.o)
    0x08014386   0x00000002   PAD
    0x08014388   0x00000008   Code   RO         1765    i.__aeabi_errno_addr  mc_w.l(errno.o)
    0x08014390   0x0000012c   Code   RO         1662    i.__hardfp_asinf    m_wm.l(asinf.o)
    0x080144bc   0x00000250   Code   RO         1674    i.__hardfp_atan2f   m_wm.l(atan2f.o)
    0x0801470c   0x00000014   Code   RO         1686    i.__hardfp_fabs     m_wm.l(fabs.o)
    0x08014720   0x00000006   Code   RO         1724    i.__mathlib_flt_infnan  m_wm.l(funder.o)
    0x08014726   0x00000006   Code   RO         1725    i.__mathlib_flt_infnan2  m_wm.l(funder.o)
    0x0801472c   0x00000010   Code   RO         1726    i.__mathlib_flt_invalid  m_wm.l(funder.o)
    0x0801473c   0x00000010   Code   RO         1729    i.__mathlib_flt_underflow  m_wm.l(funder.o)
    0x0801474c   0x0000000e   Code   RO         1815    i.__scatterload_copy  mc_w.l(handlers.o)
    0x0801475a   0x00000002   Code   RO         1816    i.__scatterload_null  mc_w.l(handlers.o)
    0x0801475c   0x0000000e   Code   RO         1817    i.__scatterload_zeroinit  mc_w.l(handlers.o)
    0x0801476a   0x00000002   PAD
    0x0801476c   0x0000000c   Code   RO         1767    i.__set_errno       mc_w.l(errno.o)
    0x08014778   0x0000003e   Code   RO         1739    i.sqrtf             m_wm.l(sqrtf.o)
    0x080147b6   0x000000c9   Data   RO          107    .constdata          device.o
    0x0801487f   0x00000016   Data   RO          121    .constdata          idle.o
    0x08014895   0x000001f7   Data   RO          139    .constdata          ipc.o
    0x08014a8c   0x00000122   Data   RO          173    .constdata          kservice.o
    0x08014bae   0x0000003c   Data   RO          193    .constdata          mem.o
    0x08014bea   0x00000080   Data   RO          247    .constdata          object.o
    0x08014c6a   0x0000004e   Data   RO          267    .constdata          scheduler.o
    0x08014cb8   0x000000b9   Data   RO          302    .constdata          thread.o
    0x08014d71   0x0000005c   Data   RO          322    .constdata          timer.o
    0x08014dcd   0x00000003   PAD
    0x08014dd0   0x0000005c   Data   RO          571    .constdata          usart.o
    0x08014e2c   0x00000378   Data   RO          596    .constdata          gpio.o
    0x080151a4   0x00000024   Data   RO          617    .constdata          drv_hwtimer.o
    0x080151c8   0x00000020   Data   RO          641    .constdata          stm32_i2c.o
    0x080151e8   0x0000000d   Data   RO          659    .constdata          dmp.o
    0x080151f5   0x00000003   PAD
    0x080151f8   0x00000054   Data   RO          690    .constdata          inv_mpu.o
    0x0801524c   0x00000bf6   Data   RO          724    .constdata          inv_mpu_dmp_motion_driver.o
    0x08015e42   0x00000013   Data   RO         1305    .constdata          cpuport.o
    0x08015e55   0x00000003   PAD
    0x08015e58   0x00000049   Data   RO         1325    .constdata          hwtimer.o
    0x08015ea1   0x00000013   Data   RO         1339    .constdata          i2c_core.o
    0x08015eb4   0x00000076   Data   RO         1355    .constdata          i2c_dev.o
    0x08015f2a   0x00000002   PAD
    0x08015f2c   0x0000000c   Data   RO         1369    .constdata          i2c-bit-ops.o
    0x08015f38   0x00000095   Data   RO         1384    .constdata          pin.o
    0x08015fcd   0x00000003   PAD
    0x08015fd0   0x00000018   Data   RO         1401    .constdata          rt_drv_pwm.o
    0x08015fe8   0x00000142   Data   RO         1425    .constdata          serial.o
    0x0801612a   0x00000039   Data   RO         1442    .constdata          completion.o
    0x08016163   0x0000004b   Data   RO         1458    .constdata          dataqueue.o
    0x080161ae   0x00000087   Data   RO         1556    .constdata          shell.o
    0x08016235   0x00000003   PAD
    0x08016238   0x00000054   Data   RO         1600    .constdata          cmd.o
    0x0801628c   0x0000000e   Data   RO         1621    .constdata          msh.o
    0x0801629a   0x00000081   Data   RO         1782    .constdata          mc_w.l(ctype_o.o)
    0x0801631b   0x00000001   PAD
    0x0801631c   0x00000004   Data   RO         1783    .constdata          mc_w.l(ctype_o.o)
    0x08016320   0x0000015a   Data   RO          140    .conststring        ipc.o
    0x0801647a   0x00000002   PAD
    0x0801647c   0x000000eb   Data   RO          194    .conststring        mem.o
    0x08016567   0x00000001   PAD
    0x08016568   0x00000042   Data   RO          303    .conststring        thread.o
    0x080165aa   0x00000002   PAD
    0x080165ac   0x0000004d   Data   RO          691    .conststring        inv_mpu.o
    0x080165f9   0x00000003   PAD
    0x080165fc   0x0000016d   Data   RO         1601    .conststring        cmd.o
    0x08016769   0x00000027   Data   RO          196    .rodata.name        mem.o
    0x08016790   0x00000029   Data   RO          661    .rodata.name        dmp.o
    0x080167b9   0x00000069   Data   RO         1385    .rodata.name        pin.o
    0x08016822   0x0000009a   Data   RO         1402    .rodata.name        rt_drv_pwm.o
    0x080168bc   0x0000032f   Data   RO         1602    .rodata.name        cmd.o
    0x08016beb   0x00000021   Data   RO         1622    .rodata.name        msh.o
    0x08016c0c   0x0000007b   Data   RO         1641    .rodata.name        msh_cmd.o
    0x08016c87   0x00000001   PAD
    0x08016c88   0x00000004   Data   RO           83    .rti_fn.0           components.o
    0x08016c8c   0x00000004   Data   RO           84    .rti_fn.0.end       components.o
    0x08016c90   0x00000004   Data   RO          573    .rti_fn.1           usart.o
    0x08016c94   0x00000004   Data   RO          597    .rti_fn.1           gpio.o
    0x08016c98   0x00000004   Data   RO          618    .rti_fn.1           drv_hwtimer.o
    0x08016c9c   0x00000004   Data   RO           85    .rti_fn.1.end       components.o
    0x08016ca0   0x00000004   Data   RO         1340    .rti_fn.4           i2c_core.o
    0x08016ca4   0x00000004   Data   RO         1558    .rti_fn.6           shell.o
    0x08016ca8   0x00000004   Data   RO           86    .rti_fn.6.end       components.o
    0x08016cac   0x0000000c   Data   RO          197    FSymTab             mem.o
    0x08016cb8   0x0000000c   Data   RO          662    FSymTab             dmp.o
    0x08016cc4   0x00000024   Data   RO         1386    FSymTab             pin.o
    0x08016ce8   0x0000003c   Data   RO         1403    FSymTab             rt_drv_pwm.o
    0x08016d24   0x00000108   Data   RO         1603    FSymTab             cmd.o
    0x08016e2c   0x0000000c   Data   RO         1623    FSymTab             msh.o
    0x08016e38   0x00000024   Data   RO         1642    FSymTab             msh_cmd.o
    0x08016e5c   0x00000020   Data   RO         1813    Region$$Table       anon$$obj.o


    Execution Region RW_IRAM1 (Base: 0x20000000, Size: 0x00000de0, Max: 0x00020000, ABSOLUTE, COMPRESSED[0x00000090])

    Base Addr    Size         Type   Attr      Idx    E Section Name        Object

    0x20000000   0x00000004   Data   RW            2    .data               clock.o
    0x20000004   0x00000009   Data   RW          157    .data               irq.o
    0x2000000d   0x00000003   PAD
    0x20000010   0x0000000c   Data   RW          174    .data               kservice.o
    0x2000001c   0x00000020   Data   RW          195    .data               mem.o
    0x2000003c   0x000000a4   Data   RW          248    .data               object.o
    0x200000e0   0x0000001c   Data   RW          268    .data               scheduler.o
    0x200000fc   0x0000000c   Data   RW          304    .data               thread.o
    0x20000108   0x00000014   Data   RW          323    .data               timer.o
    0x2000011c   0x00000020   Data   RW          572    .data               usart.o
    0x2000013c   0x00000015   Data   RW          660    .data               dmp.o
    0x20000151   0x00000003   PAD
    0x20000154   0x0000002c   Data   RW          692    .data               inv_mpu.o
    0x20000180   0x00000014   Data   RW          745    .data               system_stm32f4xx.o
    0x20000194   0x00000010   Data   RW         1119    .data               stm32f4xx_rcc.o
    0x200001a4   0x00000010   Data   RW         1306    .data               cpuport.o
    0x200001b4   0x00000008   Data   RW         1557    .data               shell.o
    0x200001bc   0x00000010   Data   RW         1583    .data               symbol.o
    0x200001cc   0x00000004   Data   RW         1768    .data               mc_w.l(errno.o)
    0x200001d0   0x00000490   Zero   RW          120    .bss                idle.o
    0x20000660   0x00000080   Zero   RW          172    .bss                kservice.o
    0x200006e0   0x00000020   Zero   RW          192    .bss                mem.o
    0x20000700   0x00000100   Zero   RW          266    .bss                scheduler.o
    0x20000800   0x00000040   Zero   RW          570    .bss                usart.o
    0x20000840   0x0000004c   Zero   RW          616    .bss                drv_hwtimer.o
    0x2000088c   0x00000064   Zero   RW          640    .bss                stm32_i2c.o
    0x200008f0   0x0000002c   Zero   RW          658    .bss                dmp.o
    0x2000091c   0x00000010   Zero   RW          723    .bss                inv_mpu_dmp_motion_driver.o
    0x2000092c   0x00000030   Zero   RW         1383    .bss                pin.o
    0x2000095c   0x00000081   Zero   RW         1555    .bss                shell.o
    0x200009dd   0x00000003   PAD
    0x200009e0   0x00000400   Zero   RW         1263    STACK               startup_stm32f4xx.o


==============================================================================

Image component sizes


      Code (inc. data)   RO Data    RW Data    ZI Data      Debug   Object Name

       156         60          0          0          0     276767   application.o
       176         18          0          0          0      19311   board.o
       136          6          0          4          0      17546   clock.o
      3468       1218       1528          0          0      15556   cmd.o
       460        128         57          0          0       4879   completion.o
        68         12         16          0          0       1824   components.o
       308         26          0          0          0        856   context_rvds.o
      1548        738         19         16          0       5079   cpuport.o
      1060        116         75          0          0       4941   dataqueue.o
      1352        312        201          0          0       5774   device.o
      1264        110         66         21         44       6318   dmp.o
       340         22         40          0         76       2924   drv_hwtimer.o
       268         12        892          0          0       2656   gpio.o
      1228         90         73          0          0       4755   hwtimer.o
      1120          6         12          0          0       6473   i2c-bit-ops.o
       328         36         23          0          0       3288   i2c_core.o
       360         58        118          0          0       2720   i2c_dev.o
       508         78         22          0       1168       5684   idle.o
      8028        200        161         44          0      22224   inv_mpu.o
      3476        144       3062          0         16      15519   inv_mpu_dmp_motion_driver.o
      7176       1040        849          0          0      22447   ipc.o
       140         14          0          9          0       1904   irq.o
      2772        236        290         12        128      12580   kservice.o
      2232        634        346         32         32       5519   mem.o
       492         74          0          0          0       2125   misc.o
       872        136         59          0          0       4424   msh.o
        34          0        159          0          0       2375   msh_cmd.o
       884        184        128        164          0       8475   object.o
       568         84        290          0         48       5086   pin.o
       692         64        238          0          0       6054   rt_drv_pwm.o
       908        150         78         28        256       7157   scheduler.o
      3168        390        322          0          0       9981   serial.o
      2504        260        139          8        129       6794   shell.o
       204         98          0          0          0       1294   startup.o
        36          8        392          0       1024        892   startup_stm32f4xx.o
       256         20         32          0        100       2241   stm32_i2c.o
      5068        352          0          0          0       9049   stm32f4xx_dma.o
      2326        132          0          0          0       5505   stm32f4xx_gpio.o
        16          0          0          0          0        832   stm32f4xx_it.o
      3452        262          0         16          0      13599   stm32f4xx_rcc.o
     12948        670          0          0          0      31296   stm32f4xx_tim.o
      3764        164          0          0          0      10176   stm32f4xx_usart.o
         0          0          0         16          0       5121   symbol.o
       528         46          0         20          0       2015   system_stm32f4xx.o
      2016        434        251         12          0      10529   thread.o
      1468        276         92         20          0       9103   timer.o
      1184        110         96         32         64      24733   usart.o

    ----------------------------------------------------------------------
     81362       9228      10184        460       3088     646400   Object Totals
         0          0         32          0          0          0   (incl. Generated)
         2          0         26          6          3          0   (incl. Padding)

    ----------------------------------------------------------------------

      Code (inc. data)   RO Data    RW Data    ZI Data      Debug   Library Member Name

       300         42          0          0          0        176   asinf.o
       592         90          0          0          0        184   atan2f.o
        20          0          0          0          0        124   fabs.o
        38          0          0          0          0        116   fpclassifyf.o
        44         12          0          0          0        464   funder.o
        62          0          0          0          0        136   sqrtf.o
        86          0          0          0          0          0   __dczerorl2.o
        28          0          0          0          0         68   _chval.o
       158          0          0          0          0         92   _strtoul.o
        26          0          0          0          0         80   atoi.o
         8          4        133          0          0         68   ctype_o.o
         0          0          0          0          0          0   entry.o
         0          0          0          0          0          0   entry10a.o
         0          0          0          0          0          0   entry11a.o
         8          4          0          0          0          0   entry2.o
         4          0          0          0          0          0   entry5.o
         0          0          0          0          0          0   entry7b.o
         0          0          0          0          0          0   entry8b.o
         8          4          0          0          0          0   entry9a.o
        20         10          0          4          0        136   errno.o
        30          0          0          0          0          0   handlers.o
        36          8          0          0          0         68   init.o
         0          0          0          0          0          0   iusefp.o
        98          0          0          0          0         84   ldiv.o
        30          0          0          0          0         68   llshl.o
        32          0          0          0          0         68   llushr.o
        26          0          0          0          0         80   memcmp.o
        36          0          0          0          0         68   memcpya.o
        36          0          0          0          0        108   memseta.o
        24          0          0          0          0         68   strcat.o
        18          0          0          0          0         68   strcpy.o
        14          0          0          0          0         68   strlen.o
        30          0          0          0          0         80   strncmp.o
        24          0          0          0          0         76   strncpy.o
       112          0          0          0          0         88   strtol.o
        98          0          0          0          0         92   uldiv.o
        48          0          0          0          0         68   cdrcmple.o
        38          0          0          0          0         68   f2d.o

    ----------------------------------------------------------------------
      2140        174        134          4          0       2864   Library Totals
         8          0          1          0          0          0   (incl. Padding)

    ----------------------------------------------------------------------

      Code (inc. data)   RO Data    RW Data    ZI Data      Debug   Library Name

      1056        144          0          0          0       1200   m_wm.l
       990         30        133          4          0       1528   mc_w.l
        86          0          0          0          0        136   mf_w.l

    ----------------------------------------------------------------------
      2140        174        134          4          0       2864   Library Totals

    ----------------------------------------------------------------------

==============================================================================


      Code (inc. data)   RO Data    RW Data    ZI Data      Debug   

     83502       9402      10318        464       3088     639916   Grand Totals
     83502       9402      10318        144       3088     639916   ELF Image Totals (compressed)
     83502       9402      10318        144          0          0   ROM Totals

==============================================================================

    Total RO  Size (Code + RO Data)                93820 (  91.62kB)
    Total RW  Size (RW Data + ZI Data)              3552 (   3.47kB)
    Total ROM Size (Code + RO Data + RW Data)      93964 (  91.76kB)

==============================================================================

